Component: ARM Compiler 5.06 update 7 (build 960) Tool: armlink [4d3601]

==============================================================================

Section Cross References

    startup_stm32f030xc.o(STACK) refers (Special) to heapauxi.o(.text) for __use_two_region_memory
    startup_stm32f030xc.o(HEAP) refers (Special) to heapauxi.o(.text) for __use_two_region_memory
    startup_stm32f030xc.o(RESET) refers (Special) to heapauxi.o(.text) for __use_two_region_memory
    startup_stm32f030xc.o(RESET) refers to startup_stm32f030xc.o(STACK) for __initial_sp
    startup_stm32f030xc.o(RESET) refers to startup_stm32f030xc.o(.text) for Reset_Handler
    startup_stm32f030xc.o(RESET) refers to stm32f0xx_it.o(i.NMI_Handler) for NMI_Handler
    startup_stm32f030xc.o(RESET) refers to stm32f0xx_it.o(i.HardFault_Handler) for HardFault_Handler
    startup_stm32f030xc.o(RESET) refers to port.o(i.SVC_Handler) for SVC_Handler
    startup_stm32f030xc.o(RESET) refers to port.o(.emb_text) for PendSV_Handler
    startup_stm32f030xc.o(RESET) refers to port.o(i.SysTick_Handler) for SysTick_Handler
    startup_stm32f030xc.o(RESET) refers to stm32f0xx_it.o(i.DMA1_Channel1_IRQHandler) for DMA1_Channel1_IRQHandler
    startup_stm32f030xc.o(RESET) refers to stm32f0xx_it.o(i.TIM16_IRQHandler) for TIM16_IRQHandler
    startup_stm32f030xc.o(RESET) refers to stm32f0xx_it.o(i.USART1_IRQHandler) for USART1_IRQHandler
    startup_stm32f030xc.o(RESET) refers to stm32f0xx_it.o(i.USART3_6_IRQHandler) for USART3_6_IRQHandler
    startup_stm32f030xc.o(.text) refers (Special) to heapauxi.o(.text) for __use_two_region_memory
    startup_stm32f030xc.o(.text) refers to system_stm32f0xx.o(i.SystemInit) for SystemInit
    startup_stm32f030xc.o(.text) refers to __main.o(!!!main) for __main
    startup_stm32f030xc.o(.text) refers to startup_stm32f030xc.o(HEAP) for Heap_Mem
    startup_stm32f030xc.o(.text) refers to startup_stm32f030xc.o(STACK) for Stack_Mem
    main.o(i.HAL_TIM_PeriodElapsedCallback) refers to stm32f0xx_hal.o(i.HAL_IncTick) for HAL_IncTick
    main.o(i.SystemClock_Config) refers to rt_memclr.o(.text) for __aeabi_memclr4
    main.o(i.SystemClock_Config) refers to stm32f0xx_hal_rcc.o(i.HAL_RCC_OscConfig) for HAL_RCC_OscConfig
    main.o(i.SystemClock_Config) refers to stm32f0xx_hal_rcc.o(i.HAL_RCC_ClockConfig) for HAL_RCC_ClockConfig
    main.o(i.SystemClock_Config) refers to stm32f0xx_hal_rcc_ex.o(i.HAL_RCCEx_PeriphCLKConfig) for HAL_RCCEx_PeriphCLKConfig
    main.o(i.main) refers to stm32f0xx_hal.o(i.HAL_Init) for HAL_Init
    main.o(i.main) refers to main.o(i.SystemClock_Config) for SystemClock_Config
    main.o(i.main) refers to gpio.o(i.MX_GPIO_Init) for MX_GPIO_Init
    main.o(i.main) refers to dma.o(i.MX_DMA_Init) for MX_DMA_Init
    main.o(i.main) refers to usart.o(i.MX_USART1_UART_Init) for MX_USART1_UART_Init
    main.o(i.main) refers to adc.o(i.MX_ADC_Init) for MX_ADC_Init
    main.o(i.main) refers to i2c.o(i.MX_I2C1_Init) for MX_I2C1_Init
    main.o(i.main) refers to tim.o(i.MX_TIM3_Init) for MX_TIM3_Init
    main.o(i.main) refers to iwdg.o(i.MX_IWDG_Init) for MX_IWDG_Init
    main.o(i.main) refers to stm32f0xx_hal_gpio.o(i.HAL_GPIO_WritePin) for HAL_GPIO_WritePin
    main.o(i.main) refers to cmsis_os2.o(i.osKernelInitialize) for osKernelInitialize
    main.o(i.main) refers to freertos.o(i.MX_FREERTOS_Init) for MX_FREERTOS_Init
    main.o(i.main) refers to cmsis_os2.o(i.osKernelStart) for osKernelStart
    gpio.o(i.MX_GPIO_Init) refers to rt_memclr.o(.text) for __aeabi_memclr4
    gpio.o(i.MX_GPIO_Init) refers to stm32f0xx_hal_gpio.o(i.HAL_GPIO_WritePin) for HAL_GPIO_WritePin
    gpio.o(i.MX_GPIO_Init) refers to stm32f0xx_hal_gpio.o(i.HAL_GPIO_Init) for HAL_GPIO_Init
    freertos.o(i.AHT20Task) refers to queue.o(i.xQueueCreateMutex) for xQueueCreateMutex
    freertos.o(i.AHT20Task) refers to tasks.o(i.vTaskDelay) for vTaskDelay
    freertos.o(i.AHT20Task) refers to queue.o(i.xQueueSemaphoreTake) for xQueueSemaphoreTake
    freertos.o(i.AHT20Task) refers to stm32f0xx_hal_i2c.o(i.HAL_I2C_Master_Transmit) for HAL_I2C_Master_Transmit
    freertos.o(i.AHT20Task) refers to stm32f0xx_hal_i2c.o(i.HAL_I2C_Master_Receive) for HAL_I2C_Master_Receive
    freertos.o(i.AHT20Task) refers to queue.o(i.xQueueGenericSend) for xQueueGenericSend
    freertos.o(i.AHT20Task) refers to freertos.o(i.Calc_CRC8) for Calc_CRC8
    freertos.o(i.AHT20Task) refers to freertos.o(.data) for .data
    freertos.o(i.AHT20Task) refers to i2c.o(.bss) for hi2c1
    freertos.o(i.MX_FREERTOS_Init) refers to cmsis_os2.o(i.osThreadNew) for osThreadNew
    freertos.o(i.MX_FREERTOS_Init) refers to freertos.o(.constdata) for .constdata
    freertos.o(i.MX_FREERTOS_Init) refers to freertos.o(i.StartDefaultTask) for StartDefaultTask
    freertos.o(i.MX_FREERTOS_Init) refers to freertos.o(.data) for .data
    freertos.o(i.MX_FREERTOS_Init) refers to freertos.o(i.AHT20Task) for AHT20Task
[...]
    i.vTaskDelete                            0x08005778   Section        0  tasks.o(i.vTaskDelete)
    i.vTaskInternalSetTimeOutState           0x080057f0   Section        0  tasks.o(i.vTaskInternalSetTimeOutState)
    i.vTaskMissedYield                       0x08005800   Section        0  tasks.o(i.vTaskMissedYield)
    i.vTaskPlaceOnEventList                  0x0800580c   Section        0  tasks.o(i.vTaskPlaceOnEventList)
    i.vTaskPlaceOnEventListRestricted        0x08005830   Section        0  tasks.o(i.vTaskPlaceOnEventListRestricted)
    i.vTaskPriorityDisinheritAfterTimeout    0x08005860   Section        0  tasks.o(i.vTaskPriorityDisinheritAfterTimeout)
    i.vTaskStartScheduler                    0x080058d0   Section        0  tasks.o(i.vTaskStartScheduler)
    i.vTaskSuspendAll                        0x08005938   Section        0  tasks.o(i.vTaskSuspendAll)
    i.vTaskSwitchContext                     0x08005948   Section        0  tasks.o(i.vTaskSwitchContext)
    i.xPortStartScheduler                    0x080059a0   Section        0  port.o(i.xPortStartScheduler)
    i.xQueueCreateMutex                      0x080059f0   Section        0  queue.o(i.xQueueCreateMutex)
    i.xQueueGenericCreate                    0x08005a06   Section        0  queue.o(i.xQueueGenericCreate)
    i.xQueueGenericCreateStatic              0x08005a42   Section        0  queue.o(i.xQueueGenericCreateStatic)
    i.xQueueGenericReset                     0x08005a82   Section        0  queue.o(i.xQueueGenericReset)
    i.xQueueGenericSend                      0x08005aee   Section        0  queue.o(i.xQueueGenericSend)
    i.xQueueGenericSendFromISR               0x08005c06   Section        0  queue.o(i.xQueueGenericSendFromISR)
    i.xQueueGiveFromISR                      0x08005c92   Section        0  queue.o(i.xQueueGiveFromISR)
    i.xQueueReceive                          0x08005d06   Section        0  queue.o(i.xQueueReceive)
    i.xQueueSemaphoreTake                    0x08005e08   Section        0  queue.o(i.xQueueSemaphoreTake)
    i.xTaskCheckForTimeOut                   0x08005f48   Section        0  tasks.o(i.xTaskCheckForTimeOut)
    i.xTaskCreate                            0x08005fa4   Section        0  tasks.o(i.xTaskCreate)
    i.xTaskCreateStatic                      0x08005ff6   Section        0  tasks.o(i.xTaskCreateStatic)
    i.xTaskGetSchedulerState                 0x0800603c   Section        0  tasks.o(i.xTaskGetSchedulerState)
    i.xTaskGetTickCount                      0x0800605c   Section        0  tasks.o(i.xTaskGetTickCount)
    i.xTaskIncrementTick                     0x08006068   Section        0  tasks.o(i.xTaskIncrementTick)
    i.xTaskPriorityDisinherit                0x08006124   Section        0  tasks.o(i.xTaskPriorityDisinherit)
    i.xTaskPriorityInherit                   0x0800618c   Section        0  tasks.o(i.xTaskPriorityInherit)
    i.xTaskRemoveFromEventList               0x08006204   Section        0  tasks.o(i.xTaskRemoveFromEventList)
    i.xTaskResumeAll                         0x08006268   Section        0  tasks.o(i.xTaskResumeAll)
    i.xTimerCreateTimerTask                  0x08006318   Section        0  timers.o(i.xTimerCreateTimerTask)
    i.xTimerGenericCommand                   0x08006370   Section        0  timers.o(i.xTimerGenericCommand)
    .constdata                               0x080063c4   Section       36  freertos.o(.constdata)
    .constdata                               0x080063e8   Section       32  stm32f0xx_hal_rcc.o(.constdata)
    aPLLMULFactorTable                       0x080063e8   Data          16  stm32f0xx_hal_rcc.o(.constdata)
    aPredivFactorTable                       0x080063f8   Data          16  stm32f0xx_hal_rcc.o(.constdata)
    .constdata                               0x08006408   Section       16  system_stm32f0xx.o(.constdata)
    .constdata                               0x08006418   Section        8  system_stm32f0xx.o(.constdata)
    .constdata                               0x08006420   Section      592  modbus-st-rtu.o(.constdata)
    table_crc_hi                             0x08006420   Data         256  modbus-st-rtu.o(.constdata)
    table_crc_lo                             0x08006520   Data         256  modbus-st-rtu.o(.constdata)
    .conststring                             0x08006670   Section       12  freertos.o(.conststring)
    .conststring                             0x0800667c   Section        6  uart_device.o(.conststring)
    .conststring                             0x08006684   Section      157  modbus.o(.conststring)
    .data                                    0x20000000   Section       20  freertos.o(.data)
    beep_flag                                0x20000000   Data           1  freertos.o(.data)
    gas_flag                                 0x20000001   Data           1  freertos.o(.data)
    beep_status                              0x20000002   Data           1  freertos.o(.data)
    g_temp                                   0x2000000c   Data           4  freertos.o(.data)
    g_humi                                   0x20000010   Data           4  freertos.o(.data)
    .data                                    0x20000014   Section       12  stm32f0xx_hal.o(.data)
    .data                                    0x20000020   Section        4  system_stm32f0xx.o(.data)
    .data                                    0x20000024   Section       60  tasks.o(.data)
    pxDelayedTaskList                        0x20000028   Data           4  tasks.o(.data)
    pxOverflowDelayedTaskList                0x2000002c   Data           4  tasks.o(.data)
    uxDeletedTasksWaitingCleanUp             0x20000030   Data           4  tasks.o(.data)
    uxCurrentNumberOfTasks                   0x20000034   Data           4  tasks.o(.data)
    xTickCount                               0x20000038   Data           4  tasks.o(.data)
    uxTopReadyPriority                       0x2000003c   Data           4  tasks.o(.data)
    xSchedulerRunning                        0x20000040   Data           4  tasks.o(.data)
    uxPendedTicks                            0x20000044   Data           4  tasks.o(.data)
    xYieldPending                            0x20000048   Data           4  tasks.o(.data)
    xNumOfOverflows                          0x2000004c   Data           4  tasks.o(.data)
    uxTaskNumber                             0x20000050   Data           4  tasks.o(.data)
    xNextTaskUnblockTime                     0x20000054   Data           4  tasks.o(.data)
    xIdleTaskHandle                          0x20000058   Data           4  tasks.o(.data)
    uxSchedulerSuspended                     0x2000005c   Data           4  tasks.o(.data)
    .data                                    0x20000060   Section       20  timers.o(.data)
    pxCurrentTimerList                       0x20000060   Data           4  timers.o(.data)
    pxOverflowTimerList                      0x20000064   Data           4  timers.o(.data)
    xTimerQueue                              0x20000068   Data           4  timers.o(.data)
    xTimerTaskHandle                         0x2000006c   Data           4  timers.o(.data)
    xLastTime                                0x20000070   Data           4  timers.o(.data)
    .data                                    0x20000074   Section        4  cmsis_os2.o(.data)
    KernelState                              0x20000074   Data           4  cmsis_os2.o(.data)
    .data                                    0x20000078   Section       24  heap_4.o(.data)
    pxEnd                                    0x20000078   Data           4  heap_4.o(.data)
    xFreeBytesRemaining                      0x2000007c   Data           4  heap_4.o(.data)
    xMinimumEverFreeBytesRemaining           0x20000080   Data           4  heap_4.o(.data)
    xBlockAllocatedBit                       0x20000084   Data           4  heap_4.o(.data)
    xStart                                   0x20000088   Data           8  heap_4.o(.data)
    .data                                    0x20000090   Section        4  port.o(.data)
    uxCriticalNesting                        0x20000090   Data           4  port.o(.data)
    .data                                    0x20000094   Section       24  uart_device.o(.data)
    g_uart1_data                             0x20000094   Data          24  uart_device.o(.data)
    .data                                    0x200000ac   Section       28  uart_device.o(.data)
    g_uart_devices                           0x200000ac   Data           4  uart_device.o(.data)
    .data                                    0x200000c8   Section        4  errno.o(.data)
    .bss                                     0x200000cc   Section       64  adc.o(.bss)
    .bss                                     0x2000010c   Section       84  i2c.o(.bss)
    .bss                                     0x20000160   Section       16  iwdg.o(.bss)
    .bss                                     0x20000170   Section       72  tim.o(.bss)
    .bss                                     0x200001b8   Section      340  usart.o(.bss)
    .bss                                     0x2000030c   Section       72  stm32f0xx_hal_timebase_tim.o(.bss)
    .bss                                     0x20000354   Section       64  queue.o(.bss)
    .bss                                     0x20000394   Section     1220  tasks.o(.bss)
    pxReadyTasksLists                        0x20000394   Data        1120  tasks.o(.bss)
    xDelayedTaskList1                        0x200007f4   Data          20  tasks.o(.bss)
    xDelayedTaskList2                        0x20000808   Data          20  tasks.o(.bss)
    xPendingReadyList                        0x2000081c   Data          20  tasks.o(.bss)
    xTasksWaitingTermination                 0x20000830   Data          20  tasks.o(.bss)
    xSuspendedTaskList                       0x20000844   Data          20  tasks.o(.bss)
    .bss                                     0x20000858   Section      280  timers.o(.bss)
    xActiveTimerList1                        0x20000858   Data          20  timers.o(.bss)
    xActiveTimerList2                        0x2000086c   Data          20  timers.o(.bss)
    xStaticTimerQueue                        0x20000880   Data          80  timers.o(.bss)
    ucStaticTimerQueueStorage                0x200008d0   Data         160  timers.o(.bss)
    .bss                                     0x20000970   Section     3256  cmsis_os2.o(.bss)
    Idle_TCB                                 0x20000970   Data          92  cmsis_os2.o(.bss)
    Idle_Stack                               0x200009cc   Data        1024  cmsis_os2.o(.bss)
    Timer_TCB                                0x20000dcc   Data          92  cmsis_os2.o(.bss)
    Timer_Stack                              0x20000e28   Data        2048  cmsis_os2.o(.bss)
    .bss                                     0x20001628   Section     8192  heap_4.o(.bss)
    ucHeap                                   0x20001628   Data        8192  heap_4.o(.bss)
    .bss                                     0x20003628   Section       96  libspace.o(.bss)
    HEAP                                     0x20003688   Section     1024  startup_stm32f030xc.o(HEAP)
    Heap_Mem                                 0x20003688   Data        1024  startup_stm32f030xc.o(HEAP)
    STACK                                    0x20003a88   Section     2048  startup_stm32f030xc.o(STACK)
    Stack_Mem                                0x20003a88   Data        2048  startup_stm32f030xc.o(STACK)
    __initial_sp                             0x20004288   Data           0  startup_stm32f030xc.o(STACK)

    Global Symbols

    Symbol Name                              Value     Ov Type        Size  Object(Section)

    BuildAttributes$$THM_ISAv3M$S$PE$A:L22$X:L11$S22$IEEE1$IW$USESV6$~STKCKD$USESV7$~SHL$OSPACE$ROPI$EBA8$UX$STANDARDLIB$REQ8$PRES8$EABIv2 0x00000000   Number         0  anon$$obj.o ABSOLUTE
    __ARM_use_no_argv                        0x00000000   Number         0  main.o ABSOLUTE
    __ARM_exceptions_init                     - Undefined Weak Reference
    __alloca_initialize                       - Undefined Weak Reference
    __arm_fini_                               - Undefined Weak Reference
    __arm_preinit_                            - Undefined Weak Reference
    __cpp_initialize__aeabi_                  - Undefined Weak Reference
    __cxa_finalize                            - Undefined Weak Reference
    __rt_locale                               - Undefined Weak Reference
    __sigvec_lookup                           - Undefined Weak Reference
    _atexit_init                              - Undefined Weak Reference
    _call_atexit_fns                          - Undefined Weak Reference
    _clock_init                               - Undefined Weak Reference
    _fp_trap_init                             - Undefined Weak Reference
    _fp_trap_shutdown                         - Undefined Weak Reference
    _get_lc_collate                           - Undefined Weak Reference
    _get_lc_ctype                             - Undefined Weak Reference
    _get_lc_monetary                          - Undefined Weak Reference
    _get_lc_numeric                           - Undefined Weak Reference
    _get_lc_time                              - Undefined Weak Reference
    _getenv_init                              - Undefined Weak Reference
    _handle_redirection                       - Undefined Weak Reference
    _init_alloc                               - Undefined Weak Reference
    _init_user_alloc                          - Undefined Weak Reference
    _initio                                   - Undefined Weak Reference
    _rand_init                                - Undefined Weak Reference
    _signal_finish                            - Undefined Weak Reference
    _signal_init                              - Undefined Weak Reference
    _terminate_alloc                          - Undefined Weak Reference
    _terminate_user_alloc                     - Undefined Weak Reference
    _terminateio                              - Undefined Weak Reference
    __Vectors_Size                           0x000000b8   Number         0  startup_stm32f030xc.o ABSOLUTE
    __Vectors                                0x08000000   Data           4  startup_stm32f030xc.o(RESET)
    __Vectors_End                            0x080000b8   Data           0  startup_stm32f030xc.o(RESET)
    __main                                   0x080000b9   Thumb Code     8  __main.o(!!!main)
    __scatterload                            0x080000c1   Thumb Code     0  __scatter.o(!!!scatter)
    __scatterload_rt2                        0x080000c1   Thumb Code    52  __scatter.o(!!!scatter)
    __scatterload_rt2_thumb_only             0x080000c1   Thumb Code     0  __scatter.o(!!!scatter)
    __scatterload_null                       0x080000d1   Thumb Code     0  __scatter.o(!!!scatter)
    __scatterload_copy                       0x080000fd   Thumb Code    26  __scatter_copy.o(!!handler_copy)
    __scatterload_zeroinit                   0x08000119   Thumb Code    28  __scatter_zi.o(!!handler_zi)
    __rt_lib_init                            0x08000135   Thumb Code     0  libinit.o(.ARM.Collect$$libinit$$00000000)
    __rt_lib_init_alloca_1                   0x08000137   Thumb Code     0  libinit2.o(.ARM.Collect$$libinit$$0000002E)
    __rt_lib_init_argv_1                     0x08000137   Thumb Code     0  libinit2.o(.ARM.Collect$$libinit$$0000002C)
    __rt_lib_init_atexit_1                   0x08000137   Thumb Code     0  libinit2.o(.ARM.Collect$$libinit$$0000001B)
    __rt_lib_init_clock_1                    0x08000137   Thumb Code     0  libinit2.o(.ARM.Collect$$libinit$$00000021)
    __rt_lib_init_cpp_1                      0x08000137   Thumb Code     0  libinit2.o(.ARM.Collect$$libinit$$00000032)
    __rt_lib_init_exceptions_1               0x08000137   Thumb Code     0  libinit2.o(.ARM.Collect$$libinit$$00000030)
    __rt_lib_init_fp_1                       0x08000137   Thumb Code     0  libinit2.o(.ARM.Collect$$libinit$$00000002)
    __rt_lib_init_fp_trap_1                  0x08000137   Thumb Code     0  libinit2.o(.ARM.Collect$$libinit$$0000001F)
    __rt_lib_init_getenv_1                   0x08000137   Thumb Code     0  libinit2.o(.ARM.Collect$$libinit$$00000023)
    __rt_lib_init_heap_1                     0x08000137   Thumb Code     0  libinit2.o(.ARM.Collect$$libinit$$0000000A)
    __rt_lib_init_lc_collate_1               0x08000137   Thumb Code     0  libinit2.o(.ARM.Collect$$libinit$$00000011)
    __rt_lib_init_lc_ctype_1                 0x08000137   Thumb Code     0  libinit2.o(.ARM.Collect$$libinit$$00000013)
    __rt_lib_init_lc_monetary_1              0x08000137   Thumb Code     0  libinit2.o(.ARM.Collect$$libinit$$00000015)
    __rt_lib_init_lc_numeric_1               0x08000137   Thumb Code     0  libinit2.o(.ARM.Collect$$libinit$$00000017)
    __rt_lib_init_lc_time_1                  0x08000137   Thumb Code     0  libinit2.o(.ARM.Collect$$libinit$$00000019)
    __rt_lib_init_preinit_1                  0x08000137   Thumb Code     0  libinit2.o(.ARM.Collect$$libinit$$00000004)
    __rt_lib_init_rand_1                     0x08000137   Thumb Code     0  libinit2.o(.ARM.Collect$$libinit$$0000000E)
    __rt_lib_init_return                     0x08000137   Thumb Code     0  libinit2.o(.ARM.Collect$$libinit$$00000033)
    __rt_lib_init_signal_1                   0x08000137   Thumb Code     0  libinit2.o(.ARM.Collect$$libinit$$0000001D)
    __rt_lib_init_stdio_1                    0x08000137   Thumb Code     0  libinit2.o(.ARM.Collect$$libinit$$00000025)
    __rt_lib_init_user_alloc_1               0x08000137   Thumb Code     0  libinit2.o(.ARM.Collect$$libinit$$0000000C)
    __rt_lib_shutdown                        0x08000139   Thumb Code     0  libshutdown.o(.ARM.Collect$$libshutdown$$00000000)
    __rt_lib_shutdown_cpp_1                  0x0800013b   Thumb Code     0  libshutdown2.o(.ARM.Collect$$libshutdown$$00000004)
    __rt_lib_shutdown_fini_1                 0x0800013b   Thumb Code     0  libshutdown2.o(.ARM.Collect$$libshutdown$$00000002)
    __rt_lib_shutdown_fp_trap_1              0x0800013b   Thumb Code     0  libshutdown2.o(.ARM.Collect$$libshutdown$$00000009)
    __rt_lib_shutdown_heap_1                 0x0800013b   Thumb Code     0  libshutdown2.o(.ARM.Collect$$libshutdown$$00000011)
    __rt_lib_shutdown_return                 0x0800013b   Thumb Code     0  libshutdown2.o(.ARM.Collect$$libshutdown$$00000012)
    __rt_lib_shutdown_signal_1               0x0800013b   Thumb Code     0  libshutdown2.o(.ARM.Collect$$libshutdown$$0000000C)
    __rt_lib_shutdown_stdio_1                0x0800013b   Thumb Code     0  libshutdown2.o(.ARM.Collect$$libshutdown$$00000006)
    __rt_lib_shutdown_user_alloc_1           0x0800013b   Thumb Code     0  libshutdown2.o(.ARM.Collect$$libshutdown$$0000000E)
    __rt_entry                               0x0800013d   Thumb Code     0  __rtentry.o(.ARM.Collect$$rtentry$$00000000)
    __rt_entry_presh_1                       0x0800013d   Thumb Code     0  __rtentry2.o(.ARM.Collect$$rtentry$$00000002)
    __rt_entry_sh                            0x0800013d   Thumb Code     0  __rtentry4.o(.ARM.Collect$$rtentry$$00000004)
    __rt_entry_li                            0x08000143   Thumb Code     0  __rtentry2.o(.ARM.Collect$$rtentry$$0000000A)
    __rt_entry_postsh_1                      0x08000143   Thumb Code     0  __rtentry2.o(.ARM.Collect$$rtentry$$00000009)
    __rt_entry_main                          0x08000147   Thumb Code     0  __rtentry2.o(.ARM.Collect$$rtentry$$0000000D)
    __rt_entry_postli_1                      0x08000147   Thumb Code     0  __rtentry2.o(.ARM.Collect$$rtentry$$0000000C)
    __rt_exit                                0x0800014f   Thumb Code     0  rtexit.o(.ARM.Collect$$rtexit$$00000000)
    __rt_exit_ls                             0x08000151   Thumb Code     0  rtexit2.o(.ARM.Collect$$rtexit$$00000003)
    __rt_exit_prels_1                        0x08000151   Thumb Code     0  rtexit2.o(.ARM.Collect$$rtexit$$00000002)
    __rt_exit_exit                           0x08000155   Thumb Code     0  rtexit2.o(.ARM.Collect$$rtexit$$00000004)
    __asm___6_port_c_39a90d8d__prvPortStartFirstTask 0x0800015d   Thumb Code    36  port.o(.emb_text)
    ulSetInterruptMaskFromISR                0x08000185   Thumb Code     8  port.o(.emb_text)
    vClearInterruptMaskFromISR               0x0800018d   Thumb Code     6  port.o(.emb_text)
    PendSV_Handler                           0x08000193   Thumb Code    62  port.o(.emb_text)
    __aeabi_memcpy4                          0x080001d5   Thumb Code    56  rt_memcpy.o(.emb_text)
    __aeabi_memcpy8                          0x080001d5   Thumb Code     0  rt_memcpy.o(.emb_text)
    Reset_Handler                            0x0800020d   Thumb Code     8  startup_stm32f030xc.o(.text)
    ADC1_IRQHandler                          0x0800021f   Thumb Code     0  startup_stm32f030xc.o(.text)
    DMA1_Channel2_3_IRQHandler               0x0800021f   Thumb Code     0  startup_stm32f030xc.o(.text)
    DMA1_Channel4_5_IRQHandler               0x0800021f   Thumb Code     0  startup_stm32f030xc.o(.text)
    EXTI0_1_IRQHandler                       0x0800021f   Thumb Code     0  startup_stm32f030xc.o(.text)
    EXTI2_3_IRQHandler                       0x0800021f   Thumb Code     0  startup_stm32f030xc.o(.text)
    EXTI4_15_IRQHandler                      0x0800021f   Thumb Code     0  startup_stm32f030xc.o(.text)
    FLASH_IRQHandler                         0x0800021f   Thumb Code     0  startup_stm32f030xc.o(.text)
    I2C1_IRQHandler                          0x0800021f   Thumb Code     0  startup_stm32f030xc.o(.text)
    I2C2_IRQHandler                          0x0800021f   Thumb Code     0  startup_stm32f030xc.o(.text)
    RCC_IRQHandler                           0x0800021f   Thumb Code     0  startup_stm32f030xc.o(.text)
    RTC_IRQHandler                           0x0800021f   Thumb Code     0  startup_stm32f030xc.o(.text)
    SPI1_IRQHandler                          0x0800021f   Thumb Code     0  startup_stm32f030xc.o(.text)
    SPI2_IRQHandler                          0x0800021f   Thumb Code     0  startup_stm32f030xc.o(.text)
    TIM14_IRQHandler                         0x0800021f   Thumb Code     0  startup_stm32f030xc.o(.text)
    TIM15_IRQHandler                         0x0800021f   Thumb Code     0  startup_stm32f030xc.o(.text)
    TIM17_IRQHandler                         0x0800021f   Thumb Code     0  startup_stm32f030xc.o(.text)
    TIM1_BRK_UP_TRG_COM_IRQHandler           0x0800021f   Thumb Code     0  startup_stm32f030xc.o(.text)
    TIM1_CC_IRQHandler                       0x0800021f   Thumb Code     0  startup_stm32f030xc.o(.text)
    TIM3_IRQHandler                          0x0800021f   Thumb Code     0  startup_stm32f030xc.o(.text)
    TIM6_IRQHandler                          0x0800021f   Thumb Code     0  startup_stm32f030xc.o(.text)
    TIM7_IRQHandler                          0x0800021f   Thumb Code     0  startup_stm32f030xc.o(.text)
    USART2_IRQHandler                        0x0800021f   Thumb Code     0  startup_stm32f030xc.o(.text)
    WWDG_IRQHandler                          0x0800021f   Thumb Code     0  startup_stm32f030xc.o(.text)
    __user_initial_stackheap                 0x08000221   Thumb Code     0  startup_stm32f030xc.o(.text)
    __aeabi_uldivmod                         0x08000245   Thumb Code   258  lludiv.o(.text)
    _ll_udiv                                 0x08000245   Thumb Code     0  lludiv.o(.text)
    abort                                    0x08000347   Thumb Code    20  abort.o(.text)
    strcpy                                   0x0800035d   Thumb Code    70  strcpy.o(.text)
    strlen                                   0x080003a9   Thumb Code    62  strlen.o(.text)
    __aeabi_memcpy                           0x080003ed   Thumb Code   130  rt_memcpy.o(.text)
    __rt_memcpy                              0x080003ed   Thumb Code     0  rt_memcpy.o(.text)
    __aeabi_memset                           0x0800046f   Thumb Code    18  aeabi_memset.o(.text)
    _memset_w                                0x08000481   Thumb Code    26  rt_memclr.o(.text)
    _memset                                  0x0800049b   Thumb Code    30  rt_memclr.o(.text)
    __aeabi_memclr                           0x080004b9   Thumb Code     4  rt_memclr.o(.text)
    __rt_memclr                              0x080004b9   Thumb Code     0  rt_memclr.o(.text)
    __aeabi_memclr4                          0x080004bd   Thumb Code     0  rt_memclr.o(.text)
    __aeabi_memclr8                          0x080004bd   Thumb Code     0  rt_memclr.o(.text)
    __rt_memclr_w                            0x080004bd   Thumb Code     4  rt_memclr.o(.text)
    strcmp                                   0x080004c1   Thumb Code   132  strcmp.o(.text)
    __aeabi_uidiv                            0x08000549   Thumb Code     0  aeabi_sdiv.o(.text)
    __aeabi_uidivmod                         0x08000549   Thumb Code    20  aeabi_sdiv.o(.text)
    __aeabi_idiv                             0x0800055d   Thumb Code     0  aeabi_sdiv.o(.text)
    __aeabi_idivmod                          0x0800055d   Thumb Code   326  aeabi_sdiv.o(.text)
    __use_two_region_memory                  0x080006a3   Thumb Code     2  heapauxi.o(.text)
    __rt_heap_escrow$2region                 0x080006a5   Thumb Code     2  heapauxi.o(.text)
    __rt_heap_expand$2region                 0x080006a7   Thumb Code     2  heapauxi.o(.text)
    _sys_exit                                0x080006a9   Thumb Code     8  sys_exit.o(.text)
    __rt_SIGABRT                             0x080006b5   Thumb Code    12  defsig_abrt_outer.o(.text)
    __I$use$semihosting                      0x080006c1   Thumb Code     0  use_no_semi.o(.text)
    __use_no_semihosting_swi                 0x080006c1   Thumb Code     2  use_no_semi.o(.text)
    __semihosting_library_function           0x080006c3   Thumb Code     0  indicate_semi.o(.text)
    __sig_exit                               0x080006c3   Thumb Code    12  defsig_exit.o(.text)
    __rt_SIGABRT_inner                       0x080006d1   Thumb Code    14  defsig_abrt_inner.o(.text)
    __user_setup_stackheap                   0x08000701   Thumb Code    62  sys_stackheap_outer.o(.text)
    exit                                     0x0800073f   Thumb Code    16  exit.o(.text)
    __default_signal_display                 0x0800074f   Thumb Code    52  defsig_general.o(.text)
    _ttywrch                                 0x08000783   Thumb Code    12  sys_wrch.o(.text)
    __user_libspace                          0x08000791   Thumb Code     8  libspace.o(.text)
    __user_perproc_libspace                  0x08000791   Thumb Code     0  libspace.o(.text)
    __user_perthread_libspace                0x08000791   Thumb Code     0  libspace.o(.text)
    Calc_CRC8                                0x080008e5   Thumb Code    50  freertos.o(i.Calc_CRC8)
    DMA1_Channel1_IRQHandler                 0x08000919   Thumb Code    10  stm32f0xx_it.o(i.DMA1_Channel1_IRQHandler)
    Error_Handler                            0x0800094d   Thumb Code     4  main.o(i.Error_Handler)
    GetUARTDevice                            0x08000951   Thumb Code    24  uart_device.o(i.GetUARTDevice)
    HAL_ADCEx_Calibration_Start              0x0800096d   Thumb Code   184  stm32f0xx_hal_adc_ex.o(i.HAL_ADCEx_Calibration_Start)
    HAL_ADC_ConfigChannel                    0x08000a25   Thumb Code   254  stm32f0xx_hal_adc.o(i.HAL_ADC_ConfigChannel)
    HAL_ADC_GetValue                         0x08000b35   Thumb Code     6  stm32f0xx_hal_adc.o(i.HAL_ADC_GetValue)
    HAL_ADC_Init                             0x08000b3d   Thumb Code   366  stm32f0xx_hal_adc.o(i.HAL_ADC_Init)
    HAL_ADC_MspInit                          0x08000cb5   Thumb Code    78  adc.o(i.HAL_ADC_MspInit)
    HAL_ADC_PollForConversion                0x08000d0d   Thumb Code   198  stm32f0xx_hal_adc.o(i.HAL_ADC_PollForConversion)
    HAL_ADC_Start                            0x08000dd5   Thumb Code    86  stm32f0xx_hal_adc.o(i.HAL_ADC_Start)
    HAL_DMA_Abort                            0x08000e31   Thumb Code    64  stm32f0xx_hal_dma.o(i.HAL_DMA_Abort)
    HAL_DMA_Abort_IT                         0x08000e71   Thumb Code    72  stm32f0xx_hal_dma.o(i.HAL_DMA_Abort_IT)
    HAL_DMA_DeInit                           0x08000eb9   Thumb Code    74  stm32f0xx_hal_dma.o(i.HAL_DMA_DeInit)
    HAL_DMA_IRQHandler                       0x08000f03   Thumb Code   156  stm32f0xx_hal_dma.o(i.HAL_DMA_IRQHandler)
    HAL_DMA_Init                             0x08000fa1   Thumb Code    78  stm32f0xx_hal_dma.o(i.HAL_DMA_Init)
    HAL_GPIO_DeInit                          0x08000ff5   Thumb Code   192  stm32f0xx_hal_gpio.o(i.HAL_GPIO_DeInit)
    HAL_GPIO_Init                            0x080010c9   Thumb Code   396  stm32f0xx_hal_gpio.o(i.HAL_GPIO_Init)
    HAL_GPIO_TogglePin                       0x0800126d   Thumb Code    16  stm32f0xx_hal_gpio.o(i.HAL_GPIO_TogglePin)
    HAL_GPIO_WritePin                        0x0800127d   Thumb Code    12  stm32f0xx_hal_gpio.o(i.HAL_GPIO_WritePin)
    HAL_GetTick                              0x08001289   Thumb Code     6  stm32f0xx_hal.o(i.HAL_GetTick)
    HAL_I2CEx_ConfigAnalogFilter             0x08001295   Thumb Code    74  stm32f0xx_hal_i2c_ex.o(i.HAL_I2CEx_ConfigAnalogFilter)
    HAL_I2CEx_ConfigDigitalFilter            0x080012df   Thumb Code    72  stm32f0xx_hal_i2c_ex.o(i.HAL_I2CEx_ConfigDigitalFilter)
    HAL_I2C_Init                             0x08001329   Thumb Code   176  stm32f0xx_hal_i2c.o(i.HAL_I2C_Init)
    HAL_I2C_Master_Receive                   0x080013dd   Thumb Code   262  stm32f0xx_hal_i2c.o(i.HAL_I2C_Master_Receive)
    HAL_I2C_Master_Transmit                  0x080014ed   Thumb Code   262  stm32f0xx_hal_i2c.o(i.HAL_I2C_Master_Transmit)
    HAL_I2C_MspInit                          0x080015fd   Thumb Code    88  i2c.o(i.HAL_I2C_MspInit)
    HAL_IWDG_Init                            0x08001661   Thumb Code    94  stm32f0xx_hal_iwdg.o(i.HAL_IWDG_Init)
    HAL_IWDG_Refresh                         0x080016cd   Thumb Code    10  stm32f0xx_hal_iwdg.o(i.HAL_IWDG_Refresh)
    HAL_IncTick                              0x080016dd   Thumb Code    12  stm32f0xx_hal.o(i.HAL_IncTick)
    HAL_Init                                 0x080016ed   Thumb Code    26  stm32f0xx_hal.o(i.HAL_Init)
    HAL_InitTick                             0x0800170d   Thumb Code   132  stm32f0xx_hal_timebase_tim.o(i.HAL_InitTick)
    HAL_MspInit                              0x080017a9   Thumb Code    44  stm32f0xx_hal_msp.o(i.HAL_MspInit)
    HAL_NVIC_DisableIRQ                      0x080017d9   Thumb Code    26  stm32f0xx_hal_cortex.o(i.HAL_NVIC_DisableIRQ)
    HAL_NVIC_EnableIRQ                       0x080017f9   Thumb Code    18  stm32f0xx_hal_cortex.o(i.HAL_NVIC_EnableIRQ)
    HAL_NVIC_SetPriority                     0x08001811   Thumb Code     8  stm32f0xx_hal_cortex.o(i.HAL_NVIC_SetPriority)
    HAL_RCCEx_PeriphCLKConfig                0x08001819   Thumb Code   218  stm32f0xx_hal_rcc_ex.o(i.HAL_RCCEx_PeriphCLKConfig)
    HAL_RCC_ClockConfig                      0x08001901   Thumb Code   242  stm32f0xx_hal_rcc.o(i.HAL_RCC_ClockConfig)
    HAL_RCC_GetClockConfig                   0x08001a09   Thumb Code    46  stm32f0xx_hal_rcc.o(i.HAL_RCC_GetClockConfig)
    HAL_RCC_GetPCLK1Freq                     0x08001a41   Thumb Code    20  stm32f0xx_hal_rcc.o(i.HAL_RCC_GetPCLK1Freq)
    HAL_RCC_GetSysClockFreq                  0x08001a61   Thumb Code    62  stm32f0xx_hal_rcc.o(i.HAL_RCC_GetSysClockFreq)
    HAL_RCC_OscConfig                        0x08001aad   Thumb Code   892  stm32f0xx_hal_rcc.o(i.HAL_RCC_OscConfig)
    HAL_TIMEx_BreakCallback                  0x08001e35   Thumb Code     2  stm32f0xx_hal_tim_ex.o(i.HAL_TIMEx_BreakCallback)
    HAL_TIMEx_CommutCallback                 0x08001e37   Thumb Code     2  stm32f0xx_hal_tim_ex.o(i.HAL_TIMEx_CommutCallback)
    HAL_TIMEx_MasterConfigSynchronization    0x08001e39   Thumb Code    78  stm32f0xx_hal_tim_ex.o(i.HAL_TIMEx_MasterConfigSynchronization)
    HAL_TIM_Base_Init                        0x08001e95   Thumb Code    72  stm32f0xx_hal_tim.o(i.HAL_TIM_Base_Init)
    HAL_TIM_Base_MspInit                     0x08001edd   Thumb Code    28  tim.o(i.HAL_TIM_Base_MspInit)
    HAL_TIM_Base_Start_IT                    0x08001f01   Thumb Code    68  stm32f0xx_hal_tim.o(i.HAL_TIM_Base_Start_IT)
    HAL_TIM_ConfigClockSource                0x08001f51   Thumb Code   220  stm32f0xx_hal_tim.o(i.HAL_TIM_ConfigClockSource)
    HAL_TIM_IC_CaptureCallback               0x0800202d   Thumb Code     2  stm32f0xx_hal_tim.o(i.HAL_TIM_IC_CaptureCallback)
    HAL_TIM_IRQHandler                       0x0800202f   Thumb Code   354  stm32f0xx_hal_tim.o(i.HAL_TIM_IRQHandler)
    HAL_TIM_MspPostInit                      0x08002191   Thumb Code    70  tim.o(i.HAL_TIM_MspPostInit)
    HAL_TIM_OC_DelayElapsedCallback          0x080021e1   Thumb Code     2  stm32f0xx_hal_tim.o(i.HAL_TIM_OC_DelayElapsedCallback)
    HAL_TIM_PWM_ConfigChannel                0x080021e3   Thumb Code   208  stm32f0xx_hal_tim.o(i.HAL_TIM_PWM_ConfigChannel)
    HAL_TIM_PWM_Init                         0x080022b3   Thumb Code    72  stm32f0xx_hal_tim.o(i.HAL_TIM_PWM_Init)
    HAL_TIM_PWM_MspInit                      0x080022fb   Thumb Code     2  stm32f0xx_hal_tim.o(i.HAL_TIM_PWM_MspInit)
    HAL_TIM_PWM_PulseFinishedCallback        0x080022fd   Thumb Code     2  stm32f0xx_hal_tim.o(i.HAL_TIM_PWM_PulseFinishedCallback)
    HAL_TIM_PWM_Start                        0x08002301   Thumb Code   148  stm32f0xx_hal_tim.o(i.HAL_TIM_PWM_Start)
    HAL_TIM_PeriodElapsedCallback            0x080023a9   Thumb Code    16  main.o(i.HAL_TIM_PeriodElapsedCallback)
    HAL_TIM_TriggerCallback                  0x080023bd   Thumb Code     2  stm32f0xx_hal_tim.o(i.HAL_TIM_TriggerCallback)
    HAL_UARTEx_RxEventCallback               0x080023bf   Thumb Code     2  stm32f0xx_hal_uart.o(i.HAL_UARTEx_RxEventCallback)
    HAL_UART_DeInit                          0x080023c1   Thumb Code    66  stm32f0xx_hal_uart.o(i.HAL_UART_DeInit)
    HAL_UART_ErrorCallback                   0x08002405   Thumb Code    38  uart_device.o(i.HAL_UART_ErrorCallback)
    HAL_UART_IRQHandler                      0x08002435   Thumb Code   648  stm32f0xx_hal_uart.o(i.HAL_UART_IRQHandler)
    HAL_UART_Init                            0x080026c9   Thumb Code   106  stm32f0xx_hal_uart.o(i.HAL_UART_Init)
    HAL_UART_MspDeInit                       0x08002735   Thumb Code    78  usart.o(i.HAL_UART_MspDeInit)
    HAL_UART_MspInit                         0x08002795   Thumb Code   232  usart.o(i.HAL_UART_MspInit)
    HAL_UART_Receive_IT                      0x08002895   Thumb Code    88  stm32f0xx_hal_uart.o(i.HAL_UART_Receive_IT)
    HAL_UART_RxCpltCallback                  0x080028ed   Thumb Code    40  uart_device.o(i.HAL_UART_RxCpltCallback)
    HAL_UART_Transmit_IT                     0x0800291d   Thumb Code   112  stm32f0xx_hal_uart.o(i.HAL_UART_Transmit_IT)
    HAL_UART_TxCpltCallback                  0x08002995   Thumb Code    32  uart_device.o(i.HAL_UART_TxCpltCallback)
    HardFault_Handler                        0x080029bd   Thumb Code     2  stm32f0xx_it.o(i.HardFault_Handler)
    MX_ADC_Init                              0x08002ccd   Thumb Code   116  adc.o(i.MX_ADC_Init)
    MX_DMA_Init                              0x08002d49   Thumb Code    36  dma.o(i.MX_DMA_Init)
    MX_FREERTOS_Init                         0x08002d71   Thumb Code    38  freertos.o(i.MX_FREERTOS_Init)
    MX_GPIO_Init                             0x08002dad   Thumb Code   118  gpio.o(i.MX_GPIO_Init)
    MX_I2C1_Init                             0x08002e2d   Thumb Code    76  i2c.o(i.MX_I2C1_Init)
    MX_IWDG_Init                             0x08002e85   Thumb Code    32  iwdg.o(i.MX_IWDG_Init)
    MX_TIM3_Init                             0x08002eb1   Thumb Code   188  tim.o(i.MX_TIM3_Init)
    MX_USART1_UART_Init                      0x08002f75   Thumb Code    48  usart.o(i.MX_USART1_UART_Init)
    NMI_Handler                              0x08002fad   Thumb Code     2  stm32f0xx_it.o(i.NMI_Handler)
    SVC_Handler                              0x08002faf   Thumb Code     2  port.o(i.SVC_Handler)
    StartDefaultTask                         0x08002fb1   Thumb Code   486  freertos.o(i.StartDefaultTask)
    SysTick_Handler                          0x080031c1   Thumb Code    32  port.o(i.SysTick_Handler)
    SystemClock_Config                       0x080031e5   Thumb Code   128  main.o(i.SystemClock_Config)
    SystemInit                               0x08003265   Thumb Code     2  system_stm32f0xx.o(i.SystemInit)
    TIM16_IRQHandler                         0x08003269   Thumb Code    10  stm32f0xx_it.o(i.TIM16_IRQHandler)
    TIM_Base_SetConfig                       0x08003279   Thumb Code   112  stm32f0xx_hal_tim.o(i.TIM_Base_SetConfig)
    TIM_CCxChannelCmd                        0x08003301   Thumb Code    26  stm32f0xx_hal_tim.o(i.TIM_CCxChannelCmd)
    TIM_ETR_SetConfig                        0x0800331b   Thumb Code    22  stm32f0xx_hal_tim.o(i.TIM_ETR_SetConfig)
    TIM_OC2_SetConfig                        0x080033c9   Thumb Code   110  stm32f0xx_hal_tim.o(i.TIM_OC2_SetConfig)
    UART_AdvFeatureConfig                    0x08003581   Thumb Code   202  stm32f0xx_hal_uart.o(i.UART_AdvFeatureConfig)
    UART_CheckIdleState                      0x0800364d   Thumb Code   190  stm32f0xx_hal_uart.o(i.UART_CheckIdleState)
    UART_SetConfig                           0x08003921   Thumb Code   304  stm32f0xx_hal_uart.o(i.UART_SetConfig)
    UART_Start_Receive_IT                    0x08003a79   Thumb Code   188  stm32f0xx_hal_uart.o(i.UART_Start_Receive_IT)
    UART_WaitOnFlagUntilTimeout              0x08003bf9   Thumb Code   138  stm32f0xx_hal_uart.o(i.UART_WaitOnFlagUntilTimeout)
    USART1_IRQHandler                        0x08003c85   Thumb Code    10  stm32f0xx_it.o(i.USART1_IRQHandler)
    USART3_6_IRQHandler                      0x08003c95   Thumb Code    10  stm32f0xx_it.o(i.USART3_6_IRQHandler)
    __ARM_common_ll_muluu                    0x08003ca5   Thumb Code    48  stm32f0xx_hal_rcc.o(i.__ARM_common_ll_muluu)
    __ARM_common_switch8                     0x08003cd5   Thumb Code    26  freertos.o(i.__ARM_common_switch8)
    _modbus_init_common                      0x08003d35   Thumb Code    32  modbus.o(i._modbus_init_common)
    _modbus_receive_msg                      0x08003d59   Thumb Code   432  modbus.o(i._modbus_receive_msg)
    main                                     0x080041dd   Thumb Code    60  main.o(i.main)
    modbus_close                             0x0800421d   Thumb Code    12  modbus.o(i.modbus_close)
    modbus_connect                           0x08004229   Thumb Code    22  modbus.o(i.modbus_connect)
    modbus_flush                             0x08004245   Thumb Code    22  modbus.o(i.modbus_flush)
    modbus_free                              0x08004261   Thumb Code    12  modbus.o(i.modbus_free)
    modbus_mapping_new_start_address         0x0800426d   Thumb Code   196  modbus.o(i.modbus_mapping_new_start_address)
    modbus_new_st_rtu                        0x08004331   Thumb Code   164  modbus-st-rtu.o(i.modbus_new_st_rtu)
    modbus_receive                           0x080043dd   Thumb Code    22  modbus.o(i.modbus_receive)
    modbus_reply                             0x080043f9   Thumb Code  1730  modbus.o(i.modbus_reply)
    modbus_set_bits_from_bytes               0x08004ae5   Thumb Code    60  modbus-data.o(i.modbus_set_bits_from_bytes)
    modbus_set_slave                         0x08004b21   Thumb Code    22  modbus.o(i.modbus_set_slave)
    osKernelInitialize                       0x08004b3d   Thumb Code    48  cmsis_os2.o(i.osKernelInitialize)
    osKernelStart                            0x08004b71   Thumb Code    54  cmsis_os2.o(i.osKernelStart)
    osThreadNew                              0x08004bad   Thumb Code   174  cmsis_os2.o(i.osThreadNew)
    pvPortMalloc                             0x08005329   Thumb Code   172  heap_4.o(i.pvPortMalloc)
    pvTaskIncrementMutexHeldCount            0x080053d9   Thumb Code    20  tasks.o(i.pvTaskIncrementMutexHeldCount)
    pxPortInitialiseStack                    0x080053f1   Thumb Code    28  port.o(i.pxPortInitialiseStack)
    uxListRemove                             0x08005595   Thumb Code    38  list.o(i.uxListRemove)
    vApplicationGetIdleTaskMemory            0x080055bd   Thumb Code    18  cmsis_os2.o(i.vApplicationGetIdleTaskMemory)
    vApplicationGetTimerTaskMemory           0x080055d5   Thumb Code    18  cmsis_os2.o(i.vApplicationGetTimerTaskMemory)
    vListInitialise                          0x080055ed   Thumb Code    22  list.o(i.vListInitialise)
    vListInitialiseItem                      0x08005603   Thumb Code     6  list.o(i.vListInitialiseItem)
    vListInsert                              0x08005609   Thumb Code    48  list.o(i.vListInsert)
    vListInsertEnd                           0x08005639   Thumb Code    24  list.o(i.vListInsertEnd)
    vPortEnterCritical                       0x08005651   Thumb Code    20  port.o(i.vPortEnterCritical)
    vPortExitCritical                        0x08005669   Thumb Code    22  port.o(i.vPortExitCritical)
    vPortFree                                0x08005685   Thumb Code    62  heap_4.o(i.vPortFree)
    vPortYield                               0x080056c9   Thumb Code    18  port.o(i.vPortYield)
    vQueueAddToRegistry                      0x080056e1   Thumb Code    32  queue.o(i.vQueueAddToRegistry)
    vQueueWaitForMessageRestricted           0x08005705   Thumb Code    68  queue.o(i.vQueueWaitForMessageRestricted)
    vTaskDelay                               0x08005749   Thumb Code    44  tasks.o(i.vTaskDelay)
    vTaskDelete                              0x08005779   Thumb Code   112  tasks.o(i.vTaskDelete)
    vTaskInternalSetTimeOutState             0x080057f1   Thumb Code    12  tasks.o(i.vTaskInternalSetTimeOutState)
    vTaskMissedYield                         0x08005801   Thumb Code     8  tasks.o(i.vTaskMissedYield)
    vTaskPlaceOnEventList                    0x0800580d   Thumb Code    32  tasks.o(i.vTaskPlaceOnEventList)
    vTaskPlaceOnEventListRestricted          0x08005831   Thumb Code    42  tasks.o(i.vTaskPlaceOnEventListRestricted)
    vTaskPriorityDisinheritAfterTimeout      0x08005861   Thumb Code   104  tasks.o(i.vTaskPriorityDisinheritAfterTimeout)
    vTaskStartScheduler                      0x080058d1   Thumb Code    88  tasks.o(i.vTaskStartScheduler)
    vTaskSuspendAll                          0x08005939   Thumb Code    10  tasks.o(i.vTaskSuspendAll)
    vTaskSwitchContext                       0x08005949   Thumb Code    78  tasks.o(i.vTaskSwitchContext)
    xPortStartScheduler                      0x080059a1   Thumb Code    62  port.o(i.xPortStartScheduler)
    xQueueCreateMutex                        0x080059f1   Thumb Code    22  queue.o(i.xQueueCreateMutex)
    xQueueGenericCreate                      0x08005a07   Thumb Code    60  queue.o(i.xQueueGenericCreate)
    xQueueGenericCreateStatic                0x08005a43   Thumb Code    64  queue.o(i.xQueueGenericCreateStatic)
    xQueueGenericReset                       0x08005a83   Thumb Code   108  queue.o(i.xQueueGenericReset)
    xQueueGenericSend                        0x08005aef   Thumb Code   280  queue.o(i.xQueueGenericSend)
    xQueueGenericSendFromISR                 0x08005c07   Thumb Code   140  queue.o(i.xQueueGenericSendFromISR)
    xQueueGiveFromISR                        0x08005c93   Thumb Code   116  queue.o(i.xQueueGiveFromISR)
    xQueueReceive                            0x08005d07   Thumb Code   258  queue.o(i.xQueueReceive)
    xQueueSemaphoreTake                      0x08005e09   Thumb Code   320  queue.o(i.xQueueSemaphoreTake)
    xTaskCheckForTimeOut                     0x08005f49   Thumb Code    86  tasks.o(i.xTaskCheckForTimeOut)
    xTaskCreate                              0x08005fa5   Thumb Code    82  tasks.o(i.xTaskCreate)
    xTaskCreateStatic                        0x08005ff7   Thumb Code    68  tasks.o(i.xTaskCreateStatic)
    xTaskGetSchedulerState                   0x0800603d   Thumb Code    26  tasks.o(i.xTaskGetSchedulerState)
    xTaskGetTickCount                        0x0800605d   Thumb Code     6  tasks.o(i.xTaskGetTickCount)
    xTaskIncrementTick                       0x08006069   Thumb Code   180  tasks.o(i.xTaskIncrementTick)
    xTaskPriorityDisinherit                  0x08006125   Thumb Code    96  tasks.o(i.xTaskPriorityDisinherit)
    xTaskPriorityInherit                     0x0800618d   Thumb Code   110  tasks.o(i.xTaskPriorityInherit)
    xTaskRemoveFromEventList                 0x08006205   Thumb Code    88  tasks.o(i.xTaskRemoveFromEventList)
    xTaskResumeAll                           0x08006269   Thumb Code   162  tasks.o(i.xTaskResumeAll)
    xTimerCreateTimerTask                    0x08006319   Thumb Code    72  timers.o(i.xTimerCreateTimerTask)
    xTimerGenericCommand                     0x08006371   Thumb Code    80  timers.o(i.xTimerGenericCommand)
    defaultTask_attributes                   0x080063c4   Data          36  freertos.o(.constdata)
    AHBPrescTable                            0x08006408   Data          16  system_stm32f0xx.o(.constdata)
    APBPrescTable                            0x08006418   Data           8  system_stm32f0xx.o(.constdata)
    _modbus_rtu_backend_uart                 0x08006620   Data          80  modbus-st-rtu.o(.constdata)
    Region$$Table$$Base                      0x08006724   Number         0  anon$$obj.o(Region$$Table)
    Region$$Table$$Limit                     0x08006744   Number         0  anon$$obj.o(Region$$Table)
    AHT20Mutex                               0x20000004   Data           4  freertos.o(.data)
    defaultTaskHandle                        0x20000008   Data           4  freertos.o(.data)
    uwTickFreq                               0x20000014   Data           1  stm32f0xx_hal.o(.data)
    uwTickPrio                               0x20000018   Data           4  stm32f0xx_hal.o(.data)
    uwTick                                   0x2000001c   Data           4  stm32f0xx_hal.o(.data)
    SystemCoreClock                          0x20000020   Data           4  system_stm32f0xx.o(.data)
    pxCurrentTCB                             0x20000024   Data           4  tasks.o(.data)
    g_uart1_dev                              0x200000b0   Data          24  uart_device.o(.data)
    errno                                    0x200000c8   Data           4  errno.o(.data)
    hadc                                     0x200000cc   Data          64  adc.o(.bss)
    hi2c1                                    0x2000010c   Data          84  i2c.o(.bss)
    hiwdg                                    0x20000160   Data          16  iwdg.o(.bss)
    htim3                                    0x20000170   Data          72  tim.o(.bss)
    huart1                                   0x200001b8   Data         136  usart.o(.bss)
    huart5                                   0x20000240   Data         136  usart.o(.bss)
    hdma_usart5_rx                           0x200002c8   Data          68  usart.o(.bss)
    htim16                                   0x2000030c   Data          72  stm32f0xx_hal_timebase_tim.o(.bss)
    xQueueRegistry                           0x20000354   Data          64  queue.o(.bss)
    __libspace_start                         0x20003628   Data          96  libspace.o(.bss)
    __temporary_stack_top$libspace           0x20003688   Data           0  libspace.o(.bss)



==============================================================================

Memory Map of the image

  Image Entry point : 0x080000b9

  Load Region LR_IROM1 (Base: 0x08000000, Size: 0x00006810, Max: 0x00040000, ABSOLUTE)

    Execution Region ER_IROM1 (Exec base: 0x08000000, Load base: 0x08000000, Size: 0x00006744, Max: 0x00040000, ABSOLUTE)

    Exec Addr    Load Addr    Size         Type   Attr      Idx    E Section Name        Object

    0x08000000   0x08000000   0x000000b8   Data   RO            3    RESET               startup_stm32f030xc.o
    0x080000b8   0x080000b8   0x00000008   Code   RO         5934  * !!!main             c_p.l(__main.o)
    0x080000c0   0x080000c0   0x0000003c   Code   RO         6113    !!!scatter          c_p.l(__scatter.o)
    0x080000fc   0x080000fc   0x0000001a   Code   RO         6115    !!handler_copy      c_p.l(__scatter_copy.o)
    0x08000116   0x08000116   0x00000002   PAD
    0x08000118   0x08000118   0x0000001c   Code   RO         6117    !!handler_zi        c_p.l(__scatter_zi.o)
    0x08000134   0x08000134   0x00000002   Code   RO         5995    .ARM.Collect$$libinit$$00000000  c_p.l(libinit.o)
    0x08000136   0x08000136   0x00000000   Code   RO         6009    .ARM.Collect$$libinit$$00000002  c_p.l(libinit2.o)
    0x08000136   0x08000136   0x00000000   Code   RO         6011    .ARM.Collect$$libinit$$00000004  c_p.l(libinit2.o)
    0x08000136   0x08000136   0x00000000   Code   RO         6014    .ARM.Collect$$libinit$$0000000A  c_p.l(libinit2.o)
    0x08000136   0x08000136   0x00000000   Code   RO         6016    .ARM.Collect$$libinit$$0000000C  c_p.l(libinit2.o)
    0x08000136   0x08000136   0x00000000   Code   RO         6018    .ARM.Collect$$libinit$$0000000E  c_p.l(libinit2.o)
    0x08000136   0x08000136   0x00000000   Code   RO         6021    .ARM.Collect$$libinit$$00000011  c_p.l(libinit2.o)
    0x08000136   0x08000136   0x00000000   Code   RO         6023    .ARM.Collect$$libinit$$00000013  c_p.l(libinit2.o)
    0x08000136   0x08000136   0x00000000   Code   RO         6025    .ARM.Collect$$libinit$$00000015  c_p.l(libinit2.o)
    0x08000136   0x08000136   0x00000000   Code   RO         6027    .ARM.Collect$$libinit$$00000017  c_p.l(libinit2.o)
    0x08000136   0x08000136   0x00000000   Code   RO         6029    .ARM.Collect$$libinit$$00000019  c_p.l(libinit2.o)
    0x08000136   0x08000136   0x00000000   Code   RO         6031    .ARM.Collect$$libinit$$0000001B  c_p.l(libinit2.o)
    0x08000136   0x08000136   0x00000000   Code   RO         6033    .ARM.Collect$$libinit$$0000001D  c_p.l(libinit2.o)
    0x08000136   0x08000136   0x00000000   Code   RO         6035    .ARM.Collect$$libinit$$0000001F  c_p.l(libinit2.o)
    0x08000136   0x08000136   0x00000000   Code   RO         6037    .ARM.Collect$$libinit$$00000021  c_p.l(libinit2.o)
    0x08000136   0x08000136   0x00000000   Code   RO         6039    .ARM.Collect$$libinit$$00000023  c_p.l(libinit2.o)
    0x08000136   0x08000136   0x00000000   Code   RO         6041    .ARM.Collect$$libinit$$00000025  c_p.l(libinit2.o)
    0x08000136   0x08000136   0x00000000   Code   RO         6045    .ARM.Collect$$libinit$$0000002C  c_p.l(libinit2.o)
    0x08000136   0x08000136   0x00000000   Code   RO         6047    .ARM.Collect$$libinit$$0000002E  c_p.l(libinit2.o)
    0x08000136   0x08000136   0x00000000   Code   RO         6049    .ARM.Collect$$libinit$$00000030  c_p.l(libinit2.o)
    0x08000136   0x08000136   0x00000000   Code   RO         6051    .ARM.Collect$$libinit$$00000032  c_p.l(libinit2.o)
    0x08000136   0x08000136   0x00000002   Code   RO         6052    .ARM.Collect$$libinit$$00000033  c_p.l(libinit2.o)
    0x08000138   0x08000138   0x00000002   Code   RO         6084    .ARM.Collect$$libshutdown$$00000000  c_p.l(libshutdown.o)
    0x0800013a   0x0800013a   0x00000000   Code   RO         6094    .ARM.Collect$$libshutdown$$00000002  c_p.l(libshutdown2.o)
    0x0800013a   0x0800013a   0x00000000   Code   RO         6096    .ARM.Collect$$libshutdown$$00000004  c_p.l(libshutdown2.o)
    0x0800013a   0x0800013a   0x00000000   Code   RO         6098    .ARM.Collect$$libshutdown$$00000006  c_p.l(libshutdown2.o)
    0x0800013a   0x0800013a   0x00000000   Code   RO         6101    .ARM.Collect$$libshutdown$$00000009  c_p.l(libshutdown2.o)
    0x0800013a   0x0800013a   0x00000000   Code   RO         6104    .ARM.Collect$$libshutdown$$0000000C  c_p.l(libshutdown2.o)
    0x0800013a   0x0800013a   0x00000000   Code   RO         6106    .ARM.Collect$$libshutdown$$0000000E  c_p.l(libshutdown2.o)
    0x0800013a   0x0800013a   0x00000000   Code   RO         6109    .ARM.Collect$$libshutdown$$00000011  c_p.l(libshutdown2.o)
    0x0800013a   0x0800013a   0x00000002   Code   RO         6110    .ARM.Collect$$libshutdown$$00000012  c_p.l(libshutdown2.o)
    0x0800013c   0x0800013c   0x00000000   Code   RO         5938    .ARM.Collect$$rtentry$$00000000  c_p.l(__rtentry.o)
    0x0800013c   0x0800013c   0x00000000   Code   RO         5955    .ARM.Collect$$rtentry$$00000002  c_p.l(__rtentry2.o)
    0x0800013c   0x0800013c   0x00000006   Code   RO         5967    .ARM.Collect$$rtentry$$00000004  c_p.l(__rtentry4.o)
    0x08000142   0x08000142   0x00000000   Code   RO         5957    .ARM.Collect$$rtentry$$00000009  c_p.l(__rtentry2.o)
    0x08000142   0x08000142   0x00000004   Code   RO         5958    .ARM.Collect$$rtentry$$0000000A  c_p.l(__rtentry2.o)
    0x08000146   0x08000146   0x00000000   Code   RO         5960    .ARM.Collect$$rtentry$$0000000C  c_p.l(__rtentry2.o)
    0x08000146   0x08000146   0x00000008   Code   RO         5961    .ARM.Collect$$rtentry$$0000000D  c_p.l(__rtentry2.o)
    0x0800014e   0x0800014e   0x00000002   Code   RO         6002    .ARM.Collect$$rtexit$$00000000  c_p.l(rtexit.o)
    0x08000150   0x08000150   0x00000000   Code   RO         6054    .ARM.Collect$$rtexit$$00000002  c_p.l(rtexit2.o)
    0x08000150   0x08000150   0x00000004   Code   RO         6055    .ARM.Collect$$rtexit$$00000003  c_p.l(rtexit2.o)
    0x08000154   0x08000154   0x00000006   Code   RO         6056    .ARM.Collect$$rtexit$$00000004  c_p.l(rtexit2.o)
    0x0800015a   0x0800015a   0x00000002   PAD
    0x0800015c   0x0800015c   0x00000078   Code   RO         5193    .emb_text           port.o
    0x080001d4   0x080001d4   0x00000038   Code   RO         5916    .emb_text           c_p.l(rt_memcpy.o)
    0x0800020c   0x0800020c   0x00000038   Code   RO            4    .text               startup_stm32f030xc.o
    0x08000244   0x08000244   0x00000102   Code   RO         5906    .text               c_p.l(lludiv.o)
    0x08000346   0x08000346   0x00000014   Code   RO         5908    .text               c_p.l(abort.o)
    0x0800035a   0x0800035a   0x00000002   PAD
    0x0800035c   0x0800035c   0x0000004c   Code   RO         5912    .text               c_p.l(strcpy.o)
    0x080003a8   0x080003a8   0x00000044   Code   RO         5914    .text               c_p.l(strlen.o)
    0x080003ec   0x080003ec   0x00000082   Code   RO         5917    .text               c_p.l(rt_memcpy.o)
    0x0800046e   0x0800046e   0x00000012   Code   RO         5922    .text               c_p.l(aeabi_memset.o)
    0x08000480   0x08000480   0x00000040   Code   RO         5924    .text               c_p.l(rt_memclr.o)
    0x080004c0   0x080004c0   0x00000088   Code   RO         5926    .text               c_p.l(strcmp.o)
    0x08000548   0x08000548   0x0000015a   Code   RO         5928    .text               c_p.l(aeabi_sdiv.o)
    0x080006a2   0x080006a2   0x00000006   Code   RO         5932    .text               c_p.l(heapauxi.o)
    0x080006a8   0x080006a8   0x0000000c   Code   RO         5936    .text               c_p.l(sys_exit.o)
    0x080006b4   0x080006b4   0x0000000c   Code   RO         5947    .text               c_p.l(defsig_abrt_outer.o)
    0x080006c0   0x080006c0   0x00000002   Code   RO         5951    .text               c_p.l(use_no_semi.o)
    0x080006c2   0x080006c2   0x00000000   Code   RO         5953    .text               c_p.l(indicate_semi.o)
    0x080006c2   0x080006c2   0x0000000c   Code   RO         5973    .text               c_p.l(defsig_exit.o)
    0x080006ce   0x080006ce   0x00000002   PAD
    0x080006d0   0x080006d0   0x00000030   Code   RO         5975    .text               c_p.l(defsig_abrt_inner.o)
    0x08000700   0x08000700   0x0000003e   Code   RO         5977    .text               c_p.l(sys_stackheap_outer.o)
    0x0800073e   0x0800073e   0x00000010   Code   RO         5980    .text               c_p.l(exit.o)
    0x0800074e   0x0800074e   0x00000034   Code   RO         5984    .text               c_p.l(defsig_general.o)
    0x08000782   0x08000782   0x0000000c   Code   RO         5996    .text               c_p.l(sys_wrch.o)
    0x0800078e   0x0800078e   0x00000002   PAD
    0x08000790   0x08000790   0x00000008   Code   RO         5998    .text               c_p.l(libspace.o)
    0x08000798   0x08000798   0x00000090   Code   RO         1616    i.ADC_Enable        stm32f0xx_hal_adc.o
    0x08000828   0x08000828   0x000000bc   Code   RO          231    i.AHT20Task         freertos.o
    0x080008e4   0x080008e4   0x00000032   Code   RO          232    i.Calc_CRC8         freertos.o
    0x08000916   0x08000916   0x00000002   PAD
    0x08000918   0x08000918   0x00000010   Code   RO          537    i.DMA1_Channel1_IRQHandler  stm32f0xx_it.o
    0x08000928   0x08000928   0x00000024   Code   RO         2660    i.DMA_CalcBaseAndBitshift  stm32f0xx_hal_dma.o
    0x0800094c   0x0800094c   0x00000004   Code   RO           12    i.Error_Handler     main.o
    0x08000950   0x08000950   0x0000001c   Code   RO         5260    i.GetUARTDevice     uart_device.o
    0x0800096c   0x0800096c   0x000000b8   Code   RO         1787    i.HAL_ADCEx_Calibration_Start  stm32f0xx_hal_adc_ex.o
    0x08000a24   0x08000a24   0x00000110   Code   RO         1618    i.HAL_ADC_ConfigChannel  stm32f0xx_hal_adc.o
    0x08000b34   0x08000b34   0x00000006   Code   RO         1625    i.HAL_ADC_GetValue  stm32f0xx_hal_adc.o
    0x08000b3a   0x08000b3a   0x00000002   PAD
    0x08000b3c   0x08000b3c   0x00000178   Code   RO         1627    i.HAL_ADC_Init      stm32f0xx_hal_adc.o
    0x08000cb4   0x08000cb4   0x00000058   Code   RO          328    i.HAL_ADC_MspInit   adc.o
    0x08000d0c   0x08000d0c   0x000000c6   Code   RO         1631    i.HAL_ADC_PollForConversion  stm32f0xx_hal_adc.o
    0x08000dd2   0x08000dd2   0x00000002   PAD
    0x08000dd4   0x08000dd4   0x0000005c   Code   RO         1633    i.HAL_ADC_Start     stm32f0xx_hal_adc.o
    0x08000e30   0x08000e30   0x00000040   Code   RO         2662    i.HAL_DMA_Abort     stm32f0xx_hal_dma.o
    0x08000e70   0x08000e70   0x00000048   Code   RO         2663    i.HAL_DMA_Abort_IT  stm32f0xx_hal_dma.o
    0x08000eb8   0x08000eb8   0x0000004a   Code   RO         2664    i.HAL_DMA_DeInit    stm32f0xx_hal_dma.o
    0x08000f02   0x08000f02   0x0000009c   Code   RO         2667    i.HAL_DMA_IRQHandler  stm32f0xx_hal_dma.o
    0x08000f9e   0x08000f9e   0x00000002   PAD
    0x08000fa0   0x08000fa0   0x00000054   Code   RO         2668    i.HAL_DMA_Init      stm32f0xx_hal_dma.o
    0x08000ff4   0x08000ff4   0x000000d4   Code   RO         2598    i.HAL_GPIO_DeInit   stm32f0xx_hal_gpio.o
    0x080010c8   0x080010c8   0x000001a4   Code   RO         2601    i.HAL_GPIO_Init     stm32f0xx_hal_gpio.o
    0x0800126c   0x0800126c   0x00000010   Code   RO         2604    i.HAL_GPIO_TogglePin  stm32f0xx_hal_gpio.o
    0x0800127c   0x0800127c   0x0000000c   Code   RO         2605    i.HAL_GPIO_WritePin  stm32f0xx_hal_gpio.o
    0x08001288   0x08001288   0x0000000c   Code   RO         1943    i.HAL_GetTick       stm32f0xx_hal.o
    0x08001294   0x08001294   0x0000004a   Code   RO         2560    i.HAL_I2CEx_ConfigAnalogFilter  stm32f0xx_hal_i2c_ex.o
    0x080012de   0x080012de   0x00000048   Code   RO         2561    i.HAL_I2CEx_ConfigDigitalFilter  stm32f0xx_hal_i2c_ex.o
    0x08001326   0x08001326   0x00000002   PAD
    0x08001328   0x08001328   0x000000b4   Code   RO         2103    i.HAL_I2C_Init      stm32f0xx_hal_i2c.o
    0x080013dc   0x080013dc   0x00000110   Code   RO         2109    i.HAL_I2C_Master_Receive  stm32f0xx_hal_i2c.o
    0x080014ec   0x080014ec   0x00000110   Code   RO         2116    i.HAL_I2C_Master_Transmit  stm32f0xx_hal_i2c.o
    0x080015fc   0x080015fc   0x00000064   Code   RO          386    i.HAL_I2C_MspInit   i2c.o
    0x08001660   0x08001660   0x0000006c   Code   RO         3198    i.HAL_IWDG_Init     stm32f0xx_hal_iwdg.o
    0x080016cc   0x080016cc   0x00000010   Code   RO         3199    i.HAL_IWDG_Refresh  stm32f0xx_hal_iwdg.o
    0x080016dc   0x080016dc   0x00000010   Code   RO         1949    i.HAL_IncTick       stm32f0xx_hal.o
    0x080016ec   0x080016ec   0x00000020   Code   RO         1950    i.HAL_Init          stm32f0xx_hal.o
    0x0800170c   0x0800170c   0x0000009c   Code   RO          611    i.HAL_InitTick      stm32f0xx_hal_timebase_tim.o
    0x080017a8   0x080017a8   0x00000030   Code   RO          591    i.HAL_MspInit       stm32f0xx_hal_msp.o
    0x080017d8   0x080017d8   0x00000020   Code   RO         2757    i.HAL_NVIC_DisableIRQ  stm32f0xx_hal_cortex.o
    0x080017f8   0x080017f8   0x00000018   Code   RO         2758    i.HAL_NVIC_EnableIRQ  stm32f0xx_hal_cortex.o
    0x08001810   0x08001810   0x00000008   Code   RO         2762    i.HAL_NVIC_SetPriority  stm32f0xx_hal_cortex.o
    0x08001818   0x08001818   0x000000e8   Code   RO         1904    i.HAL_RCCEx_PeriphCLKConfig  stm32f0xx_hal_rcc_ex.o
    0x08001900   0x08001900   0x00000108   Code   RO         1808    i.HAL_RCC_ClockConfig  stm32f0xx_hal_rcc.o
    0x08001a08   0x08001a08   0x00000038   Code   RO         1812    i.HAL_RCC_GetClockConfig  stm32f0xx_hal_rcc.o
    0x08001a40   0x08001a40   0x00000020   Code   RO         1815    i.HAL_RCC_GetPCLK1Freq  stm32f0xx_hal_rcc.o
    0x08001a60   0x08001a60   0x0000004c   Code   RO         1816    i.HAL_RCC_GetSysClockFreq  stm32f0xx_hal_rcc.o
    0x08001aac   0x08001aac   0x00000388   Code   RO         1819    i.HAL_RCC_OscConfig  stm32f0xx_hal_rcc.o
    0x08001e34   0x08001e34   0x00000002   Code   RO         1348    i.HAL_TIMEx_BreakCallback  stm32f0xx_hal_tim_ex.o
    0x08001e36   0x08001e36   0x00000002   Code   RO         1349    i.HAL_TIMEx_CommutCallback  stm32f0xx_hal_tim_ex.o
    0x08001e38   0x08001e38   0x0000005c   Code   RO         1367    i.HAL_TIMEx_MasterConfigSynchronization  stm32f0xx_hal_tim_ex.o
    0x08001e94   0x08001e94   0x00000048   Code   RO          648    i.HAL_TIM_Base_Init  stm32f0xx_hal_tim.o
    0x08001edc   0x08001edc   0x00000024   Code   RO          450    i.HAL_TIM_Base_MspInit  tim.o
    0x08001f00   0x08001f00   0x00000050   Code   RO          653    i.HAL_TIM_Base_Start_IT  stm32f0xx_hal_tim.o
    0x08001f50   0x08001f50   0x000000dc   Code   RO          657    i.HAL_TIM_ConfigClockSource  stm32f0xx_hal_tim.o
    0x0800202c   0x0800202c   0x00000002   Code   RO          682    i.HAL_TIM_IC_CaptureCallback  stm32f0xx_hal_tim.o
    0x0800202e   0x0800202e   0x00000162   Code   RO          696    i.HAL_TIM_IRQHandler  stm32f0xx_hal_tim.o
    0x08002190   0x08002190   0x00000050   Code   RO          451    i.HAL_TIM_MspPostInit  tim.o
    0x080021e0   0x080021e0   0x00000002   Code   RO          699    i.HAL_TIM_OC_DelayElapsedCallback  stm32f0xx_hal_tim.o
    0x080021e2   0x080021e2   0x000000d0   Code   RO          720    i.HAL_TIM_PWM_ConfigChannel  stm32f0xx_hal_tim.o
    0x080022b2   0x080022b2   0x00000048   Code   RO          723    i.HAL_TIM_PWM_Init  stm32f0xx_hal_tim.o
    0x080022fa   0x080022fa   0x00000002   Code   RO          725    i.HAL_TIM_PWM_MspInit  stm32f0xx_hal_tim.o
    0x080022fc   0x080022fc   0x00000002   Code   RO          726    i.HAL_TIM_PWM_PulseFinishedCallback  stm32f0xx_hal_tim.o
    0x080022fe   0x080022fe   0x00000002   PAD
    0x08002300   0x08002300   0x000000a8   Code   RO          728    i.HAL_TIM_PWM_Start  stm32f0xx_hal_tim.o
    0x080023a8   0x080023a8   0x00000014   Code   RO           13    i.HAL_TIM_PeriodElapsedCallback  main.o
    0x080023bc   0x080023bc   0x00000002   Code   RO          739    i.HAL_TIM_TriggerCallback  stm32f0xx_hal_tim.o
    0x080023be   0x080023be   0x00000002   Code   RO         3231    i.HAL_UARTEx_RxEventCallback  stm32f0xx_hal_uart.o
    0x080023c0   0x080023c0   0x00000042   Code   RO         3244    i.HAL_UART_DeInit   stm32f0xx_hal_uart.o
    0x08002402   0x08002402   0x00000002   PAD
    0x08002404   0x08002404   0x00000030   Code   RO         5261    i.HAL_UART_ErrorCallback  uart_device.o
    0x08002434   0x08002434   0x00000294   Code   RO         3250    i.HAL_UART_IRQHandler  stm32f0xx_hal_uart.o
    0x080026c8   0x080026c8   0x0000006a   Code   RO         3251    i.HAL_UART_Init     stm32f0xx_hal_uart.o
    0x08002732   0x08002732   0x00000002   PAD
    0x08002734   0x08002734   0x00000060   Code   RO          493    i.HAL_UART_MspDeInit  usart.o
    0x08002794   0x08002794   0x00000100   Code   RO          494    i.HAL_UART_MspInit  usart.o
    0x08002894   0x08002894   0x00000058   Code   RO         3256    i.HAL_UART_Receive_IT  stm32f0xx_hal_uart.o
    0x080028ec   0x080028ec   0x00000030   Code   RO         5262    i.HAL_UART_RxCpltCallback  uart_device.o
    0x0800291c   0x0800291c   0x00000078   Code   RO         3262    i.HAL_UART_Transmit_IT  stm32f0xx_hal_uart.o
    0x08002994   0x08002994   0x00000028   Code   RO         5263    i.HAL_UART_TxCpltCallback  uart_device.o
    0x080029bc   0x080029bc   0x00000002   Code   RO          538    i.HardFault_Handler  stm32f0xx_it.o
    0x080029be   0x080029be   0x00000022   Code   RO         2150    i.I2C_Flush_TXDR    stm32f0xx_hal_i2c.o
    0x080029e0   0x080029e0   0x00000110   Code   RO         2158    i.I2C_IsErrorOccurred  stm32f0xx_hal_i2c.o
    0x08002af0   0x08002af0   0x0000002c   Code   RO         2167    i.I2C_TransferConfig  stm32f0xx_hal_i2c.o
    0x08002b1c   0x08002b1c   0x00000062   Code   RO         2169    i.I2C_WaitOnFlagUntilTimeout  stm32f0xx_hal_i2c.o
    0x08002b7e   0x08002b7e   0x00000002   PAD
    0x08002b80   0x08002b80   0x0000009c   Code   RO         2170    i.I2C_WaitOnRXNEFlagUntilTimeout  stm32f0xx_hal_i2c.o
    0x08002c1c   0x08002c1c   0x00000056   Code   RO         2171    i.I2C_WaitOnSTOPFlagUntilTimeout  stm32f0xx_hal_i2c.o
    0x08002c72   0x08002c72   0x0000005a   Code   RO         2172    i.I2C_WaitOnTXISFlagUntilTimeout  stm32f0xx_hal_i2c.o
    0x08002ccc   0x08002ccc   0x0000007c   Code   RO          329    i.MX_ADC_Init       adc.o
    0x08002d48   0x08002d48   0x00000028   Code   RO          365    i.MX_DMA_Init       dma.o
    0x08002d70   0x08002d70   0x0000003c   Code   RO          233    i.MX_FREERTOS_Init  freertos.o
    0x08002dac   0x08002dac   0x00000080   Code   RO          211    i.MX_GPIO_Init      gpio.o
    0x08002e2c   0x08002e2c   0x00000058   Code   RO          387    i.MX_I2C1_Init      i2c.o
    0x08002e84   0x08002e84   0x0000002c   Code   RO          423    i.MX_IWDG_Init      iwdg.o
    0x08002eb0   0x08002eb0   0x000000c4   Code   RO          452    i.MX_TIM3_Init      tim.o
    0x08002f74   0x08002f74   0x00000038   Code   RO          495    i.MX_USART1_UART_Init  usart.o
    0x08002fac   0x08002fac   0x00000002   Code   RO          539    i.NMI_Handler       stm32f0xx_it.o
    0x08002fae   0x08002fae   0x00000002   Code   RO         5194    i.SVC_Handler       port.o
    0x08002fb0   0x08002fb0   0x00000210   Code   RO          234    i.StartDefaultTask  freertos.o
    0x080031c0   0x080031c0   0x00000024   Code   RO         5195    i.SysTick_Handler   port.o
    0x080031e4   0x080031e4   0x00000080   Code   RO           14    i.SystemClock_Config  main.o
    0x08003264   0x08003264   0x00000002   Code   RO         3654    i.SystemInit        system_stm32f0xx.o
    0x08003266   0x08003266   0x00000002   PAD
    0x08003268   0x08003268   0x00000010   Code   RO          540    i.TIM16_IRQHandler  stm32f0xx_it.o
    0x08003278   0x08003278   0x00000088   Code   RO          741    i.TIM_Base_SetConfig  stm32f0xx_hal_tim.o
    0x08003300   0x08003300   0x0000001a   Code   RO          742    i.TIM_CCxChannelCmd  stm32f0xx_hal_tim.o
    0x0800331a   0x0800331a   0x00000016   Code   RO          752    i.TIM_ETR_SetConfig  stm32f0xx_hal_tim.o
    0x08003330   0x08003330   0x00000010   Code   RO          753    i.TIM_ITRx_SetConfig  stm32f0xx_hal_tim.o
    0x08003340   0x08003340   0x00000088   Code   RO          754    i.TIM_OC1_SetConfig  stm32f0xx_hal_tim.o
    0x080033c8   0x080033c8   0x00000080   Code   RO          755    i.TIM_OC2_SetConfig  stm32f0xx_hal_tim.o
    0x08003448   0x08003448   0x00000084   Code   RO          756    i.TIM_OC3_SetConfig  stm32f0xx_hal_tim.o
    0x080034cc   0x080034cc   0x0000006c   Code   RO          757    i.TIM_OC4_SetConfig  stm32f0xx_hal_tim.o
    0x08003538   0x08003538   0x00000022   Code   RO          759    i.TIM_TI1_ConfigInputStage  stm32f0xx_hal_tim.o
    0x0800355a   0x0800355a   0x00000026   Code   RO          761    i.TIM_TI2_ConfigInputStage  stm32f0xx_hal_tim.o
    0x08003580   0x08003580   0x000000ca   Code   RO         3265    i.UART_AdvFeatureConfig  stm32f0xx_hal_uart.o
    0x0800364a   0x0800364a   0x00000002   PAD
    0x0800364c   0x0800364c   0x000000c4   Code   RO         3266    i.UART_CheckIdleState  stm32f0xx_hal_uart.o
    0x08003710   0x08003710   0x00000014   Code   RO         3267    i.UART_DMAAbortOnError  stm32f0xx_hal_uart.o
    0x08003724   0x08003724   0x00000060   Code   RO         3277    i.UART_EndRxTransfer  stm32f0xx_hal_uart.o
    0x08003784   0x08003784   0x000000ce   Code   RO         3279    i.UART_RxISR_16BIT  stm32f0xx_hal_uart.o
    0x08003852   0x08003852   0x000000ce   Code   RO         3280    i.UART_RxISR_8BIT   stm32f0xx_hal_uart.o
    0x08003920   0x08003920   0x00000158   Code   RO         3281    i.UART_SetConfig    stm32f0xx_hal_uart.o
    0x08003a78   0x08003a78   0x000000c8   Code   RO         3283    i.UART_Start_Receive_IT  stm32f0xx_hal_uart.o
    0x08003b40   0x08003b40   0x0000005e   Code   RO         3284    i.UART_TxISR_16BIT  stm32f0xx_hal_uart.o
    0x08003b9e   0x08003b9e   0x0000005a   Code   RO         3285    i.UART_TxISR_8BIT   stm32f0xx_hal_uart.o
    0x08003bf8   0x08003bf8   0x0000008a   Code   RO         3286    i.UART_WaitOnFlagUntilTimeout  stm32f0xx_hal_uart.o
    0x08003c82   0x08003c82   0x00000002   PAD
    0x08003c84   0x08003c84   0x00000010   Code   RO          541    i.USART1_IRQHandler  stm32f0xx_it.o
    0x08003c94   0x08003c94   0x00000010   Code   RO          542    i.USART3_6_IRQHandler  stm32f0xx_it.o
    0x08003ca4   0x08003ca4   0x00000030   Code   RO         1894    i.__ARM_common_ll_muluu  stm32f0xx_hal_rcc.o
    0x08003cd4   0x08003cd4   0x0000001a   Code   RO          273    i.__ARM_common_switch8  freertos.o
    0x08003cee   0x08003cee   0x00000002   PAD
    0x08003cf0   0x08003cf0   0x00000044   Code   RO         2768    i.__NVIC_SetPriority  stm32f0xx_hal_cortex.o
    0x08003d34   0x08003d34   0x00000024   Code   RO         5348    i._modbus_init_common  modbus.o
    0x08003d58   0x08003d58   0x000001b8   Code   RO         5349    i._modbus_receive_msg  modbus.o
    0x08003f10   0x08003f10   0x00000022   Code   RO         5701    i._modbus_rtu_build_request_basis  modbus-st-rtu.o
    0x08003f32   0x08003f32   0x0000000c   Code   RO         5702    i._modbus_rtu_build_response_basis  modbus-st-rtu.o
    0x08003f3e   0x08003f3e   0x00000002   PAD
    0x08003f40   0x08003f40   0x00000058   Code   RO         5703    i._modbus_rtu_check_integrity  modbus-st-rtu.o
    0x08003f98   0x08003f98   0x00000002   Code   RO         5704    i._modbus_rtu_close  modbus-st-rtu.o
    0x08003f9a   0x08003f9a   0x0000001e   Code   RO         5705    i._modbus_rtu_connect  modbus-st-rtu.o
    0x08003fb8   0x08003fb8   0x00000008   Code   RO         5706    i._modbus_rtu_flush  modbus-st-rtu.o
    0x08003fc0   0x08003fc0   0x0000001e   Code   RO         5707    i._modbus_rtu_free  modbus-st-rtu.o
    0x08003fde   0x08003fde   0x00000004   Code   RO         5708    i._modbus_rtu_is_connected  modbus-st-rtu.o
    0x08003fe2   0x08003fe2   0x00000002   PAD
    0x08003fe4   0x08003fe4   0x00000024   Code   RO         5709    i._modbus_rtu_pre_check_confirmation  modbus-st-rtu.o
    0x08004008   0x08004008   0x0000000a   Code   RO         5710    i._modbus_rtu_prepare_response_tid  modbus-st-rtu.o
    0x08004012   0x08004012   0x00000026   Code   RO         5711    i._modbus_rtu_receive  modbus-st-rtu.o
    0x08004038   0x08004038   0x00000024   Code   RO         5712    i._modbus_rtu_recv  modbus-st-rtu.o
    0x0800405c   0x0800405c   0x00000004   Code   RO         5713    i._modbus_rtu_select  modbus-st-rtu.o
    0x08004060   0x08004060   0x00000028   Code   RO         5714    i._modbus_rtu_send  modbus-st-rtu.o
    0x08004088   0x08004088   0x0000001a   Code   RO         5715    i._modbus_rtu_send_msg_pre  modbus-st-rtu.o
    0x080040a2   0x080040a2   0x00000002   PAD
    0x080040a4   0x080040a4   0x0000002c   Code   RO         5716    i._modbus_set_slave  modbus-st-rtu.o
    0x080040d0   0x080040d0   0x0000001e   Code   RO         5350    i._sleep_response_timeout  modbus.o
    0x080040ee   0x080040ee   0x00000002   PAD
    0x080040f0   0x080040f0   0x000000bc   Code   RO          235    i.adc_sensorTask    freertos.o
    0x080041ac   0x080041ac   0x00000030   Code   RO         5717    i.crc16             modbus-st-rtu.o
    0x080041dc   0x080041dc   0x00000040   Code   RO           15    i.main              main.o
    0x0800421c   0x0800421c   0x0000000c   Code   RO         5353    i.modbus_close      modbus.o
    0x08004228   0x08004228   0x0000001c   Code   RO         5354    i.modbus_connect    modbus.o
    0x08004244   0x08004244   0x0000001c   Code   RO         5357    i.modbus_flush      modbus.o
    0x08004260   0x08004260   0x0000000c   Code   RO         5358    i.modbus_free       modbus.o
    0x0800426c   0x0800426c   0x000000c4   Code   RO         5367    i.modbus_mapping_new_start_address  modbus.o
    0x08004330   0x08004330   0x000000ac   Code   RO         5718    i.modbus_new_st_rtu  modbus-st-rtu.o
    0x080043dc   0x080043dc   0x0000001c   Code   RO         5373    i.modbus_receive    modbus.o
    0x080043f8   0x080043f8   0x000006ec   Code   RO         5375    i.modbus_reply      modbus.o
    0x08004ae4   0x08004ae4   0x0000003c   Code   RO         5821    i.modbus_set_bits_from_bytes  modbus-data.o
    0x08004b20   0x08004b20   0x0000001c   Code   RO         5384    i.modbus_set_slave  modbus.o
    0x08004b3c   0x08004b3c   0x00000034   Code   RO         4743    i.osKernelInitialize  cmsis_os2.o
    0x08004b70   0x08004b70   0x0000003c   Code   RO         4746    i.osKernelStart     cmsis_os2.o
    0x08004bac   0x08004bac   0x000000b4   Code   RO         4780    i.osThreadNew       cmsis_os2.o
    0x08004c60   0x08004c60   0x00000058   Code   RO         4238    i.prvAddCurrentTaskToDelayedList  tasks.o
    0x08004cb8   0x08004cb8   0x000000bc   Code   RO         4239    i.prvAddNewTaskToReadyList  tasks.o
    0x08004d74   0x08004d74   0x0000005c   Code   RO         4588    i.prvCheckForValidListAndQueue  timers.o
    0x08004dd0   0x08004dd0   0x00000026   Code   RO         3844    i.prvCopyDataFromQueue  queue.o
    0x08004df6   0x08004df6   0x00000070   Code   RO         3845    i.prvCopyDataToQueue  queue.o
    0x08004e66   0x08004e66   0x00000026   Code   RO         4240    i.prvDeleteTCB      tasks.o
    0x08004e8c   0x08004e8c   0x00000044   Code   RO         5144    i.prvHeapInit       heap_4.o
    0x08004ed0   0x08004ed0   0x0000004c   Code   RO         4241    i.prvIdleTask       tasks.o
    0x08004f1c   0x08004f1c   0x00000018   Code   RO         3846    i.prvInitialiseMutex  queue.o
    0x08004f34   0x08004f34   0x00000022   Code   RO         3847    i.prvInitialiseNewQueue  queue.o
    0x08004f56   0x08004f56   0x00000088   Code   RO         4242    i.prvInitialiseNewTask  tasks.o
    0x08004fde   0x08004fde   0x00000002   PAD
    0x08004fe0   0x08004fe0   0x0000004c   Code   RO         5145    i.prvInsertBlockIntoFreeList  heap_4.o
    0x0800502c   0x0800502c   0x00000038   Code   RO         4590    i.prvInsertTimerInActiveList  timers.o
    0x08005064   0x08005064   0x0000001c   Code   RO         3848    i.prvIsQueueEmpty   queue.o
    0x08005080   0x08005080   0x000000bc   Code   RO         4591    i.prvProcessReceivedCommands  timers.o
    0x0800513c   0x0800513c   0x0000009c   Code   RO         4592    i.prvProcessTimerOrBlockTask  timers.o
    0x080051d8   0x080051d8   0x00000020   Code   RO         4244    i.prvResetNextTaskUnblockTime  tasks.o
    0x080051f8   0x080051f8   0x00000028   Code   RO         4593    i.prvSampleTimeNow  timers.o
    0x08005220   0x08005220   0x00000060   Code   RO         4594    i.prvSwitchTimerLists  timers.o
    0x08005280   0x08005280   0x00000014   Code   RO         5196    i.prvTaskExitError  port.o
    0x08005294   0x08005294   0x00000024   Code   RO         4595    i.prvTimerTask      timers.o
    0x080052b8   0x080052b8   0x00000070   Code   RO         3849    i.prvUnlockQueue    queue.o
    0x08005328   0x08005328   0x000000b0   Code   RO         5146    i.pvPortMalloc      heap_4.o
    0x080053d8   0x080053d8   0x00000018   Code   RO         4247    i.pvTaskIncrementMutexHeldCount  tasks.o
    0x080053f0   0x080053f0   0x00000020   Code   RO         5197    i.pxPortInitialiseStack  port.o
    0x08005410   0x08005410   0x00000032   Code   RO         5394    i.response_exception  modbus.o
    0x08005442   0x08005442   0x00000002   PAD
    0x08005444   0x08005444   0x0000009c   Code   RO         5395    i.send_msg          modbus.o
    0x080054e0   0x080054e0   0x0000001c   Code   RO         5264    i.stm32_uart_flush  uart_device.o
    0x080054fc   0x080054fc   0x0000003c   Code   RO         5265    i.stm32_uart_init   uart_device.o
    0x08005538   0x08005538   0x00000018   Code   RO         5266    i.stm32_uart_recv   uart_device.o
    0x08005550   0x08005550   0x00000044   Code   RO         5267    i.stm32_uart_send   uart_device.o
    0x08005594   0x08005594   0x00000026   Code   RO         3807    i.uxListRemove      list.o
    0x080055ba   0x080055ba   0x00000002   PAD
    0x080055bc   0x080055bc   0x00000018   Code   RO         4792    i.vApplicationGetIdleTaskMemory  cmsis_os2.o
    0x080055d4   0x080055d4   0x00000018   Code   RO         4793    i.vApplicationGetTimerTaskMemory  cmsis_os2.o
    0x080055ec   0x080055ec   0x00000016   Code   RO         3808    i.vListInitialise   list.o
    0x08005602   0x08005602   0x00000006   Code   RO         3809    i.vListInitialiseItem  list.o
    0x08005608   0x08005608   0x00000030   Code   RO         3810    i.vListInsert       list.o
    0x08005638   0x08005638   0x00000018   Code   RO         3811    i.vListInsertEnd    list.o
    0x08005650   0x08005650   0x00000018   Code   RO         5199    i.vPortEnterCritical  port.o
    0x08005668   0x08005668   0x0000001c   Code   RO         5200    i.vPortExitCritical  port.o
    0x08005684   0x08005684   0x00000044   Code   RO         5147    i.vPortFree         heap_4.o
    0x080056c8   0x080056c8   0x00000018   Code   RO         5201    i.vPortYield        port.o
    0x080056e0   0x080056e0   0x00000024   Code   RO         3855    i.vQueueAddToRegistry  queue.o
    0x08005704   0x08005704   0x00000044   Code   RO         3859    i.vQueueWaitForMessageRestricted  queue.o
    0x08005748   0x08005748   0x00000030   Code   RO         4256    i.vTaskDelay        tasks.o
    0x08005778   0x08005778   0x00000078   Code   RO         4258    i.vTaskDelete       tasks.o
    0x080057f0   0x080057f0   0x00000010   Code   RO         4261    i.vTaskInternalSetTimeOutState  tasks.o
    0x08005800   0x08005800   0x0000000c   Code   RO         4262    i.vTaskMissedYield  tasks.o
    0x0800580c   0x0800580c   0x00000024   Code   RO         4264    i.vTaskPlaceOnEventList  tasks.o
    0x08005830   0x08005830   0x00000030   Code   RO         4265    i.vTaskPlaceOnEventListRestricted  tasks.o
    0x08005860   0x08005860   0x00000070   Code   RO         4267    i.vTaskPriorityDisinheritAfterTimeout  tasks.o
    0x080058d0   0x080058d0   0x00000068   Code   RO         4273    i.vTaskStartScheduler  tasks.o
    0x08005938   0x08005938   0x00000010   Code   RO         4275    i.vTaskSuspendAll   tasks.o
    0x08005948   0x08005948   0x00000058   Code   RO         4276    i.vTaskSwitchContext  tasks.o
    0x080059a0   0x080059a0   0x00000050   Code   RO         5202    i.xPortStartScheduler  port.o
    0x080059f0   0x080059f0   0x00000016   Code   RO         3862    i.xQueueCreateMutex  queue.o
    0x08005a06   0x08005a06   0x0000003c   Code   RO         3864    i.xQueueGenericCreate  queue.o
    0x08005a42   0x08005a42   0x00000040   Code   RO         3865    i.xQueueGenericCreateStatic  queue.o
    0x08005a82   0x08005a82   0x0000006c   Code   RO         3866    i.xQueueGenericReset  queue.o
    0x08005aee   0x08005aee   0x00000118   Code   RO         3867    i.xQueueGenericSend  queue.o
    0x08005c06   0x08005c06   0x0000008c   Code   RO         3868    i.xQueueGenericSendFromISR  queue.o
    0x08005c92   0x08005c92   0x00000074   Code   RO         3871    i.xQueueGiveFromISR  queue.o
    0x08005d06   0x08005d06   0x00000102   Code   RO         3877    i.xQueueReceive     queue.o
    0x08005e08   0x08005e08   0x00000140   Code   RO         3879    i.xQueueSemaphoreTake  queue.o
    0x08005f48   0x08005f48   0x0000005c   Code   RO         4277    i.xTaskCheckForTimeOut  tasks.o
    0x08005fa4   0x08005fa4   0x00000052   Code   RO         4278    i.xTaskCreate       tasks.o
    0x08005ff6   0x08005ff6   0x00000044   Code   RO         4279    i.xTaskCreateStatic  tasks.o
    0x0800603a   0x0800603a   0x00000002   PAD
    0x0800603c   0x0800603c   0x00000020   Code   RO         4283    i.xTaskGetSchedulerState  tasks.o
    0x0800605c   0x0800605c   0x0000000c   Code   RO         4284    i.xTaskGetTickCount  tasks.o
    0x08006068   0x08006068   0x000000bc   Code   RO         4286    i.xTaskIncrementTick  tasks.o
    0x08006124   0x08006124   0x00000068   Code   RO         4289    i.xTaskPriorityDisinherit  tasks.o
    0x0800618c   0x0800618c   0x00000078   Code   RO         4290    i.xTaskPriorityInherit  tasks.o
    0x08006204   0x08006204   0x00000064   Code   RO         4291    i.xTaskRemoveFromEventList  tasks.o
    0x08006268   0x08006268   0x000000b0   Code   RO         4292    i.xTaskResumeAll    tasks.o
    0x08006318   0x08006318   0x00000058   Code   RO         4602    i.xTimerCreateTimerTask  timers.o
    0x08006370   0x08006370   0x00000054   Code   RO         4603    i.xTimerGenericCommand  timers.o
    0x080063c4   0x080063c4   0x00000024   Data   RO          236    .constdata          freertos.o
    0x080063e8   0x080063e8   0x00000020   Data   RO         1820    .constdata          stm32f0xx_hal_rcc.o
    0x08006408   0x08006408   0x00000010   Data   RO         3655    .constdata          system_stm32f0xx.o
    0x08006418   0x08006418   0x00000008   Data   RO         3656    .constdata          system_stm32f0xx.o
    0x08006420   0x08006420   0x00000250   Data   RO         5719    .constdata          modbus-st-rtu.o
    0x08006670   0x08006670   0x0000000c   Data   RO          237    .conststring        freertos.o
    0x0800667c   0x0800667c   0x00000006   Data   RO         5268    .conststring        uart_device.o
    0x08006682   0x08006682   0x00000002   PAD
    0x08006684   0x08006684   0x0000009d   Data   RO         5401    .conststring        modbus.o
    0x08006721   0x08006721   0x00000003   PAD
    0x08006724   0x08006724   0x00000020   Data   RO         6111    Region$$Table       anon$$obj.o


    Execution Region RW_IRAM1 (Exec base: 0x20000000, Load base: 0x08006744, Size: 0x00004288, Max: 0x00008000, ABSOLUTE)

    Exec Addr    Load Addr    Size         Type   Attr      Idx    E Section Name        Object

    0x20000000   0x08006744   0x00000014   Data   RW          238    .data               freertos.o
    0x20000014   0x08006758   0x0000000c   Data   RW         1957    .data               stm32f0xx_hal.o
    0x20000020   0x08006764   0x00000004   Data   RW         3657    .data               system_stm32f0xx.o
    0x20000024   0x08006768   0x0000003c   Data   RW         4295    .data               tasks.o
    0x20000060   0x080067a4   0x00000014   Data   RW         4611    .data               timers.o
    0x20000074   0x080067b8   0x00000004   Data   RW         4795    .data               cmsis_os2.o
    0x20000078   0x080067bc   0x00000018   Data   RW         5152    .data               heap_4.o
    0x20000090   0x080067d4   0x00000004   Data   RW         5203    .data               port.o
    0x20000094   0x080067d8   0x00000018   Data   RW         5269    .data               uart_device.o
    0x200000ac   0x080067f0   0x0000001c   Data   RW         5270    .data               uart_device.o
    0x200000c8   0x0800680c   0x00000004   Data   RW         5341    .data               errno.o
    0x200000cc        -       0x00000040   Zero   RW          330    .bss                adc.o
    0x2000010c        -       0x00000054   Zero   RW          388    .bss                i2c.o
    0x20000160        -       0x00000010   Zero   RW          424    .bss                iwdg.o
    0x20000170        -       0x00000048   Zero   RW          453    .bss                tim.o
    0x200001b8        -       0x00000154   Zero   RW          497    .bss                usart.o
    0x2000030c        -       0x00000048   Zero   RW          614    .bss                stm32f0xx_hal_timebase_tim.o
    0x20000354        -       0x00000040   Zero   RW         3881    .bss                queue.o
    0x20000394        -       0x000004c4   Zero   RW         4294    .bss                tasks.o
    0x20000858        -       0x00000118   Zero   RW         4610    .bss                timers.o
    0x20000970        -       0x00000cb8   Zero   RW         4794    .bss                cmsis_os2.o
    0x20001628        -       0x00002000   Zero   RW         5151    .bss                heap_4.o
    0x20003628        -       0x00000060   Zero   RW         5999    .bss                c_p.l(libspace.o)
    0x20003688        -       0x00000400   Zero   RW            2    HEAP                startup_stm32f030xc.o
    0x20003a88        -       0x00000800   Zero   RW            1    STACK               startup_stm32f030xc.o


==============================================================================

Image component sizes


      Code (inc. data)   RO Data    RW Data    ZI Data      Debug   Object Name

       212         18          0          0         64       1579   adc.o
       340         28          0          4       3256      12036   cmsis_os2.o
        40          4          0          0          0        690   dma.o
         0          0          0          4          0        220   errno.o
         0          0          0          0          0      12496   event_groups.o
      1040         98         48         20          0      20838   freertos.o
       128         10          0          0          0        823   gpio.o
       388         22          0         24       8192       4019   heap_4.o
       188         24          0          0         84       1525   i2c.o
        44         12          0          0         16        619   iwdg.o
       138          0          0          0          0       3202   list.o
       216          8          0          0          0     320356   main.o
        60          0          0          0          0       1357   modbus-data.o
       662         50        592          0          0      19613   modbus-st-rtu.o
      2816        656        157          0          0      22584   modbus.o
       366         58          0          4          0       6592   port.o
      1820          4          0          0         64      16996   queue.o
        56         26        184          0       3072        612   startup_stm32f030xc.o
        60         16          0         12          0       6666   stm32f0xx_hal.o
      1088         48          0          0          0       5498   stm32f0xx_hal_adc.o
       184          0          0          0          0       1338   stm32f0xx_hal_adc_ex.o
       132         20          0          0          0      10082   stm32f0xx_hal_cortex.o
       486         16          0          0          0       4284   stm32f0xx_hal_dma.o
       660         44          0          0          0       3427   stm32f0xx_hal_gpio.o
      1504         40          0          0          0      10902   stm32f0xx_hal_i2c.o
       146          0          0          0          0       1823   stm32f0xx_hal_i2c_ex.o
       124         20          0          0          0       1775   stm32f0xx_hal_iwdg.o
        48          4          0          0          0        774   stm32f0xx_hal_msp.o
      1380         70         32          0          0       5070   stm32f0xx_hal_rcc.o
       232         14          0          0          0       1308   stm32f0xx_hal_rcc_ex.o
      1960        126          0          0          0      15306   stm32f0xx_hal_tim.o
        96         14          0          0          0       2281   stm32f0xx_hal_tim_ex.o
       156         24          0          0         72       1392   stm32f0xx_hal_timebase_tim.o
      2834         78          0          0          0      21811   stm32f0xx_hal_uart.o
        68         24          0          0          0       2530   stm32f0xx_it.o
         0          0          0          0          0       8968   stream_buffer.o
         2          0         24          4          0       1039   system_stm32f0xx.o
      2156        186          0         60       1220      23335   tasks.o
       312         26          0          0         72       2192   tim.o
       836         74          0         20        280       8827   timers.o
       344         30          6         52          0       6392   uart_device.o
       408         50          0          0        340       2325   usart.o

    ----------------------------------------------------------------------
     23772       1942       1080        204      16732     595502   Object Totals
         0          0         32          0          0          0   (incl. Generated)
        42          0          5          0          0          0   (incl. Padding)

    ----------------------------------------------------------------------

      Code (inc. data)   RO Data    RW Data    ZI Data      Debug   Library Member Name

         8          0          0          0          0         68   __main.o
         0          0          0          0          0          0   __rtentry.o
        12          0          0          0          0          0   __rtentry2.o
         6          0          0          0          0          0   __rtentry4.o
        60          8          0          0          0          0   __scatter.o
        26          0          0          0          0          0   __scatter_copy.o
        28          0          0          0          0          0   __scatter_zi.o
        20          0          0          0          0         68   abort.o
        18          0          0          0          0         68   aeabi_memset.o
       346          0          0          0          0         92   aeabi_sdiv.o
        48         34          0          0          0         68   defsig_abrt_inner.o
        12          0          0          0          0         68   defsig_abrt_outer.o
        12          0          0          0          0         68   defsig_exit.o
        52          0          0          0          0         72   defsig_general.o
        16          0          0          0          0         68   exit.o
         6          0          0          0          0        136   heapauxi.o
         0          0          0          0          0          0   indicate_semi.o
         2          0          0          0          0          0   libinit.o
         2          0          0          0          0          0   libinit2.o
         2          0          0          0          0          0   libshutdown.o
         2          0          0          0          0          0   libshutdown2.o
         8          4          0          0         96         68   libspace.o
       258          0          0          0          0         88   lludiv.o
        64          0          0          0          0        108   rt_memclr.o
       186          0          0          0          0        144   rt_memcpy.o
         2          0          0          0          0          0   rtexit.o
        10          0          0          0          0          0   rtexit2.o
       136          4          0          0          0         72   strcmp.o
        76          6          0          0          0         72   strcpy.o
        68          6          0          0          0         72   strlen.o
        12          4          0          0          0         60   sys_exit.o
        62          0          0          0          0         80   sys_stackheap_outer.o
        12          0          0          0          0         68   sys_wrch.o
         2          0          0          0          0         68   use_no_semi.o

    ----------------------------------------------------------------------
      1584         66          0          0         96       1676   Library Totals
        10          0          0          0          0          0   (incl. Padding)

    ----------------------------------------------------------------------

      Code (inc. data)   RO Data    RW Data    ZI Data      Debug   Library Name

      1574         66          0          0         96       1676   c_p.l

    ----------------------------------------------------------------------
      1584         66          0          0         96       1676   Library Totals

    ----------------------------------------------------------------------

==============================================================================


      Code (inc. data)   RO Data    RW Data    ZI Data      Debug   

     25356       2008       1080        204      16828     586238   Grand Totals
     25356       2008       1080        204      16828     586238   ELF Image Totals
     25356       2008       1080        204          0          0   ROM Totals

==============================================================================

    Total RO  Size (Code + RO Data)                26436 (  25.82kB)
    Total RW  Size (RW Data + ZI Data)             17032 (  16.63kB)
    Total ROM Size (Code + RO Data + RW Data)      26640 (  26.02kB)

==============================================================================

