Component: ARM Compiler 5.06 update 7 (build 960) Tool: armlink [4d3601]

==============================================================================

Section Cross References

    startup_stm32f030xc.o(STACK) refers (Special) to heapauxi.o(.text) for __use_two_region_memory
    startup_stm32f030xc.o(HEAP) refers (Special) to heapauxi.o(.text) for __use_two_region_memory
    startup_stm32f030xc.o(RESET) refers (Special) to heapauxi.o(.text) for __use_two_region_memory
    startup_stm32f030xc.o(RESET) refers to startup_stm32f030xc.o(STACK) for __initial_sp
    startup_stm32f030xc.o(RESET) refers to startup_stm32f030xc.o(.text) for Reset_Handler
    startup_stm32f030xc.o(RESET) refers to stm32f0xx_it.o(i.NMI_Handler) for NMI_Handler
    startup_stm32f030xc.o(RESET) refers to stm32f0xx_it.o(i.HardFault_Handler) for HardFault_Handler
    startup_stm32f030xc.o(RESET) refers to port.o(i.SVC_Handler) for SVC_Handler
    startup_stm32f030xc.o(RESET) refers to port.o(.emb_text) for PendSV_Handler
    startup_stm32f030xc.o(RESET) refers to port.o(i.SysTick_Handler) for SysTick_Handler
    startup_stm32f030xc.o(RESET) refers to stm32f0xx_it.o(i.DMA1_Channel1_IRQHandler) for DMA1_Channel1_IRQHandler
    startup_stm32f030xc.o(RESET) refers to stm32f0xx_it.o(i.TIM16_IRQHandler) for TIM16_IRQHandler
    startup_stm32f030xc.o(RESET) refers to stm32f0xx_it.o(i.USART1_IRQHandler) for USART1_IRQHandler
    startup_stm32f030xc.o(RESET) refers to stm32f0xx_it.o(i.USART3_6_IRQHandler) for USART3_6_IRQHandler
    startup_stm32f030xc.o(.text) refers (Special) to heapauxi.o(.text) for __use_two_region_memory
    startup_stm32f030xc.o(.text) refers to system_stm32f0xx.o(i.SystemInit) for SystemInit
    startup_stm32f030xc.o(.text) refers to __main.o(!!!main) for __main
    startup_stm32f030xc.o(.text) refers to startup_stm32f030xc.o(HEAP) for Heap_Mem
    startup_stm32f030xc.o(.text) refers to startup_stm32f030xc.o(STACK) for Stack_Mem
    main.o(i.HAL_TIM_PeriodElapsedCallback) refers to stm32f0xx_hal.o(i.HAL_IncTick) for HAL_IncTick
    main.o(i.SystemClock_Config) refers to rt_memclr.o(.text) for __aeabi_memclr4
    main.o(i.SystemClock_Config) refers to stm32f0xx_hal_rcc.o(i.HAL_RCC_OscConfig) for HAL_RCC_OscConfig
    main.o(i.SystemClock_Config) refers to stm32f0xx_hal_rcc.o(i.HAL_RCC_ClockConfig) for HAL_RCC_ClockConfig
    main.o(i.SystemClock_Config) refers to stm32f0xx_hal_rcc_ex.o(i.HAL_RCCEx_PeriphCLKConfig) for HAL_RCCEx_PeriphCLKConfig
    main.o(i.main) refers to stm32f0xx_hal.o(i.HAL_Init) for HAL_Init
    main.o(i.main) refers to main.o(i.SystemClock_Config) for SystemClock_Config
    main.o(i.main) refers to gpio.o(i.MX_GPIO_Init) for MX_GPIO_Init
    main.o(i.main) refers to dma.o(i.MX_DMA_Init) for MX_DMA_Init
    main.o(i.main) refers to usart.o(i.MX_USART1_UART_Init) for MX_USART1_UART_Init
    main.o(i.main) refers to adc.o(i.MX_ADC_Init) for MX_ADC_Init
    main.o(i.main) refers to i2c.o(i.MX_I2C1_Init) for MX_I2C1_Init
    main.o(i.main) refers to usart.o(i.MX_USART5_UART_Init) for MX_USART5_UART_Init
    main.o(i.main) refers to tim.o(i.MX_TIM3_Init) for MX_TIM3_Init
    main.o(i.main) refers to stm32f0xx_hal_gpio.o(i.HAL_GPIO_WritePin) for HAL_GPIO_WritePin
    main.o(i.main) refers to freertos.o(i.Start_DMA_Reception) for Start_DMA_Reception
    main.o(i.main) refers to cmsis_os2.o(i.osKernelInitialize) for osKernelInitialize
    main.o(i.main) refers to freertos.o(i.MX_FREERTOS_Init) for MX_FREERTOS_Init
    main.o(i.main) refers to cmsis_os2.o(i.osKernelStart) for osKernelStart
    gpio.o(i.MX_GPIO_Init) refers to rt_memclr.o(.text) for __aeabi_memclr4
    gpio.o(i.MX_GPIO_Init) refers to stm32f0xx_hal_gpio.o(i.HAL_GPIO_WritePin) for HAL_GPIO_WritePin
    gpio.o(i.MX_GPIO_Init) refers to stm32f0xx_hal_gpio.o(i.HAL_GPIO_Init) for HAL_GPIO_Init
    freertos.o(i.AHT20Task) refers to queue.o(i.xQueueCreateMutex) for xQueueCreateMutex
    freertos.o(i.AHT20Task) refers to tasks.o(i.vTaskDelay) for vTaskDelay
    freertos.o(i.AHT20Task) refers to queue.o(i.xQueueSemaphoreTake) for xQueueSemaphoreTake
    freertos.o(i.AHT20Task) refers to stm32f0xx_hal_i2c.o(i.HAL_I2C_Master_Transmit) for HAL_I2C_Master_Transmit
    freertos.o(i.AHT20Task) refers to stm32f0xx_hal_i2c.o(i.HAL_I2C_Master_Receive) for HAL_I2C_Master_Receive
    freertos.o(i.AHT20Task) refers to queue.o(i.xQueueGenericSend) for xQueueGenericSend
    freertos.o(i.AHT20Task) refers to freertos.o(i.Calc_CRC8) for Calc_CRC8
    freertos.o(i.AHT20Task) refers to freertos.o(.data) for .data
    freertos.o(i.AHT20Task) refers to i2c.o(.bss) for hi2c1
    freertos.o(i.Handle_UART_Idle) refers to queue.o(i.xQueueReceiveFromISR) for xQueueReceiveFromISR
    freertos.o(i.Handle_UART_Idle) refers to stm32f0xx_hal_uart.o(i.HAL_UART_DMAStop) for HAL_UART_DMAStop
    freertos.o(i.Handle_UART_Idle) refers to stm32f0xx_hal_uart.o(i.HAL_UART_Receive_DMA) for HAL_UART_Receive_DMA
    freertos.o(i.Handle_UART_Idle) refers to freertos.o(.data) for .data
[...]
    i.xQueueGenericSendFromISR               0x08005e7a   Section        0  queue.o(i.xQueueGenericSendFromISR)
    i.xQueueGiveFromISR                      0x08005f06   Section        0  queue.o(i.xQueueGiveFromISR)
    i.xQueueReceive                          0x08005f7a   Section        0  queue.o(i.xQueueReceive)
    i.xQueueReceiveFromISR                   0x0800607c   Section        0  queue.o(i.xQueueReceiveFromISR)
    i.xQueueSemaphoreTake                    0x080060f4   Section        0  queue.o(i.xQueueSemaphoreTake)
    i.xTaskCheckForTimeOut                   0x08006234   Section        0  tasks.o(i.xTaskCheckForTimeOut)
    i.xTaskCreate                            0x08006290   Section        0  tasks.o(i.xTaskCreate)
    i.xTaskCreateStatic                      0x080062e2   Section        0  tasks.o(i.xTaskCreateStatic)
    i.xTaskGetSchedulerState                 0x08006328   Section        0  tasks.o(i.xTaskGetSchedulerState)
    i.xTaskGetTickCount                      0x08006348   Section        0  tasks.o(i.xTaskGetTickCount)
    i.xTaskIncrementTick                     0x08006354   Section        0  tasks.o(i.xTaskIncrementTick)
    i.xTaskPriorityDisinherit                0x08006410   Section        0  tasks.o(i.xTaskPriorityDisinherit)
    i.xTaskPriorityInherit                   0x08006478   Section        0  tasks.o(i.xTaskPriorityInherit)
    i.xTaskRemoveFromEventList               0x080064f0   Section        0  tasks.o(i.xTaskRemoveFromEventList)
    i.xTaskResumeAll                         0x08006554   Section        0  tasks.o(i.xTaskResumeAll)
    i.xTimerCreateTimerTask                  0x08006604   Section        0  timers.o(i.xTimerCreateTimerTask)
    i.xTimerGenericCommand                   0x0800665c   Section        0  timers.o(i.xTimerGenericCommand)
    .constdata                               0x080066b0   Section       36  freertos.o(.constdata)
    .constdata                               0x080066d4   Section       32  stm32f0xx_hal_rcc.o(.constdata)
    aPLLMULFactorTable                       0x080066d4   Data          16  stm32f0xx_hal_rcc.o(.constdata)
    aPredivFactorTable                       0x080066e4   Data          16  stm32f0xx_hal_rcc.o(.constdata)
    .constdata                               0x080066f4   Section       16  system_stm32f0xx.o(.constdata)
    .constdata                               0x08006704   Section        8  system_stm32f0xx.o(.constdata)
    .constdata                               0x0800670c   Section      592  modbus-st-rtu.o(.constdata)
    table_crc_hi                             0x0800670c   Data         256  modbus-st-rtu.o(.constdata)
    table_crc_lo                             0x0800680c   Data         256  modbus-st-rtu.o(.constdata)
    .conststring                             0x0800695c   Section       12  freertos.o(.conststring)
    .conststring                             0x08006968   Section        6  uart_device.o(.conststring)
    .conststring                             0x08006970   Section      157  modbus.o(.conststring)
    .data                                    0x20000000   Section       24  freertos.o(.data)
    beep_flag                                0x20000000   Data           1  freertos.o(.data)
    beep_status                              0x20000001   Data           1  freertos.o(.data)
    g_temp                                   0x2000000c   Data           4  freertos.o(.data)
    g_humi                                   0x20000010   Data           4  freertos.o(.data)
    .data                                    0x20000018   Section       12  stm32f0xx_hal.o(.data)
    .data                                    0x20000024   Section        4  system_stm32f0xx.o(.data)
    .data                                    0x20000028   Section       60  tasks.o(.data)
    pxDelayedTaskList                        0x2000002c   Data           4  tasks.o(.data)
    pxOverflowDelayedTaskList                0x20000030   Data           4  tasks.o(.data)
    uxDeletedTasksWaitingCleanUp             0x20000034   Data           4  tasks.o(.data)
    uxCurrentNumberOfTasks                   0x20000038   Data           4  tasks.o(.data)
    xTickCount                               0x2000003c   Data           4  tasks.o(.data)
    uxTopReadyPriority                       0x20000040   Data           4  tasks.o(.data)
    xSchedulerRunning                        0x20000044   Data           4  tasks.o(.data)
    uxPendedTicks                            0x20000048   Data           4  tasks.o(.data)
    xYieldPending                            0x2000004c   Data           4  tasks.o(.data)
    xNumOfOverflows                          0x20000050   Data           4  tasks.o(.data)
    uxTaskNumber                             0x20000054   Data           4  tasks.o(.data)
    xNextTaskUnblockTime                     0x20000058   Data           4  tasks.o(.data)
    xIdleTaskHandle                          0x2000005c   Data           4  tasks.o(.data)
    uxSchedulerSuspended                     0x20000060   Data           4  tasks.o(.data)
    .data                                    0x20000064   Section       20  timers.o(.data)
    pxCurrentTimerList                       0x20000064   Data           4  timers.o(.data)
    pxOverflowTimerList                      0x20000068   Data           4  timers.o(.data)
    xTimerQueue                              0x2000006c   Data           4  timers.o(.data)
    xTimerTaskHandle                         0x20000070   Data           4  timers.o(.data)
    xLastTime                                0x20000074   Data           4  timers.o(.data)
    .data                                    0x20000078   Section        4  cmsis_os2.o(.data)
    KernelState                              0x20000078   Data           4  cmsis_os2.o(.data)
    .data                                    0x2000007c   Section       24  heap_4.o(.data)
    pxEnd                                    0x2000007c   Data           4  heap_4.o(.data)
    xFreeBytesRemaining                      0x20000080   Data           4  heap_4.o(.data)
    xMinimumEverFreeBytesRemaining           0x20000084   Data           4  heap_4.o(.data)
    xBlockAllocatedBit                       0x20000088   Data           4  heap_4.o(.data)
    xStart                                   0x2000008c   Data           8  heap_4.o(.data)
    .data                                    0x20000094   Section        4  port.o(.data)
    uxCriticalNesting                        0x20000094   Data           4  port.o(.data)
    .data                                    0x20000098   Section       24  uart_device.o(.data)
    g_uart1_data                             0x20000098   Data          24  uart_device.o(.data)
    .data                                    0x200000b0   Section       28  uart_device.o(.data)
    g_uart_devices                           0x200000b0   Data           4  uart_device.o(.data)
    .data                                    0x200000cc   Section        4  errno.o(.data)
    .bss                                     0x200000d0   Section       90  freertos.o(.bss)
    pm_data                                  0x20000112   Data          24  freertos.o(.bss)
    .bss                                     0x2000012c   Section       64  adc.o(.bss)
    .bss                                     0x2000016c   Section       84  i2c.o(.bss)
    .bss                                     0x200001c0   Section       72  tim.o(.bss)
    .bss                                     0x20000208   Section      340  usart.o(.bss)
    .bss                                     0x2000035c   Section       72  stm32f0xx_hal_timebase_tim.o(.bss)
    .bss                                     0x200003a4   Section       64  queue.o(.bss)
    .bss                                     0x200003e4   Section     1220  tasks.o(.bss)
    pxReadyTasksLists                        0x200003e4   Data        1120  tasks.o(.bss)
    xDelayedTaskList1                        0x20000844   Data          20  tasks.o(.bss)
    xDelayedTaskList2                        0x20000858   Data          20  tasks.o(.bss)
    xPendingReadyList                        0x2000086c   Data          20  tasks.o(.bss)
    xTasksWaitingTermination                 0x20000880   Data          20  tasks.o(.bss)
    xSuspendedTaskList                       0x20000894   Data          20  tasks.o(.bss)
    .bss                                     0x200008a8   Section      280  timers.o(.bss)
    xActiveTimerList1                        0x200008a8   Data          20  timers.o(.bss)
    xActiveTimerList2                        0x200008bc   Data          20  timers.o(.bss)
    xStaticTimerQueue                        0x200008d0   Data          80  timers.o(.bss)
    ucStaticTimerQueueStorage                0x20000920   Data         160  timers.o(.bss)
    .bss                                     0x200009c0   Section     3256  cmsis_os2.o(.bss)
    Idle_TCB                                 0x200009c0   Data          92  cmsis_os2.o(.bss)
    Idle_Stack                               0x20000a1c   Data        1024  cmsis_os2.o(.bss)
    Timer_TCB                                0x20000e1c   Data          92  cmsis_os2.o(.bss)
    Timer_Stack                              0x20000e78   Data        2048  cmsis_os2.o(.bss)
    .bss                                     0x20001678   Section     8192  heap_4.o(.bss)
    ucHeap                                   0x20001678   Data        8192  heap_4.o(.bss)
    .bss                                     0x20003678   Section       96  libspace.o(.bss)
    HEAP                                     0x200036d8   Section     1024  startup_stm32f030xc.o(HEAP)
    Heap_Mem                                 0x200036d8   Data        1024  startup_stm32f030xc.o(HEAP)
    STACK                                    0x20003ad8   Section     2048  startup_stm32f030xc.o(STACK)
    Stack_Mem                                0x20003ad8   Data        2048  startup_stm32f030xc.o(STACK)
    __initial_sp                             0x200042d8   Data           0  startup_stm32f030xc.o(STACK)

    Global Symbols

    Symbol Name                              Value     Ov Type        Size  Object(Section)

    BuildAttributes$$THM_ISAv3M$S$PE$A:L22$X:L11$S22$IEEE1$IW$USESV6$~STKCKD$USESV7$~SHL$OSPACE$ROPI$EBA8$UX$STANDARDLIB$REQ8$PRES8$EABIv2 0x00000000   Number         0  anon$$obj.o ABSOLUTE
    __ARM_use_no_argv                        0x00000000   Number         0  main.o ABSOLUTE
    __ARM_exceptions_init                     - Undefined Weak Reference
    __alloca_initialize                       - Undefined Weak Reference
    __arm_fini_                               - Undefined Weak Reference
    __arm_preinit_                            - Undefined Weak Reference
    __cpp_initialize__aeabi_                  - Undefined Weak Reference
    __cxa_finalize                            - Undefined Weak Reference
    __rt_locale                               - Undefined Weak Reference
    __sigvec_lookup                           - Undefined Weak Reference
    _atexit_init                              - Undefined Weak Reference
    _call_atexit_fns                          - Undefined Weak Reference
    _clock_init                               - Undefined Weak Reference
    _fp_trap_init                             - Undefined Weak Reference
    _fp_trap_shutdown                         - Undefined Weak Reference
    _get_lc_collate                           - Undefined Weak Reference
    _get_lc_ctype                             - Undefined Weak Reference
    _get_lc_monetary                          - Undefined Weak Reference
    _get_lc_numeric                           - Undefined Weak Reference
    _get_lc_time                              - Undefined Weak Reference
    _getenv_init                              - Undefined Weak Reference
    _handle_redirection                       - Undefined Weak Reference
    _init_alloc                               - Undefined Weak Reference
    _init_user_alloc                          - Undefined Weak Reference
    _initio                                   - Undefined Weak Reference
    _rand_init                                - Undefined Weak Reference
    _signal_finish                            - Undefined Weak Reference
    _signal_init                              - Undefined Weak Reference
    _terminate_alloc                          - Undefined Weak Reference
    _terminate_user_alloc                     - Undefined Weak Reference
    _terminateio                              - Undefined Weak Reference
    __Vectors_Size                           0x000000b8   Number         0  startup_stm32f030xc.o ABSOLUTE
    __Vectors                                0x08000000   Data           4  startup_stm32f030xc.o(RESET)
    __Vectors_End                            0x080000b8   Data           0  startup_stm32f030xc.o(RESET)
    __main                                   0x080000b9   Thumb Code     8  __main.o(!!!main)
    __scatterload                            0x080000c1   Thumb Code     0  __scatter.o(!!!scatter)
    __scatterload_rt2                        0x080000c1   Thumb Code    52  __scatter.o(!!!scatter)
    __scatterload_rt2_thumb_only             0x080000c1   Thumb Code     0  __scatter.o(!!!scatter)
    __scatterload_null                       0x080000d1   Thumb Code     0  __scatter.o(!!!scatter)
    __scatterload_copy                       0x080000fd   Thumb Code    26  __scatter_copy.o(!!handler_copy)
    __scatterload_zeroinit                   0x08000119   Thumb Code    28  __scatter_zi.o(!!handler_zi)
    __rt_lib_init                            0x08000135   Thumb Code     0  libinit.o(.ARM.Collect$$libinit$$00000000)
    __rt_lib_init_alloca_1                   0x08000137   Thumb Code     0  libinit2.o(.ARM.Collect$$libinit$$0000002E)
    __rt_lib_init_argv_1                     0x08000137   Thumb Code     0  libinit2.o(.ARM.Collect$$libinit$$0000002C)
    __rt_lib_init_atexit_1                   0x08000137   Thumb Code     0  libinit2.o(.ARM.Collect$$libinit$$0000001B)
    __rt_lib_init_clock_1                    0x08000137   Thumb Code     0  libinit2.o(.ARM.Collect$$libinit$$00000021)
    __rt_lib_init_cpp_1                      0x08000137   Thumb Code     0  libinit2.o(.ARM.Collect$$libinit$$00000032)
    __rt_lib_init_exceptions_1               0x08000137   Thumb Code     0  libinit2.o(.ARM.Collect$$libinit$$00000030)
    __rt_lib_init_fp_1                       0x08000137   Thumb Code     0  libinit2.o(.ARM.Collect$$libinit$$00000002)
    __rt_lib_init_fp_trap_1                  0x08000137   Thumb Code     0  libinit2.o(.ARM.Collect$$libinit$$0000001F)
    __rt_lib_init_getenv_1                   0x08000137   Thumb Code     0  libinit2.o(.ARM.Collect$$libinit$$00000023)
    __rt_lib_init_heap_1                     0x08000137   Thumb Code     0  libinit2.o(.ARM.Collect$$libinit$$0000000A)
    __rt_lib_init_lc_collate_1               0x08000137   Thumb Code     0  libinit2.o(.ARM.Collect$$libinit$$00000011)
    __rt_lib_init_lc_ctype_1                 0x08000137   Thumb Code     0  libinit2.o(.ARM.Collect$$libinit$$00000013)
    __rt_lib_init_lc_monetary_1              0x08000137   Thumb Code     0  libinit2.o(.ARM.Collect$$libinit$$00000015)
    __rt_lib_init_lc_numeric_1               0x08000137   Thumb Code     0  libinit2.o(.ARM.Collect$$libinit$$00000017)
    __rt_lib_init_lc_time_1                  0x08000137   Thumb Code     0  libinit2.o(.ARM.Collect$$libinit$$00000019)
    __rt_lib_init_preinit_1                  0x08000137   Thumb Code     0  libinit2.o(.ARM.Collect$$libinit$$00000004)
    __rt_lib_init_rand_1                     0x08000137   Thumb Code     0  libinit2.o(.ARM.Collect$$libinit$$0000000E)
    __rt_lib_init_return                     0x08000137   Thumb Code     0  libinit2.o(.ARM.Collect$$libinit$$00000033)
    __rt_lib_init_signal_1                   0x08000137   Thumb Code     0  libinit2.o(.ARM.Collect$$libinit$$0000001D)
    __rt_lib_init_stdio_1                    0x08000137   Thumb Code     0  libinit2.o(.ARM.Collect$$libinit$$00000025)
    __rt_lib_init_user_alloc_1               0x08000137   Thumb Code     0  libinit2.o(.ARM.Collect$$libinit$$0000000C)
    __rt_lib_shutdown                        0x08000139   Thumb Code     0  libshutdown.o(.ARM.Collect$$libshutdown$$00000000)
    __rt_lib_shutdown_cpp_1                  0x0800013b   Thumb Code     0  libshutdown2.o(.ARM.Collect$$libshutdown$$00000004)
    __rt_lib_shutdown_fini_1                 0x0800013b   Thumb Code     0  libshutdown2.o(.ARM.Collect$$libshutdown$$00000002)
    __rt_lib_shutdown_fp_trap_1              0x0800013b   Thumb Code     0  libshutdown2.o(.ARM.Collect$$libshutdown$$00000009)
    __rt_lib_shutdown_heap_1                 0x0800013b   Thumb Code     0  libshutdown2.o(.ARM.Collect$$libshutdown$$00000011)
    __rt_lib_shutdown_return                 0x0800013b   Thumb Code     0  libshutdown2.o(.ARM.Collect$$libshutdown$$00000012)
    __rt_lib_shutdown_signal_1               0x0800013b   Thumb Code     0  libshutdown2.o(.ARM.Collect$$libshutdown$$0000000C)
    __rt_lib_shutdown_stdio_1                0x0800013b   Thumb Code     0  libshutdown2.o(.ARM.Collect$$libshutdown$$00000006)
    __rt_lib_shutdown_user_alloc_1           0x0800013b   Thumb Code     0  libshutdown2.o(.ARM.Collect$$libshutdown$$0000000E)
    __rt_entry                               0x0800013d   Thumb Code     0  __rtentry.o(.ARM.Collect$$rtentry$$00000000)
    __rt_entry_presh_1                       0x0800013d   Thumb Code     0  __rtentry2.o(.ARM.Collect$$rtentry$$00000002)
    __rt_entry_sh                            0x0800013d   Thumb Code     0  __rtentry4.o(.ARM.Collect$$rtentry$$00000004)
    __rt_entry_li                            0x08000143   Thumb Code     0  __rtentry2.o(.ARM.Collect$$rtentry$$0000000A)
    __rt_entry_postsh_1                      0x08000143   Thumb Code     0  __rtentry2.o(.ARM.Collect$$rtentry$$00000009)
    __rt_entry_main                          0x08000147   Thumb Code     0  __rtentry2.o(.ARM.Collect$$rtentry$$0000000D)
    __rt_entry_postli_1                      0x08000147   Thumb Code     0  __rtentry2.o(.ARM.Collect$$rtentry$$0000000C)
    __rt_exit                                0x0800014f   Thumb Code     0  rtexit.o(.ARM.Collect$$rtexit$$00000000)
    __rt_exit_ls                             0x08000151   Thumb Code     0  rtexit2.o(.ARM.Collect$$rtexit$$00000003)
    __rt_exit_prels_1                        0x08000151   Thumb Code     0  rtexit2.o(.ARM.Collect$$rtexit$$00000002)
    __rt_exit_exit                           0x08000155   Thumb Code     0  rtexit2.o(.ARM.Collect$$rtexit$$00000004)
    __asm___6_port_c_39a90d8d__prvPortStartFirstTask 0x0800015d   Thumb Code    36  port.o(.emb_text)
    ulSetInterruptMaskFromISR                0x08000185   Thumb Code     8  port.o(.emb_text)
    vClearInterruptMaskFromISR               0x0800018d   Thumb Code     6  port.o(.emb_text)
    PendSV_Handler                           0x08000193   Thumb Code    62  port.o(.emb_text)
    __aeabi_memcpy4                          0x080001d5   Thumb Code    56  rt_memcpy.o(.emb_text)
    __aeabi_memcpy8                          0x080001d5   Thumb Code     0  rt_memcpy.o(.emb_text)
    Reset_Handler                            0x0800020d   Thumb Code     8  startup_stm32f030xc.o(.text)
    ADC1_IRQHandler                          0x0800021f   Thumb Code     0  startup_stm32f030xc.o(.text)
    DMA1_Channel2_3_IRQHandler               0x0800021f   Thumb Code     0  startup_stm32f030xc.o(.text)
    DMA1_Channel4_5_IRQHandler               0x0800021f   Thumb Code     0  startup_stm32f030xc.o(.text)
    EXTI0_1_IRQHandler                       0x0800021f   Thumb Code     0  startup_stm32f030xc.o(.text)
    EXTI2_3_IRQHandler                       0x0800021f   Thumb Code     0  startup_stm32f030xc.o(.text)
    EXTI4_15_IRQHandler                      0x0800021f   Thumb Code     0  startup_stm32f030xc.o(.text)
    FLASH_IRQHandler                         0x0800021f   Thumb Code     0  startup_stm32f030xc.o(.text)
    I2C1_IRQHandler                          0x0800021f   Thumb Code     0  startup_stm32f030xc.o(.text)
    I2C2_IRQHandler                          0x0800021f   Thumb Code     0  startup_stm32f030xc.o(.text)
    RCC_IRQHandler                           0x0800021f   Thumb Code     0  startup_stm32f030xc.o(.text)
    RTC_IRQHandler                           0x0800021f   Thumb Code     0  startup_stm32f030xc.o(.text)
    SPI1_IRQHandler                          0x0800021f   Thumb Code     0  startup_stm32f030xc.o(.text)
    SPI2_IRQHandler                          0x0800021f   Thumb Code     0  startup_stm32f030xc.o(.text)
    TIM14_IRQHandler                         0x0800021f   Thumb Code     0  startup_stm32f030xc.o(.text)
    TIM15_IRQHandler                         0x0800021f   Thumb Code     0  startup_stm32f030xc.o(.text)
    TIM17_IRQHandler                         0x0800021f   Thumb Code     0  startup_stm32f030xc.o(.text)
    TIM1_BRK_UP_TRG_COM_IRQHandler           0x0800021f   Thumb Code     0  startup_stm32f030xc.o(.text)
    TIM1_CC_IRQHandler                       0x0800021f   Thumb Code     0  startup_stm32f030xc.o(.text)
    TIM3_IRQHandler                          0x0800021f   Thumb Code     0  startup_stm32f030xc.o(.text)
    TIM6_IRQHandler                          0x0800021f   Thumb Code     0  startup_stm32f030xc.o(.text)
    TIM7_IRQHandler                          0x0800021f   Thumb Code     0  startup_stm32f030xc.o(.text)
    USART2_IRQHandler                        0x0800021f   Thumb Code     0  startup_stm32f030xc.o(.text)
    WWDG_IRQHandler                          0x0800021f   Thumb Code     0  startup_stm32f030xc.o(.text)
    __user_initial_stackheap                 0x08000221   Thumb Code     0  startup_stm32f030xc.o(.text)
    __aeabi_uldivmod                         0x08000245   Thumb Code   258  lludiv.o(.text)
    _ll_udiv                                 0x08000245   Thumb Code     0  lludiv.o(.text)
    abort                                    0x08000347   Thumb Code    20  abort.o(.text)
    strcpy                                   0x0800035d   Thumb Code    70  strcpy.o(.text)
    strlen                                   0x080003a9   Thumb Code    62  strlen.o(.text)
    __aeabi_memcpy                           0x080003ed   Thumb Code   130  rt_memcpy.o(.text)
    __rt_memcpy                              0x080003ed   Thumb Code     0  rt_memcpy.o(.text)
    __aeabi_memset                           0x0800046f   Thumb Code    18  aeabi_memset.o(.text)
    _memset_w                                0x08000481   Thumb Code    26  rt_memclr.o(.text)
    _memset                                  0x0800049b   Thumb Code    30  rt_memclr.o(.text)
    __aeabi_memclr                           0x080004b9   Thumb Code     4  rt_memclr.o(.text)
    __rt_memclr                              0x080004b9   Thumb Code     0  rt_memclr.o(.text)
    __aeabi_memclr4                          0x080004bd   Thumb Code     0  rt_memclr.o(.text)
    __aeabi_memclr8                          0x080004bd   Thumb Code     0  rt_memclr.o(.text)
    __rt_memclr_w                            0x080004bd   Thumb Code     4  rt_memclr.o(.text)
    strcmp                                   0x080004c1   Thumb Code   132  strcmp.o(.text)
    __aeabi_uidiv                            0x08000549   Thumb Code     0  aeabi_sdiv.o(.text)
    __aeabi_uidivmod                         0x08000549   Thumb Code    20  aeabi_sdiv.o(.text)
    __aeabi_idiv                             0x0800055d   Thumb Code     0  aeabi_sdiv.o(.text)
    __aeabi_idivmod                          0x0800055d   Thumb Code   326  aeabi_sdiv.o(.text)
    __use_two_region_memory                  0x080006a3   Thumb Code     2  heapauxi.o(.text)
    __rt_heap_escrow$2region                 0x080006a5   Thumb Code     2  heapauxi.o(.text)
    __rt_heap_expand$2region                 0x080006a7   Thumb Code     2  heapauxi.o(.text)
    _sys_exit                                0x080006a9   Thumb Code     8  sys_exit.o(.text)
    __rt_SIGABRT                             0x080006b5   Thumb Code    12  defsig_abrt_outer.o(.text)
    __I$use$semihosting                      0x080006c1   Thumb Code     0  use_no_semi.o(.text)
    __use_no_semihosting_swi                 0x080006c1   Thumb Code     2  use_no_semi.o(.text)
    __semihosting_library_function           0x080006c3   Thumb Code     0  indicate_semi.o(.text)
    __sig_exit                               0x080006c3   Thumb Code    12  defsig_exit.o(.text)
    __rt_SIGABRT_inner                       0x080006d1   Thumb Code    14  defsig_abrt_inner.o(.text)
    __user_setup_stackheap                   0x08000701   Thumb Code    62  sys_stackheap_outer.o(.text)
    exit                                     0x0800073f   Thumb Code    16  exit.o(.text)
    __default_signal_display                 0x0800074f   Thumb Code    52  defsig_general.o(.text)
    _ttywrch                                 0x08000783   Thumb Code    12  sys_wrch.o(.text)
    __user_libspace                          0x08000791   Thumb Code     8  libspace.o(.text)
    __user_perproc_libspace                  0x08000791   Thumb Code     0  libspace.o(.text)
    __user_perthread_libspace                0x08000791   Thumb Code     0  libspace.o(.text)
    Calc_CRC8                                0x08000855   Thumb Code    50  freertos.o(i.Calc_CRC8)
    DMA1_Channel1_IRQHandler                 0x08000889   Thumb Code    10  stm32f0xx_it.o(i.DMA1_Channel1_IRQHandler)
    Error_Handler                            0x080008e5   Thumb Code     4  main.o(i.Error_Handler)
    GetUARTDevice                            0x080008e9   Thumb Code    24  uart_device.o(i.GetUARTDevice)
    HAL_ADCEx_Calibration_Start              0x08000905   Thumb Code   184  stm32f0xx_hal_adc_ex.o(i.HAL_ADCEx_Calibration_Start)
    HAL_ADC_ConfigChannel                    0x080009bd   Thumb Code   254  stm32f0xx_hal_adc.o(i.HAL_ADC_ConfigChannel)
    HAL_ADC_Init                             0x08000acd   Thumb Code   366  stm32f0xx_hal_adc.o(i.HAL_ADC_Init)
    HAL_ADC_MspInit                          0x08000c45   Thumb Code    78  adc.o(i.HAL_ADC_MspInit)
    HAL_DMA_Abort                            0x08000c9d   Thumb Code    64  stm32f0xx_hal_dma.o(i.HAL_DMA_Abort)
    HAL_DMA_Abort_IT                         0x08000cdd   Thumb Code    72  stm32f0xx_hal_dma.o(i.HAL_DMA_Abort_IT)
    HAL_DMA_DeInit                           0x08000d25   Thumb Code    74  stm32f0xx_hal_dma.o(i.HAL_DMA_DeInit)
    HAL_DMA_GetError                         0x08000d6f   Thumb Code     4  stm32f0xx_hal_dma.o(i.HAL_DMA_GetError)
    HAL_DMA_IRQHandler                       0x08000d73   Thumb Code   156  stm32f0xx_hal_dma.o(i.HAL_DMA_IRQHandler)
    HAL_DMA_Init                             0x08000e11   Thumb Code    78  stm32f0xx_hal_dma.o(i.HAL_DMA_Init)
    HAL_DMA_Start_IT                         0x08000e65   Thumb Code   106  stm32f0xx_hal_dma.o(i.HAL_DMA_Start_IT)
    HAL_GPIO_DeInit                          0x08000ed1   Thumb Code   192  stm32f0xx_hal_gpio.o(i.HAL_GPIO_DeInit)
    HAL_GPIO_Init                            0x08000fa5   Thumb Code   396  stm32f0xx_hal_gpio.o(i.HAL_GPIO_Init)
    HAL_GPIO_WritePin                        0x08001149   Thumb Code    12  stm32f0xx_hal_gpio.o(i.HAL_GPIO_WritePin)
    HAL_GetTick                              0x08001155   Thumb Code     6  stm32f0xx_hal.o(i.HAL_GetTick)
    HAL_I2CEx_ConfigAnalogFilter             0x08001161   Thumb Code    74  stm32f0xx_hal_i2c_ex.o(i.HAL_I2CEx_ConfigAnalogFilter)
    HAL_I2CEx_ConfigDigitalFilter            0x080011ab   Thumb Code    72  stm32f0xx_hal_i2c_ex.o(i.HAL_I2CEx_ConfigDigitalFilter)
    HAL_I2C_Init                             0x080011f5   Thumb Code   176  stm32f0xx_hal_i2c.o(i.HAL_I2C_Init)
    HAL_I2C_Master_Receive                   0x080012a9   Thumb Code   262  stm32f0xx_hal_i2c.o(i.HAL_I2C_Master_Receive)
    HAL_I2C_Master_Transmit                  0x080013b9   Thumb Code   262  stm32f0xx_hal_i2c.o(i.HAL_I2C_Master_Transmit)
    HAL_I2C_MspInit                          0x080014c9   Thumb Code    88  i2c.o(i.HAL_I2C_MspInit)
    HAL_IncTick                              0x0800152d   Thumb Code    12  stm32f0xx_hal.o(i.HAL_IncTick)
    HAL_Init                                 0x0800153d   Thumb Code    26  stm32f0xx_hal.o(i.HAL_Init)
    HAL_InitTick                             0x0800155d   Thumb Code   132  stm32f0xx_hal_timebase_tim.o(i.HAL_InitTick)
    HAL_MspInit                              0x080015f9   Thumb Code    44  stm32f0xx_hal_msp.o(i.HAL_MspInit)
    HAL_NVIC_DisableIRQ                      0x08001629   Thumb Code    26  stm32f0xx_hal_cortex.o(i.HAL_NVIC_DisableIRQ)
    HAL_NVIC_EnableIRQ                       0x08001649   Thumb Code    18  stm32f0xx_hal_cortex.o(i.HAL_NVIC_EnableIRQ)
    HAL_NVIC_SetPriority                     0x08001661   Thumb Code     8  stm32f0xx_hal_cortex.o(i.HAL_NVIC_SetPriority)
    HAL_RCCEx_PeriphCLKConfig                0x08001669   Thumb Code   218  stm32f0xx_hal_rcc_ex.o(i.HAL_RCCEx_PeriphCLKConfig)
    HAL_RCC_ClockConfig                      0x08001751   Thumb Code   242  stm32f0xx_hal_rcc.o(i.HAL_RCC_ClockConfig)
    HAL_RCC_GetClockConfig                   0x08001859   Thumb Code    46  stm32f0xx_hal_rcc.o(i.HAL_RCC_GetClockConfig)
    HAL_RCC_GetPCLK1Freq                     0x08001891   Thumb Code    20  stm32f0xx_hal_rcc.o(i.HAL_RCC_GetPCLK1Freq)
    HAL_RCC_GetSysClockFreq                  0x080018b1   Thumb Code    62  stm32f0xx_hal_rcc.o(i.HAL_RCC_GetSysClockFreq)
    HAL_RCC_OscConfig                        0x080018fd   Thumb Code   892  stm32f0xx_hal_rcc.o(i.HAL_RCC_OscConfig)
    HAL_TIMEx_BreakCallback                  0x08001c85   Thumb Code     2  stm32f0xx_hal_tim_ex.o(i.HAL_TIMEx_BreakCallback)
    HAL_TIMEx_CommutCallback                 0x08001c87   Thumb Code     2  stm32f0xx_hal_tim_ex.o(i.HAL_TIMEx_CommutCallback)
    HAL_TIMEx_MasterConfigSynchronization    0x08001c89   Thumb Code    78  stm32f0xx_hal_tim_ex.o(i.HAL_TIMEx_MasterConfigSynchronization)
    HAL_TIM_Base_Init                        0x08001ce5   Thumb Code    72  stm32f0xx_hal_tim.o(i.HAL_TIM_Base_Init)
    HAL_TIM_Base_MspInit                     0x08001d2d   Thumb Code    28  tim.o(i.HAL_TIM_Base_MspInit)
    HAL_TIM_Base_Start_IT                    0x08001d51   Thumb Code    68  stm32f0xx_hal_tim.o(i.HAL_TIM_Base_Start_IT)
    HAL_TIM_ConfigClockSource                0x08001da1   Thumb Code   220  stm32f0xx_hal_tim.o(i.HAL_TIM_ConfigClockSource)
    HAL_TIM_IC_CaptureCallback               0x08001e7d   Thumb Code     2  stm32f0xx_hal_tim.o(i.HAL_TIM_IC_CaptureCallback)
    HAL_TIM_IRQHandler                       0x08001e7f   Thumb Code   354  stm32f0xx_hal_tim.o(i.HAL_TIM_IRQHandler)
    HAL_TIM_MspPostInit                      0x08001fe1   Thumb Code    70  tim.o(i.HAL_TIM_MspPostInit)
    HAL_TIM_OC_DelayElapsedCallback          0x08002031   Thumb Code     2  stm32f0xx_hal_tim.o(i.HAL_TIM_OC_DelayElapsedCallback)
    HAL_TIM_PWM_ConfigChannel                0x08002033   Thumb Code   208  stm32f0xx_hal_tim.o(i.HAL_TIM_PWM_ConfigChannel)
    HAL_TIM_PWM_Init                         0x08002103   Thumb Code    72  stm32f0xx_hal_tim.o(i.HAL_TIM_PWM_Init)
    HAL_TIM_PWM_MspInit                      0x0800214b   Thumb Code     2  stm32f0xx_hal_tim.o(i.HAL_TIM_PWM_MspInit)
    HAL_TIM_PWM_PulseFinishedCallback        0x0800214d   Thumb Code     2  stm32f0xx_hal_tim.o(i.HAL_TIM_PWM_PulseFinishedCallback)
    HAL_TIM_PWM_Start                        0x08002151   Thumb Code   148  stm32f0xx_hal_tim.o(i.HAL_TIM_PWM_Start)
    HAL_TIM_PeriodElapsedCallback            0x080021f9   Thumb Code    16  main.o(i.HAL_TIM_PeriodElapsedCallback)
    HAL_TIM_TriggerCallback                  0x0800220d   Thumb Code     2  stm32f0xx_hal_tim.o(i.HAL_TIM_TriggerCallback)
    HAL_UARTEx_RxEventCallback               0x0800220f   Thumb Code     2  stm32f0xx_hal_uart.o(i.HAL_UARTEx_RxEventCallback)
    HAL_UART_DMAStop                         0x08002211   Thumb Code   154  stm32f0xx_hal_uart.o(i.HAL_UART_DMAStop)
    HAL_UART_DeInit                          0x080022ab   Thumb Code    66  stm32f0xx_hal_uart.o(i.HAL_UART_DeInit)
    HAL_UART_ErrorCallback                   0x080022ed   Thumb Code    38  uart_device.o(i.HAL_UART_ErrorCallback)
    HAL_UART_IRQHandler                      0x0800231d   Thumb Code   648  stm32f0xx_hal_uart.o(i.HAL_UART_IRQHandler)
    HAL_UART_Init                            0x080025b1   Thumb Code   106  stm32f0xx_hal_uart.o(i.HAL_UART_Init)
    HAL_UART_MspDeInit                       0x0800261d   Thumb Code    78  usart.o(i.HAL_UART_MspDeInit)
    HAL_UART_MspInit                         0x0800267d   Thumb Code   232  usart.o(i.HAL_UART_MspInit)
    HAL_UART_Receive_DMA                     0x0800277d   Thumb Code    88  stm32f0xx_hal_uart.o(i.HAL_UART_Receive_DMA)
    HAL_UART_Receive_IT                      0x080027d5   Thumb Code    88  stm32f0xx_hal_uart.o(i.HAL_UART_Receive_IT)
    HAL_UART_RxCpltCallback                  0x0800282d   Thumb Code    40  uart_device.o(i.HAL_UART_RxCpltCallback)
    HAL_UART_RxHalfCpltCallback              0x0800285d   Thumb Code     2  stm32f0xx_hal_uart.o(i.HAL_UART_RxHalfCpltCallback)
    HAL_UART_Transmit_IT                     0x08002861   Thumb Code   112  stm32f0xx_hal_uart.o(i.HAL_UART_Transmit_IT)
    HAL_UART_TxCpltCallback                  0x080028d9   Thumb Code    32  uart_device.o(i.HAL_UART_TxCpltCallback)
    Handle_UART_Idle                         0x08002901   Thumb Code    78  freertos.o(i.Handle_UART_Idle)
    HardFault_Handler                        0x08002965   Thumb Code     2  stm32f0xx_it.o(i.HardFault_Handler)
    MX_ADC_Init                              0x08002c75   Thumb Code   116  adc.o(i.MX_ADC_Init)
    MX_DMA_Init                              0x08002cf1   Thumb Code    36  dma.o(i.MX_DMA_Init)
    MX_FREERTOS_Init                         0x08002d19   Thumb Code    48  freertos.o(i.MX_FREERTOS_Init)
    MX_GPIO_Init                             0x08002d61   Thumb Code   118  gpio.o(i.MX_GPIO_Init)
    MX_I2C1_Init                             0x08002de1   Thumb Code    76  i2c.o(i.MX_I2C1_Init)
    MX_TIM3_Init                             0x08002e39   Thumb Code   188  tim.o(i.MX_TIM3_Init)
    MX_USART1_UART_Init                      0x08002efd   Thumb Code    48  usart.o(i.MX_USART1_UART_Init)
    MX_USART5_UART_Init                      0x08002f35   Thumb Code    48  usart.o(i.MX_USART5_UART_Init)
    NMI_Handler                              0x08002f6d   Thumb Code     2  stm32f0xx_it.o(i.NMI_Handler)
    Parse_Sensor_Data                        0x08002f71   Thumb Code   190  freertos.o(i.Parse_Sensor_Data)
    SVC_Handler                              0x08003035   Thumb Code     2  port.o(i.SVC_Handler)
    StartDefaultTask                         0x08003075   Thumb Code   524  freertos.o(i.StartDefaultTask)
    Start_DMA_Reception                      0x080032a5   Thumb Code    34  freertos.o(i.Start_DMA_Reception)
    SysTick_Handler                          0x080032d1   Thumb Code    32  port.o(i.SysTick_Handler)
    SystemClock_Config                       0x080032f5   Thumb Code   126  main.o(i.SystemClock_Config)
    SystemInit                               0x08003373   Thumb Code     2  system_stm32f0xx.o(i.SystemInit)
    TIM16_IRQHandler                         0x08003375   Thumb Code    10  stm32f0xx_it.o(i.TIM16_IRQHandler)
    TIM_Base_SetConfig                       0x08003385   Thumb Code   112  stm32f0xx_hal_tim.o(i.TIM_Base_SetConfig)
    TIM_CCxChannelCmd                        0x0800340d   Thumb Code    26  stm32f0xx_hal_tim.o(i.TIM_CCxChannelCmd)
    TIM_ETR_SetConfig                        0x08003427   Thumb Code    22  stm32f0xx_hal_tim.o(i.TIM_ETR_SetConfig)
    TIM_OC2_SetConfig                        0x080034d5   Thumb Code   110  stm32f0xx_hal_tim.o(i.TIM_OC2_SetConfig)
    UART_AdvFeatureConfig                    0x0800368d   Thumb Code   202  stm32f0xx_hal_uart.o(i.UART_AdvFeatureConfig)
    UART_CheckIdleState                      0x08003759   Thumb Code   190  stm32f0xx_hal_uart.o(i.UART_CheckIdleState)
    UART_SetConfig                           0x08003b51   Thumb Code   304  stm32f0xx_hal_uart.o(i.UART_SetConfig)
    UART_Start_Receive_DMA                   0x08003ca9   Thumb Code   160  stm32f0xx_hal_uart.o(i.UART_Start_Receive_DMA)
    UART_Start_Receive_IT                    0x08003d55   Thumb Code   188  stm32f0xx_hal_uart.o(i.UART_Start_Receive_IT)
    UART_WaitOnFlagUntilTimeout              0x08003ed5   Thumb Code   138  stm32f0xx_hal_uart.o(i.UART_WaitOnFlagUntilTimeout)
    USART1_IRQHandler                        0x08003f61   Thumb Code    10  stm32f0xx_it.o(i.USART1_IRQHandler)
    USART3_6_IRQHandler                      0x08003f71   Thumb Code    32  stm32f0xx_it.o(i.USART3_6_IRQHandler)
    __ARM_common_ll_muluu                    0x08003f95   Thumb Code    48  stm32f0xx_hal_rcc.o(i.__ARM_common_ll_muluu)
    __ARM_common_switch8                     0x08003fc5   Thumb Code    26  stm32f0xx_hal_tim.o(i.__ARM_common_switch8)
    _modbus_init_common                      0x08004025   Thumb Code    32  modbus.o(i._modbus_init_common)
    _modbus_receive_msg                      0x08004049   Thumb Code   432  modbus.o(i._modbus_receive_msg)
    main                                     0x0800444d   Thumb Code    64  main.o(i.main)
    modbus_close                             0x08004491   Thumb Code    12  modbus.o(i.modbus_close)
    modbus_connect                           0x0800449d   Thumb Code    22  modbus.o(i.modbus_connect)
    modbus_flush                             0x080044b9   Thumb Code    22  modbus.o(i.modbus_flush)
    modbus_free                              0x080044d5   Thumb Code    12  modbus.o(i.modbus_free)
    modbus_mapping_new_start_address         0x080044e1   Thumb Code   196  modbus.o(i.modbus_mapping_new_start_address)
    modbus_new_st_rtu                        0x080045a5   Thumb Code   164  modbus-st-rtu.o(i.modbus_new_st_rtu)
    modbus_receive                           0x08004651   Thumb Code    22  modbus.o(i.modbus_receive)
    modbus_reply                             0x0800466d   Thumb Code  1730  modbus.o(i.modbus_reply)
    modbus_set_bits_from_bytes               0x08004d59   Thumb Code    60  modbus-data.o(i.modbus_set_bits_from_bytes)
    modbus_set_slave                         0x08004d95   Thumb Code    22  modbus.o(i.modbus_set_slave)
    osKernelInitialize                       0x08004db1   Thumb Code    48  cmsis_os2.o(i.osKernelInitialize)
    osKernelStart                            0x08004de5   Thumb Code    54  cmsis_os2.o(i.osKernelStart)
    osThreadNew                              0x08004e21   Thumb Code   174  cmsis_os2.o(i.osThreadNew)
    pvPortMalloc                             0x0800559d   Thumb Code   172  heap_4.o(i.pvPortMalloc)
    pvTaskIncrementMutexHeldCount            0x0800564d   Thumb Code    20  tasks.o(i.pvTaskIncrementMutexHeldCount)
    pxPortInitialiseStack                    0x08005665   Thumb Code    28  port.o(i.pxPortInitialiseStack)
    uxListRemove                             0x08005809   Thumb Code    38  list.o(i.uxListRemove)
    vApplicationGetIdleTaskMemory            0x08005831   Thumb Code    18  cmsis_os2.o(i.vApplicationGetIdleTaskMemory)
    vApplicationGetTimerTaskMemory           0x08005849   Thumb Code    18  cmsis_os2.o(i.vApplicationGetTimerTaskMemory)
    vListInitialise                          0x08005861   Thumb Code    22  list.o(i.vListInitialise)
    vListInitialiseItem                      0x08005877   Thumb Code     6  list.o(i.vListInitialiseItem)
    vListInsert                              0x0800587d   Thumb Code    48  list.o(i.vListInsert)
    vListInsertEnd                           0x080058ad   Thumb Code    24  list.o(i.vListInsertEnd)
    vPortEnterCritical                       0x080058c5   Thumb Code    20  port.o(i.vPortEnterCritical)
    vPortExitCritical                        0x080058dd   Thumb Code    22  port.o(i.vPortExitCritical)
    vPortFree                                0x080058f9   Thumb Code    62  heap_4.o(i.vPortFree)
    vPortYield                               0x0800593d   Thumb Code    18  port.o(i.vPortYield)
    vQueueAddToRegistry                      0x08005955   Thumb Code    32  queue.o(i.vQueueAddToRegistry)
    vQueueWaitForMessageRestricted           0x08005979   Thumb Code    68  queue.o(i.vQueueWaitForMessageRestricted)
    vTaskDelay                               0x080059bd   Thumb Code    44  tasks.o(i.vTaskDelay)
    vTaskDelete                              0x080059ed   Thumb Code   112  tasks.o(i.vTaskDelete)
    vTaskInternalSetTimeOutState             0x08005a65   Thumb Code    12  tasks.o(i.vTaskInternalSetTimeOutState)
    vTaskMissedYield                         0x08005a75   Thumb Code     8  tasks.o(i.vTaskMissedYield)
    vTaskPlaceOnEventList                    0x08005a81   Thumb Code    32  tasks.o(i.vTaskPlaceOnEventList)
    vTaskPlaceOnEventListRestricted          0x08005aa5   Thumb Code    42  tasks.o(i.vTaskPlaceOnEventListRestricted)
    vTaskPriorityDisinheritAfterTimeout      0x08005ad5   Thumb Code   104  tasks.o(i.vTaskPriorityDisinheritAfterTimeout)
    vTaskStartScheduler                      0x08005b45   Thumb Code    88  tasks.o(i.vTaskStartScheduler)
    vTaskSuspendAll                          0x08005bad   Thumb Code    10  tasks.o(i.vTaskSuspendAll)
    vTaskSwitchContext                       0x08005bbd   Thumb Code    78  tasks.o(i.vTaskSwitchContext)
    xPortStartScheduler                      0x08005c15   Thumb Code    62  port.o(i.xPortStartScheduler)
    xQueueCreateMutex                        0x08005c65   Thumb Code    22  queue.o(i.xQueueCreateMutex)
    xQueueGenericCreate                      0x08005c7b   Thumb Code    60  queue.o(i.xQueueGenericCreate)
    xQueueGenericCreateStatic                0x08005cb7   Thumb Code    64  queue.o(i.xQueueGenericCreateStatic)
    xQueueGenericReset                       0x08005cf7   Thumb Code   108  queue.o(i.xQueueGenericReset)
    xQueueGenericSend                        0x08005d63   Thumb Code   280  queue.o(i.xQueueGenericSend)
    xQueueGenericSendFromISR                 0x08005e7b   Thumb Code   140  queue.o(i.xQueueGenericSendFromISR)
    xQueueGiveFromISR                        0x08005f07   Thumb Code   116  queue.o(i.xQueueGiveFromISR)
    xQueueReceive                            0x08005f7b   Thumb Code   258  queue.o(i.xQueueReceive)
    xQueueReceiveFromISR                     0x0800607d   Thumb Code   120  queue.o(i.xQueueReceiveFromISR)
    xQueueSemaphoreTake                      0x080060f5   Thumb Code   320  queue.o(i.xQueueSemaphoreTake)
    xTaskCheckForTimeOut                     0x08006235   Thumb Code    86  tasks.o(i.xTaskCheckForTimeOut)
    xTaskCreate                              0x08006291   Thumb Code    82  tasks.o(i.xTaskCreate)
    xTaskCreateStatic                        0x080062e3   Thumb Code    68  tasks.o(i.xTaskCreateStatic)
    xTaskGetSchedulerState                   0x08006329   Thumb Code    26  tasks.o(i.xTaskGetSchedulerState)
    xTaskGetTickCount                        0x08006349   Thumb Code     6  tasks.o(i.xTaskGetTickCount)
    xTaskIncrementTick                       0x08006355   Thumb Code   180  tasks.o(i.xTaskIncrementTick)
    xTaskPriorityDisinherit                  0x08006411   Thumb Code    96  tasks.o(i.xTaskPriorityDisinherit)
    xTaskPriorityInherit                     0x08006479   Thumb Code   110  tasks.o(i.xTaskPriorityInherit)
    xTaskRemoveFromEventList                 0x080064f1   Thumb Code    88  tasks.o(i.xTaskRemoveFromEventList)
    xTaskResumeAll                           0x08006555   Thumb Code   162  tasks.o(i.xTaskResumeAll)
    xTimerCreateTimerTask                    0x08006605   Thumb Code    72  timers.o(i.xTimerCreateTimerTask)
    xTimerGenericCommand                     0x0800665d   Thumb Code    80  timers.o(i.xTimerGenericCommand)
    defaultTask_attributes                   0x080066b0   Data          36  freertos.o(.constdata)
    AHBPrescTable                            0x080066f4   Data          16  system_stm32f0xx.o(.constdata)
    APBPrescTable                            0x08006704   Data           8  system_stm32f0xx.o(.constdata)
    _modbus_rtu_backend_uart                 0x0800690c   Data          80  modbus-st-rtu.o(.constdata)
    Region$$Table$$Base                      0x08006a10   Number         0  anon$$obj.o(Region$$Table)
    Region$$Table$$Limit                     0x08006a30   Number         0  anon$$obj.o(Region$$Table)
    AHT20Mutex                               0x20000004   Data           4  freertos.o(.data)
    defaultTaskHandle                        0x20000008   Data           4  freertos.o(.data)
    uartIdleSem                              0x20000014   Data           4  freertos.o(.data)
    uwTickFreq                               0x20000018   Data           1  stm32f0xx_hal.o(.data)
    uwTickPrio                               0x2000001c   Data           4  stm32f0xx_hal.o(.data)
    uwTick                                   0x20000020   Data           4  stm32f0xx_hal.o(.data)
    SystemCoreClock                          0x20000024   Data           4  system_stm32f0xx.o(.data)
    pxCurrentTCB                             0x20000028   Data           4  tasks.o(.data)
    g_uart1_dev                              0x200000b4   Data          24  uart_device.o(.data)
    errno                                    0x200000cc   Data           4  errno.o(.data)
    dma_buffer                               0x200000d0   Data          65  freertos.o(.bss)
    hadc                                     0x2000012c   Data          64  adc.o(.bss)
    hi2c1                                    0x2000016c   Data          84  i2c.o(.bss)
    htim3                                    0x200001c0   Data          72  tim.o(.bss)
    huart1                                   0x20000208   Data         136  usart.o(.bss)
    huart5                                   0x20000290   Data         136  usart.o(.bss)
    hdma_usart5_rx                           0x20000318   Data          68  usart.o(.bss)
    htim16                                   0x2000035c   Data          72  stm32f0xx_hal_timebase_tim.o(.bss)
    xQueueRegistry                           0x200003a4   Data          64  queue.o(.bss)
    __libspace_start                         0x20003678   Data          96  libspace.o(.bss)
    __temporary_stack_top$libspace           0x200036d8   Data           0  libspace.o(.bss)



==============================================================================

Memory Map of the image

  Image Entry point : 0x080000b9

  Load Region LR_IROM1 (Base: 0x08000000, Size: 0x00006b00, Max: 0x00040000, ABSOLUTE)

    Execution Region ER_IROM1 (Exec base: 0x08000000, Load base: 0x08000000, Size: 0x00006a30, Max: 0x00040000, ABSOLUTE)

    Exec Addr    Load Addr    Size         Type   Attr      Idx    E Section Name        Object

    0x08000000   0x08000000   0x000000b8   Data   RO            3    RESET               startup_stm32f030xc.o
    0x080000b8   0x080000b8   0x00000008   Code   RO         5900  * !!!main             c_p.l(__main.o)
    0x080000c0   0x080000c0   0x0000003c   Code   RO         6079    !!!scatter          c_p.l(__scatter.o)
    0x080000fc   0x080000fc   0x0000001a   Code   RO         6081    !!handler_copy      c_p.l(__scatter_copy.o)
    0x08000116   0x08000116   0x00000002   PAD
    0x08000118   0x08000118   0x0000001c   Code   RO         6083    !!handler_zi        c_p.l(__scatter_zi.o)
    0x08000134   0x08000134   0x00000002   Code   RO         5961    .ARM.Collect$$libinit$$00000000  c_p.l(libinit.o)
    0x08000136   0x08000136   0x00000000   Code   RO         5975    .ARM.Collect$$libinit$$00000002  c_p.l(libinit2.o)
    0x08000136   0x08000136   0x00000000   Code   RO         5977    .ARM.Collect$$libinit$$00000004  c_p.l(libinit2.o)
    0x08000136   0x08000136   0x00000000   Code   RO         5980    .ARM.Collect$$libinit$$0000000A  c_p.l(libinit2.o)
    0x08000136   0x08000136   0x00000000   Code   RO         5982    .ARM.Collect$$libinit$$0000000C  c_p.l(libinit2.o)
    0x08000136   0x08000136   0x00000000   Code   RO         5984    .ARM.Collect$$libinit$$0000000E  c_p.l(libinit2.o)
    0x08000136   0x08000136   0x00000000   Code   RO         5987    .ARM.Collect$$libinit$$00000011  c_p.l(libinit2.o)
    0x08000136   0x08000136   0x00000000   Code   RO         5989    .ARM.Collect$$libinit$$00000013  c_p.l(libinit2.o)
    0x08000136   0x08000136   0x00000000   Code   RO         5991    .ARM.Collect$$libinit$$00000015  c_p.l(libinit2.o)
    0x08000136   0x08000136   0x00000000   Code   RO         5993    .ARM.Collect$$libinit$$00000017  c_p.l(libinit2.o)
    0x08000136   0x08000136   0x00000000   Code   RO         5995    .ARM.Collect$$libinit$$00000019  c_p.l(libinit2.o)
    0x08000136   0x08000136   0x00000000   Code   RO         5997    .ARM.Collect$$libinit$$0000001B  c_p.l(libinit2.o)
    0x08000136   0x08000136   0x00000000   Code   RO         5999    .ARM.Collect$$libinit$$0000001D  c_p.l(libinit2.o)
    0x08000136   0x08000136   0x00000000   Code   RO         6001    .ARM.Collect$$libinit$$0000001F  c_p.l(libinit2.o)
    0x08000136   0x08000136   0x00000000   Code   RO         6003    .ARM.Collect$$libinit$$00000021  c_p.l(libinit2.o)
    0x08000136   0x08000136   0x00000000   Code   RO         6005    .ARM.Collect$$libinit$$00000023  c_p.l(libinit2.o)
    0x08000136   0x08000136   0x00000000   Code   RO         6007    .ARM.Collect$$libinit$$00000025  c_p.l(libinit2.o)
    0x08000136   0x08000136   0x00000000   Code   RO         6011    .ARM.Collect$$libinit$$0000002C  c_p.l(libinit2.o)
    0x08000136   0x08000136   0x00000000   Code   RO         6013    .ARM.Collect$$libinit$$0000002E  c_p.l(libinit2.o)
    0x08000136   0x08000136   0x00000000   Code   RO         6015    .ARM.Collect$$libinit$$00000030  c_p.l(libinit2.o)
    0x08000136   0x08000136   0x00000000   Code   RO         6017    .ARM.Collect$$libinit$$00000032  c_p.l(libinit2.o)
    0x08000136   0x08000136   0x00000002   Code   RO         6018    .ARM.Collect$$libinit$$00000033  c_p.l(libinit2.o)
    0x08000138   0x08000138   0x00000002   Code   RO         6050    .ARM.Collect$$libshutdown$$00000000  c_p.l(libshutdown.o)
    0x0800013a   0x0800013a   0x00000000   Code   RO         6060    .ARM.Collect$$libshutdown$$00000002  c_p.l(libshutdown2.o)
    0x0800013a   0x0800013a   0x00000000   Code   RO         6062    .ARM.Collect$$libshutdown$$00000004  c_p.l(libshutdown2.o)
    0x0800013a   0x0800013a   0x00000000   Code   RO         6064    .ARM.Collect$$libshutdown$$00000006  c_p.l(libshutdown2.o)
    0x0800013a   0x0800013a   0x00000000   Code   RO         6067    .ARM.Collect$$libshutdown$$00000009  c_p.l(libshutdown2.o)
    0x0800013a   0x0800013a   0x00000000   Code   RO         6070    .ARM.Collect$$libshutdown$$0000000C  c_p.l(libshutdown2.o)
    0x0800013a   0x0800013a   0x00000000   Code   RO         6072    .ARM.Collect$$libshutdown$$0000000E  c_p.l(libshutdown2.o)
    0x0800013a   0x0800013a   0x00000000   Code   RO         6075    .ARM.Collect$$libshutdown$$00000011  c_p.l(libshutdown2.o)
    0x0800013a   0x0800013a   0x00000002   Code   RO         6076    .ARM.Collect$$libshutdown$$00000012  c_p.l(libshutdown2.o)
    0x0800013c   0x0800013c   0x00000000   Code   RO         5904    .ARM.Collect$$rtentry$$00000000  c_p.l(__rtentry.o)
    0x0800013c   0x0800013c   0x00000000   Code   RO         5921    .ARM.Collect$$rtentry$$00000002  c_p.l(__rtentry2.o)
    0x0800013c   0x0800013c   0x00000006   Code   RO         5933    .ARM.Collect$$rtentry$$00000004  c_p.l(__rtentry4.o)
    0x08000142   0x08000142   0x00000000   Code   RO         5923    .ARM.Collect$$rtentry$$00000009  c_p.l(__rtentry2.o)
    0x08000142   0x08000142   0x00000004   Code   RO         5924    .ARM.Collect$$rtentry$$0000000A  c_p.l(__rtentry2.o)
    0x08000146   0x08000146   0x00000000   Code   RO         5926    .ARM.Collect$$rtentry$$0000000C  c_p.l(__rtentry2.o)
    0x08000146   0x08000146   0x00000008   Code   RO         5927    .ARM.Collect$$rtentry$$0000000D  c_p.l(__rtentry2.o)
    0x0800014e   0x0800014e   0x00000002   Code   RO         5968    .ARM.Collect$$rtexit$$00000000  c_p.l(rtexit.o)
    0x08000150   0x08000150   0x00000000   Code   RO         6020    .ARM.Collect$$rtexit$$00000002  c_p.l(rtexit2.o)
    0x08000150   0x08000150   0x00000004   Code   RO         6021    .ARM.Collect$$rtexit$$00000003  c_p.l(rtexit2.o)
    0x08000154   0x08000154   0x00000006   Code   RO         6022    .ARM.Collect$$rtexit$$00000004  c_p.l(rtexit2.o)
    0x0800015a   0x0800015a   0x00000002   PAD
    0x0800015c   0x0800015c   0x00000078   Code   RO         5159    .emb_text           port.o
    0x080001d4   0x080001d4   0x00000038   Code   RO         5882    .emb_text           c_p.l(rt_memcpy.o)
    0x0800020c   0x0800020c   0x00000038   Code   RO            4    .text               startup_stm32f030xc.o
    0x08000244   0x08000244   0x00000102   Code   RO         5872    .text               c_p.l(lludiv.o)
    0x08000346   0x08000346   0x00000014   Code   RO         5874    .text               c_p.l(abort.o)
    0x0800035a   0x0800035a   0x00000002   PAD
    0x0800035c   0x0800035c   0x0000004c   Code   RO         5878    .text               c_p.l(strcpy.o)
    0x080003a8   0x080003a8   0x00000044   Code   RO         5880    .text               c_p.l(strlen.o)
    0x080003ec   0x080003ec   0x00000082   Code   RO         5883    .text               c_p.l(rt_memcpy.o)
    0x0800046e   0x0800046e   0x00000012   Code   RO         5888    .text               c_p.l(aeabi_memset.o)
    0x08000480   0x08000480   0x00000040   Code   RO         5890    .text               c_p.l(rt_memclr.o)
    0x080004c0   0x080004c0   0x00000088   Code   RO         5892    .text               c_p.l(strcmp.o)
    0x08000548   0x08000548   0x0000015a   Code   RO         5894    .text               c_p.l(aeabi_sdiv.o)
    0x080006a2   0x080006a2   0x00000006   Code   RO         5898    .text               c_p.l(heapauxi.o)
    0x080006a8   0x080006a8   0x0000000c   Code   RO         5902    .text               c_p.l(sys_exit.o)
    0x080006b4   0x080006b4   0x0000000c   Code   RO         5913    .text               c_p.l(defsig_abrt_outer.o)
    0x080006c0   0x080006c0   0x00000002   Code   RO         5917    .text               c_p.l(use_no_semi.o)
    0x080006c2   0x080006c2   0x00000000   Code   RO         5919    .text               c_p.l(indicate_semi.o)
    0x080006c2   0x080006c2   0x0000000c   Code   RO         5939    .text               c_p.l(defsig_exit.o)
    0x080006ce   0x080006ce   0x00000002   PAD
    0x080006d0   0x080006d0   0x00000030   Code   RO         5941    .text               c_p.l(defsig_abrt_inner.o)
    0x08000700   0x08000700   0x0000003e   Code   RO         5943    .text               c_p.l(sys_stackheap_outer.o)
    0x0800073e   0x0800073e   0x00000010   Code   RO         5946    .text               c_p.l(exit.o)
    0x0800074e   0x0800074e   0x00000034   Code   RO         5950    .text               c_p.l(defsig_general.o)
    0x08000782   0x08000782   0x0000000c   Code   RO         5962    .text               c_p.l(sys_wrch.o)
    0x0800078e   0x0800078e   0x00000002   PAD
    0x08000790   0x08000790   0x00000008   Code   RO         5964    .text               c_p.l(libspace.o)
    0x08000798   0x08000798   0x000000bc   Code   RO          224    i.AHT20Task         freertos.o
    0x08000854   0x08000854   0x00000032   Code   RO          225    i.Calc_CRC8         freertos.o
    0x08000886   0x08000886   0x00000002   PAD
    0x08000888   0x08000888   0x00000010   Code   RO          527    i.DMA1_Channel1_IRQHandler  stm32f0xx_it.o
    0x08000898   0x08000898   0x00000024   Code   RO         2652    i.DMA_CalcBaseAndBitshift  stm32f0xx_hal_dma.o
    0x080008bc   0x080008bc   0x00000028   Code   RO         2653    i.DMA_SetConfig     stm32f0xx_hal_dma.o
    0x080008e4   0x080008e4   0x00000004   Code   RO           12    i.Error_Handler     main.o
    0x080008e8   0x080008e8   0x0000001c   Code   RO         5226    i.GetUARTDevice     uart_device.o
    0x08000904   0x08000904   0x000000b8   Code   RO         1779    i.HAL_ADCEx_Calibration_Start  stm32f0xx_hal_adc_ex.o
    0x080009bc   0x080009bc   0x00000110   Code   RO         1610    i.HAL_ADC_ConfigChannel  stm32f0xx_hal_adc.o
    0x08000acc   0x08000acc   0x00000178   Code   RO         1619    i.HAL_ADC_Init      stm32f0xx_hal_adc.o
    0x08000c44   0x08000c44   0x00000058   Code   RO          344    i.HAL_ADC_MspInit   adc.o
    0x08000c9c   0x08000c9c   0x00000040   Code   RO         2654    i.HAL_DMA_Abort     stm32f0xx_hal_dma.o
    0x08000cdc   0x08000cdc   0x00000048   Code   RO         2655    i.HAL_DMA_Abort_IT  stm32f0xx_hal_dma.o
    0x08000d24   0x08000d24   0x0000004a   Code   RO         2656    i.HAL_DMA_DeInit    stm32f0xx_hal_dma.o
    0x08000d6e   0x08000d6e   0x00000004   Code   RO         2657    i.HAL_DMA_GetError  stm32f0xx_hal_dma.o
    0x08000d72   0x08000d72   0x0000009c   Code   RO         2659    i.HAL_DMA_IRQHandler  stm32f0xx_hal_dma.o
    0x08000e0e   0x08000e0e   0x00000002   PAD
    0x08000e10   0x08000e10   0x00000054   Code   RO         2660    i.HAL_DMA_Init      stm32f0xx_hal_dma.o
    0x08000e64   0x08000e64   0x0000006a   Code   RO         2664    i.HAL_DMA_Start_IT  stm32f0xx_hal_dma.o
    0x08000ece   0x08000ece   0x00000002   PAD
    0x08000ed0   0x08000ed0   0x000000d4   Code   RO         2590    i.HAL_GPIO_DeInit   stm32f0xx_hal_gpio.o
    0x08000fa4   0x08000fa4   0x000001a4   Code   RO         2593    i.HAL_GPIO_Init     stm32f0xx_hal_gpio.o
    0x08001148   0x08001148   0x0000000c   Code   RO         2597    i.HAL_GPIO_WritePin  stm32f0xx_hal_gpio.o
    0x08001154   0x08001154   0x0000000c   Code   RO         1935    i.HAL_GetTick       stm32f0xx_hal.o
    0x08001160   0x08001160   0x0000004a   Code   RO         2552    i.HAL_I2CEx_ConfigAnalogFilter  stm32f0xx_hal_i2c_ex.o
    0x080011aa   0x080011aa   0x00000048   Code   RO         2553    i.HAL_I2CEx_ConfigDigitalFilter  stm32f0xx_hal_i2c_ex.o
    0x080011f2   0x080011f2   0x00000002   PAD
    0x080011f4   0x080011f4   0x000000b4   Code   RO         2095    i.HAL_I2C_Init      stm32f0xx_hal_i2c.o
    0x080012a8   0x080012a8   0x00000110   Code   RO         2101    i.HAL_I2C_Master_Receive  stm32f0xx_hal_i2c.o
    0x080013b8   0x080013b8   0x00000110   Code   RO         2108    i.HAL_I2C_Master_Transmit  stm32f0xx_hal_i2c.o
    0x080014c8   0x080014c8   0x00000064   Code   RO          402    i.HAL_I2C_MspInit   i2c.o
    0x0800152c   0x0800152c   0x00000010   Code   RO         1941    i.HAL_IncTick       stm32f0xx_hal.o
    0x0800153c   0x0800153c   0x00000020   Code   RO         1942    i.HAL_Init          stm32f0xx_hal.o
    0x0800155c   0x0800155c   0x0000009c   Code   RO          601    i.HAL_InitTick      stm32f0xx_hal_timebase_tim.o
    0x080015f8   0x080015f8   0x00000030   Code   RO          581    i.HAL_MspInit       stm32f0xx_hal_msp.o
    0x08001628   0x08001628   0x00000020   Code   RO         2749    i.HAL_NVIC_DisableIRQ  stm32f0xx_hal_cortex.o
    0x08001648   0x08001648   0x00000018   Code   RO         2750    i.HAL_NVIC_EnableIRQ  stm32f0xx_hal_cortex.o
    0x08001660   0x08001660   0x00000008   Code   RO         2754    i.HAL_NVIC_SetPriority  stm32f0xx_hal_cortex.o
    0x08001668   0x08001668   0x000000e8   Code   RO         1896    i.HAL_RCCEx_PeriphCLKConfig  stm32f0xx_hal_rcc_ex.o
    0x08001750   0x08001750   0x00000108   Code   RO         1800    i.HAL_RCC_ClockConfig  stm32f0xx_hal_rcc.o
    0x08001858   0x08001858   0x00000038   Code   RO         1804    i.HAL_RCC_GetClockConfig  stm32f0xx_hal_rcc.o
    0x08001890   0x08001890   0x00000020   Code   RO         1807    i.HAL_RCC_GetPCLK1Freq  stm32f0xx_hal_rcc.o
    0x080018b0   0x080018b0   0x0000004c   Code   RO         1808    i.HAL_RCC_GetSysClockFreq  stm32f0xx_hal_rcc.o
    0x080018fc   0x080018fc   0x00000388   Code   RO         1811    i.HAL_RCC_OscConfig  stm32f0xx_hal_rcc.o
    0x08001c84   0x08001c84   0x00000002   Code   RO         1340    i.HAL_TIMEx_BreakCallback  stm32f0xx_hal_tim_ex.o
    0x08001c86   0x08001c86   0x00000002   Code   RO         1341    i.HAL_TIMEx_CommutCallback  stm32f0xx_hal_tim_ex.o
    0x08001c88   0x08001c88   0x0000005c   Code   RO         1359    i.HAL_TIMEx_MasterConfigSynchronization  stm32f0xx_hal_tim_ex.o
    0x08001ce4   0x08001ce4   0x00000048   Code   RO          638    i.HAL_TIM_Base_Init  stm32f0xx_hal_tim.o
    0x08001d2c   0x08001d2c   0x00000024   Code   RO          440    i.HAL_TIM_Base_MspInit  tim.o
    0x08001d50   0x08001d50   0x00000050   Code   RO          643    i.HAL_TIM_Base_Start_IT  stm32f0xx_hal_tim.o
    0x08001da0   0x08001da0   0x000000dc   Code   RO          647    i.HAL_TIM_ConfigClockSource  stm32f0xx_hal_tim.o
    0x08001e7c   0x08001e7c   0x00000002   Code   RO          672    i.HAL_TIM_IC_CaptureCallback  stm32f0xx_hal_tim.o
    0x08001e7e   0x08001e7e   0x00000162   Code   RO          686    i.HAL_TIM_IRQHandler  stm32f0xx_hal_tim.o
    0x08001fe0   0x08001fe0   0x00000050   Code   RO          441    i.HAL_TIM_MspPostInit  tim.o
    0x08002030   0x08002030   0x00000002   Code   RO          689    i.HAL_TIM_OC_DelayElapsedCallback  stm32f0xx_hal_tim.o
    0x08002032   0x08002032   0x000000d0   Code   RO          710    i.HAL_TIM_PWM_ConfigChannel  stm32f0xx_hal_tim.o
    0x08002102   0x08002102   0x00000048   Code   RO          713    i.HAL_TIM_PWM_Init  stm32f0xx_hal_tim.o
    0x0800214a   0x0800214a   0x00000002   Code   RO          715    i.HAL_TIM_PWM_MspInit  stm32f0xx_hal_tim.o
    0x0800214c   0x0800214c   0x00000002   Code   RO          716    i.HAL_TIM_PWM_PulseFinishedCallback  stm32f0xx_hal_tim.o
    0x0800214e   0x0800214e   0x00000002   PAD
    0x08002150   0x08002150   0x000000a8   Code   RO          718    i.HAL_TIM_PWM_Start  stm32f0xx_hal_tim.o
    0x080021f8   0x080021f8   0x00000014   Code   RO           13    i.HAL_TIM_PeriodElapsedCallback  main.o
    0x0800220c   0x0800220c   0x00000002   Code   RO          729    i.HAL_TIM_TriggerCallback  stm32f0xx_hal_tim.o
    0x0800220e   0x0800220e   0x00000002   Code   RO         3197    i.HAL_UARTEx_RxEventCallback  stm32f0xx_hal_uart.o
    0x08002210   0x08002210   0x0000009a   Code   RO         3209    i.HAL_UART_DMAStop  stm32f0xx_hal_uart.o
    0x080022aa   0x080022aa   0x00000042   Code   RO         3210    i.HAL_UART_DeInit   stm32f0xx_hal_uart.o
    0x080022ec   0x080022ec   0x00000030   Code   RO         5227    i.HAL_UART_ErrorCallback  uart_device.o
    0x0800231c   0x0800231c   0x00000294   Code   RO         3216    i.HAL_UART_IRQHandler  stm32f0xx_hal_uart.o
    0x080025b0   0x080025b0   0x0000006a   Code   RO         3217    i.HAL_UART_Init     stm32f0xx_hal_uart.o
    0x0800261a   0x0800261a   0x00000002   PAD
    0x0800261c   0x0800261c   0x00000060   Code   RO          483    i.HAL_UART_MspDeInit  usart.o
    0x0800267c   0x0800267c   0x00000100   Code   RO          484    i.HAL_UART_MspInit  usart.o
    0x0800277c   0x0800277c   0x00000058   Code   RO         3221    i.HAL_UART_Receive_DMA  stm32f0xx_hal_uart.o
    0x080027d4   0x080027d4   0x00000058   Code   RO         3222    i.HAL_UART_Receive_IT  stm32f0xx_hal_uart.o
    0x0800282c   0x0800282c   0x00000030   Code   RO         5228    i.HAL_UART_RxCpltCallback  uart_device.o
    0x0800285c   0x0800285c   0x00000002   Code   RO         3225    i.HAL_UART_RxHalfCpltCallback  stm32f0xx_hal_uart.o
    0x0800285e   0x0800285e   0x00000002   PAD
    0x08002860   0x08002860   0x00000078   Code   RO         3228    i.HAL_UART_Transmit_IT  stm32f0xx_hal_uart.o
    0x080028d8   0x080028d8   0x00000028   Code   RO         5229    i.HAL_UART_TxCpltCallback  uart_device.o
    0x08002900   0x08002900   0x00000064   Code   RO          226    i.Handle_UART_Idle  freertos.o
    0x08002964   0x08002964   0x00000002   Code   RO          528    i.HardFault_Handler  stm32f0xx_it.o
    0x08002966   0x08002966   0x00000022   Code   RO         2142    i.I2C_Flush_TXDR    stm32f0xx_hal_i2c.o
    0x08002988   0x08002988   0x00000110   Code   RO         2150    i.I2C_IsErrorOccurred  stm32f0xx_hal_i2c.o
    0x08002a98   0x08002a98   0x0000002c   Code   RO         2159    i.I2C_TransferConfig  stm32f0xx_hal_i2c.o
    0x08002ac4   0x08002ac4   0x00000062   Code   RO         2161    i.I2C_WaitOnFlagUntilTimeout  stm32f0xx_hal_i2c.o
    0x08002b26   0x08002b26   0x00000002   PAD
    0x08002b28   0x08002b28   0x0000009c   Code   RO         2162    i.I2C_WaitOnRXNEFlagUntilTimeout  stm32f0xx_hal_i2c.o
    0x08002bc4   0x08002bc4   0x00000056   Code   RO         2163    i.I2C_WaitOnSTOPFlagUntilTimeout  stm32f0xx_hal_i2c.o
    0x08002c1a   0x08002c1a   0x0000005a   Code   RO         2164    i.I2C_WaitOnTXISFlagUntilTimeout  stm32f0xx_hal_i2c.o
    0x08002c74   0x08002c74   0x0000007c   Code   RO          345    i.MX_ADC_Init       adc.o
    0x08002cf0   0x08002cf0   0x00000028   Code   RO          381    i.MX_DMA_Init       dma.o
    0x08002d18   0x08002d18   0x00000048   Code   RO          227    i.MX_FREERTOS_Init  freertos.o
    0x08002d60   0x08002d60   0x00000080   Code   RO          204    i.MX_GPIO_Init      gpio.o
    0x08002de0   0x08002de0   0x00000058   Code   RO          403    i.MX_I2C1_Init      i2c.o
    0x08002e38   0x08002e38   0x000000c4   Code   RO          442    i.MX_TIM3_Init      tim.o
    0x08002efc   0x08002efc   0x00000038   Code   RO          485    i.MX_USART1_UART_Init  usart.o
    0x08002f34   0x08002f34   0x00000038   Code   RO          486    i.MX_USART5_UART_Init  usart.o
    0x08002f6c   0x08002f6c   0x00000002   Code   RO          529    i.NMI_Handler       stm32f0xx_it.o
    0x08002f6e   0x08002f6e   0x00000002   PAD
    0x08002f70   0x08002f70   0x000000c4   Code   RO          228    i.Parse_Sensor_Data  freertos.o
    0x08003034   0x08003034   0x00000002   Code   RO         5160    i.SVC_Handler       port.o
    0x08003036   0x08003036   0x00000002   PAD
    0x08003038   0x08003038   0x0000003c   Code   RO          229    i.Sensor_Parsing_Task  freertos.o
    0x08003074   0x08003074   0x00000230   Code   RO          230    i.StartDefaultTask  freertos.o
    0x080032a4   0x080032a4   0x0000002c   Code   RO          231    i.Start_DMA_Reception  freertos.o
    0x080032d0   0x080032d0   0x00000024   Code   RO         5161    i.SysTick_Handler   port.o
    0x080032f4   0x080032f4   0x0000007e   Code   RO           14    i.SystemClock_Config  main.o
    0x08003372   0x08003372   0x00000002   Code   RO         3620    i.SystemInit        system_stm32f0xx.o
    0x08003374   0x08003374   0x00000010   Code   RO          530    i.TIM16_IRQHandler  stm32f0xx_it.o
    0x08003384   0x08003384   0x00000088   Code   RO          731    i.TIM_Base_SetConfig  stm32f0xx_hal_tim.o
    0x0800340c   0x0800340c   0x0000001a   Code   RO          732    i.TIM_CCxChannelCmd  stm32f0xx_hal_tim.o
    0x08003426   0x08003426   0x00000016   Code   RO          742    i.TIM_ETR_SetConfig  stm32f0xx_hal_tim.o
    0x0800343c   0x0800343c   0x00000010   Code   RO          743    i.TIM_ITRx_SetConfig  stm32f0xx_hal_tim.o
    0x0800344c   0x0800344c   0x00000088   Code   RO          744    i.TIM_OC1_SetConfig  stm32f0xx_hal_tim.o
    0x080034d4   0x080034d4   0x00000080   Code   RO          745    i.TIM_OC2_SetConfig  stm32f0xx_hal_tim.o
    0x08003554   0x08003554   0x00000084   Code   RO          746    i.TIM_OC3_SetConfig  stm32f0xx_hal_tim.o
    0x080035d8   0x080035d8   0x0000006c   Code   RO          747    i.TIM_OC4_SetConfig  stm32f0xx_hal_tim.o
    0x08003644   0x08003644   0x00000022   Code   RO          749    i.TIM_TI1_ConfigInputStage  stm32f0xx_hal_tim.o
    0x08003666   0x08003666   0x00000026   Code   RO          751    i.TIM_TI2_ConfigInputStage  stm32f0xx_hal_tim.o
    0x0800368c   0x0800368c   0x000000ca   Code   RO         3231    i.UART_AdvFeatureConfig  stm32f0xx_hal_uart.o
    0x08003756   0x08003756   0x00000002   PAD
    0x08003758   0x08003758   0x000000c4   Code   RO         3232    i.UART_CheckIdleState  stm32f0xx_hal_uart.o
    0x0800381c   0x0800381c   0x00000014   Code   RO         3233    i.UART_DMAAbortOnError  stm32f0xx_hal_uart.o
    0x08003830   0x08003830   0x0000004c   Code   RO         3234    i.UART_DMAError     stm32f0xx_hal_uart.o
    0x0800387c   0x0800387c   0x00000098   Code   RO         3235    i.UART_DMAReceiveCplt  stm32f0xx_hal_uart.o
    0x08003914   0x08003914   0x00000020   Code   RO         3237    i.UART_DMARxHalfCplt  stm32f0xx_hal_uart.o
    0x08003934   0x08003934   0x00000060   Code   RO         3243    i.UART_EndRxTransfer  stm32f0xx_hal_uart.o
    0x08003994   0x08003994   0x00000020   Code   RO         3244    i.UART_EndTxTransfer  stm32f0xx_hal_uart.o
    0x080039b4   0x080039b4   0x000000ce   Code   RO         3245    i.UART_RxISR_16BIT  stm32f0xx_hal_uart.o
    0x08003a82   0x08003a82   0x000000ce   Code   RO         3246    i.UART_RxISR_8BIT   stm32f0xx_hal_uart.o
    0x08003b50   0x08003b50   0x00000158   Code   RO         3247    i.UART_SetConfig    stm32f0xx_hal_uart.o
    0x08003ca8   0x08003ca8   0x000000ac   Code   RO         3248    i.UART_Start_Receive_DMA  stm32f0xx_hal_uart.o
    0x08003d54   0x08003d54   0x000000c8   Code   RO         3249    i.UART_Start_Receive_IT  stm32f0xx_hal_uart.o
    0x08003e1c   0x08003e1c   0x0000005e   Code   RO         3250    i.UART_TxISR_16BIT  stm32f0xx_hal_uart.o
    0x08003e7a   0x08003e7a   0x0000005a   Code   RO         3251    i.UART_TxISR_8BIT   stm32f0xx_hal_uart.o
    0x08003ed4   0x08003ed4   0x0000008a   Code   RO         3252    i.UART_WaitOnFlagUntilTimeout  stm32f0xx_hal_uart.o
    0x08003f5e   0x08003f5e   0x00000002   PAD
    0x08003f60   0x08003f60   0x00000010   Code   RO          531    i.USART1_IRQHandler  stm32f0xx_it.o
    0x08003f70   0x08003f70   0x00000024   Code   RO          532    i.USART3_6_IRQHandler  stm32f0xx_it.o
    0x08003f94   0x08003f94   0x00000030   Code   RO         1886    i.__ARM_common_ll_muluu  stm32f0xx_hal_rcc.o
    0x08003fc4   0x08003fc4   0x0000001a   Code   RO         1332    i.__ARM_common_switch8  stm32f0xx_hal_tim.o
    0x08003fde   0x08003fde   0x00000002   PAD
    0x08003fe0   0x08003fe0   0x00000044   Code   RO         2760    i.__NVIC_SetPriority  stm32f0xx_hal_cortex.o
    0x08004024   0x08004024   0x00000024   Code   RO         5314    i._modbus_init_common  modbus.o
    0x08004048   0x08004048   0x000001b8   Code   RO         5315    i._modbus_receive_msg  modbus.o
    0x08004200   0x08004200   0x00000022   Code   RO         5667    i._modbus_rtu_build_request_basis  modbus-st-rtu.o
    0x08004222   0x08004222   0x0000000c   Code   RO         5668    i._modbus_rtu_build_response_basis  modbus-st-rtu.o
    0x0800422e   0x0800422e   0x00000002   PAD
    0x08004230   0x08004230   0x00000058   Code   RO         5669    i._modbus_rtu_check_integrity  modbus-st-rtu.o
    0x08004288   0x08004288   0x00000002   Code   RO         5670    i._modbus_rtu_close  modbus-st-rtu.o
    0x0800428a   0x0800428a   0x0000001e   Code   RO         5671    i._modbus_rtu_connect  modbus-st-rtu.o
    0x080042a8   0x080042a8   0x00000008   Code   RO         5672    i._modbus_rtu_flush  modbus-st-rtu.o
    0x080042b0   0x080042b0   0x0000001e   Code   RO         5673    i._modbus_rtu_free  modbus-st-rtu.o
    0x080042ce   0x080042ce   0x00000004   Code   RO         5674    i._modbus_rtu_is_connected  modbus-st-rtu.o
    0x080042d2   0x080042d2   0x00000002   PAD
    0x080042d4   0x080042d4   0x00000024   Code   RO         5675    i._modbus_rtu_pre_check_confirmation  modbus-st-rtu.o
    0x080042f8   0x080042f8   0x0000000a   Code   RO         5676    i._modbus_rtu_prepare_response_tid  modbus-st-rtu.o
    0x08004302   0x08004302   0x00000026   Code   RO         5677    i._modbus_rtu_receive  modbus-st-rtu.o
    0x08004328   0x08004328   0x00000024   Code   RO         5678    i._modbus_rtu_recv  modbus-st-rtu.o
    0x0800434c   0x0800434c   0x00000004   Code   RO         5679    i._modbus_rtu_select  modbus-st-rtu.o
    0x08004350   0x08004350   0x00000028   Code   RO         5680    i._modbus_rtu_send  modbus-st-rtu.o
    0x08004378   0x08004378   0x0000001a   Code   RO         5681    i._modbus_rtu_send_msg_pre  modbus-st-rtu.o
    0x08004392   0x08004392   0x00000002   PAD
    0x08004394   0x08004394   0x0000002c   Code   RO         5682    i._modbus_set_slave  modbus-st-rtu.o
    0x080043c0   0x080043c0   0x0000001e   Code   RO         5316    i._sleep_response_timeout  modbus.o
    0x080043de   0x080043de   0x00000002   PAD
    0x080043e0   0x080043e0   0x0000003c   Code   RO          232    i.adc_sensorTask    freertos.o
    0x0800441c   0x0800441c   0x00000030   Code   RO         5683    i.crc16             modbus-st-rtu.o
    0x0800444c   0x0800444c   0x00000044   Code   RO           15    i.main              main.o
    0x08004490   0x08004490   0x0000000c   Code   RO         5319    i.modbus_close      modbus.o
    0x0800449c   0x0800449c   0x0000001c   Code   RO         5320    i.modbus_connect    modbus.o
    0x080044b8   0x080044b8   0x0000001c   Code   RO         5323    i.modbus_flush      modbus.o
    0x080044d4   0x080044d4   0x0000000c   Code   RO         5324    i.modbus_free       modbus.o
    0x080044e0   0x080044e0   0x000000c4   Code   RO         5333    i.modbus_mapping_new_start_address  modbus.o
    0x080045a4   0x080045a4   0x000000ac   Code   RO         5684    i.modbus_new_st_rtu  modbus-st-rtu.o
    0x08004650   0x08004650   0x0000001c   Code   RO         5339    i.modbus_receive    modbus.o
    0x0800466c   0x0800466c   0x000006ec   Code   RO         5341    i.modbus_reply      modbus.o
    0x08004d58   0x08004d58   0x0000003c   Code   RO         5787    i.modbus_set_bits_from_bytes  modbus-data.o
    0x08004d94   0x08004d94   0x0000001c   Code   RO         5350    i.modbus_set_slave  modbus.o
    0x08004db0   0x08004db0   0x00000034   Code   RO         4709    i.osKernelInitialize  cmsis_os2.o
    0x08004de4   0x08004de4   0x0000003c   Code   RO         4712    i.osKernelStart     cmsis_os2.o
    0x08004e20   0x08004e20   0x000000b4   Code   RO         4746    i.osThreadNew       cmsis_os2.o
    0x08004ed4   0x08004ed4   0x00000058   Code   RO         4204    i.prvAddCurrentTaskToDelayedList  tasks.o
    0x08004f2c   0x08004f2c   0x000000bc   Code   RO         4205    i.prvAddNewTaskToReadyList  tasks.o
    0x08004fe8   0x08004fe8   0x0000005c   Code   RO         4554    i.prvCheckForValidListAndQueue  timers.o
    0x08005044   0x08005044   0x00000026   Code   RO         3810    i.prvCopyDataFromQueue  queue.o
    0x0800506a   0x0800506a   0x00000070   Code   RO         3811    i.prvCopyDataToQueue  queue.o
    0x080050da   0x080050da   0x00000026   Code   RO         4206    i.prvDeleteTCB      tasks.o
    0x08005100   0x08005100   0x00000044   Code   RO         5110    i.prvHeapInit       heap_4.o
    0x08005144   0x08005144   0x0000004c   Code   RO         4207    i.prvIdleTask       tasks.o
    0x08005190   0x08005190   0x00000018   Code   RO         3812    i.prvInitialiseMutex  queue.o
    0x080051a8   0x080051a8   0x00000022   Code   RO         3813    i.prvInitialiseNewQueue  queue.o
    0x080051ca   0x080051ca   0x00000088   Code   RO         4208    i.prvInitialiseNewTask  tasks.o
    0x08005252   0x08005252   0x00000002   PAD
    0x08005254   0x08005254   0x0000004c   Code   RO         5111    i.prvInsertBlockIntoFreeList  heap_4.o
    0x080052a0   0x080052a0   0x00000038   Code   RO         4556    i.prvInsertTimerInActiveList  timers.o
    0x080052d8   0x080052d8   0x0000001c   Code   RO         3814    i.prvIsQueueEmpty   queue.o
    0x080052f4   0x080052f4   0x000000bc   Code   RO         4557    i.prvProcessReceivedCommands  timers.o
    0x080053b0   0x080053b0   0x0000009c   Code   RO         4558    i.prvProcessTimerOrBlockTask  timers.o
    0x0800544c   0x0800544c   0x00000020   Code   RO         4210    i.prvResetNextTaskUnblockTime  tasks.o
    0x0800546c   0x0800546c   0x00000028   Code   RO         4559    i.prvSampleTimeNow  timers.o
    0x08005494   0x08005494   0x00000060   Code   RO         4560    i.prvSwitchTimerLists  timers.o
    0x080054f4   0x080054f4   0x00000014   Code   RO         5162    i.prvTaskExitError  port.o
    0x08005508   0x08005508   0x00000024   Code   RO         4561    i.prvTimerTask      timers.o
    0x0800552c   0x0800552c   0x00000070   Code   RO         3815    i.prvUnlockQueue    queue.o
    0x0800559c   0x0800559c   0x000000b0   Code   RO         5112    i.pvPortMalloc      heap_4.o
    0x0800564c   0x0800564c   0x00000018   Code   RO         4213    i.pvTaskIncrementMutexHeldCount  tasks.o
    0x08005664   0x08005664   0x00000020   Code   RO         5163    i.pxPortInitialiseStack  port.o
    0x08005684   0x08005684   0x00000032   Code   RO         5360    i.response_exception  modbus.o
    0x080056b6   0x080056b6   0x00000002   PAD
    0x080056b8   0x080056b8   0x0000009c   Code   RO         5361    i.send_msg          modbus.o
    0x08005754   0x08005754   0x0000001c   Code   RO         5230    i.stm32_uart_flush  uart_device.o
    0x08005770   0x08005770   0x0000003c   Code   RO         5231    i.stm32_uart_init   uart_device.o
    0x080057ac   0x080057ac   0x00000018   Code   RO         5232    i.stm32_uart_recv   uart_device.o
    0x080057c4   0x080057c4   0x00000044   Code   RO         5233    i.stm32_uart_send   uart_device.o
    0x08005808   0x08005808   0x00000026   Code   RO         3773    i.uxListRemove      list.o
    0x0800582e   0x0800582e   0x00000002   PAD
    0x08005830   0x08005830   0x00000018   Code   RO         4758    i.vApplicationGetIdleTaskMemory  cmsis_os2.o
    0x08005848   0x08005848   0x00000018   Code   RO         4759    i.vApplicationGetTimerTaskMemory  cmsis_os2.o
    0x08005860   0x08005860   0x00000016   Code   RO         3774    i.vListInitialise   list.o
    0x08005876   0x08005876   0x00000006   Code   RO         3775    i.vListInitialiseItem  list.o
    0x0800587c   0x0800587c   0x00000030   Code   RO         3776    i.vListInsert       list.o
    0x080058ac   0x080058ac   0x00000018   Code   RO         3777    i.vListInsertEnd    list.o
    0x080058c4   0x080058c4   0x00000018   Code   RO         5165    i.vPortEnterCritical  port.o
    0x080058dc   0x080058dc   0x0000001c   Code   RO         5166    i.vPortExitCritical  port.o
    0x080058f8   0x080058f8   0x00000044   Code   RO         5113    i.vPortFree         heap_4.o
    0x0800593c   0x0800593c   0x00000018   Code   RO         5167    i.vPortYield        port.o
    0x08005954   0x08005954   0x00000024   Code   RO         3821    i.vQueueAddToRegistry  queue.o
    0x08005978   0x08005978   0x00000044   Code   RO         3825    i.vQueueWaitForMessageRestricted  queue.o
    0x080059bc   0x080059bc   0x00000030   Code   RO         4222    i.vTaskDelay        tasks.o
    0x080059ec   0x080059ec   0x00000078   Code   RO         4224    i.vTaskDelete       tasks.o
    0x08005a64   0x08005a64   0x00000010   Code   RO         4227    i.vTaskInternalSetTimeOutState  tasks.o
    0x08005a74   0x08005a74   0x0000000c   Code   RO         4228    i.vTaskMissedYield  tasks.o
    0x08005a80   0x08005a80   0x00000024   Code   RO         4230    i.vTaskPlaceOnEventList  tasks.o
    0x08005aa4   0x08005aa4   0x00000030   Code   RO         4231    i.vTaskPlaceOnEventListRestricted  tasks.o
    0x08005ad4   0x08005ad4   0x00000070   Code   RO         4233    i.vTaskPriorityDisinheritAfterTimeout  tasks.o
    0x08005b44   0x08005b44   0x00000068   Code   RO         4239    i.vTaskStartScheduler  tasks.o
    0x08005bac   0x08005bac   0x00000010   Code   RO         4241    i.vTaskSuspendAll   tasks.o
    0x08005bbc   0x08005bbc   0x00000058   Code   RO         4242    i.vTaskSwitchContext  tasks.o
    0x08005c14   0x08005c14   0x00000050   Code   RO         5168    i.xPortStartScheduler  port.o
    0x08005c64   0x08005c64   0x00000016   Code   RO         3828    i.xQueueCreateMutex  queue.o
    0x08005c7a   0x08005c7a   0x0000003c   Code   RO         3830    i.xQueueGenericCreate  queue.o
    0x08005cb6   0x08005cb6   0x00000040   Code   RO         3831    i.xQueueGenericCreateStatic  queue.o
    0x08005cf6   0x08005cf6   0x0000006c   Code   RO         3832    i.xQueueGenericReset  queue.o
    0x08005d62   0x08005d62   0x00000118   Code   RO         3833    i.xQueueGenericSend  queue.o
    0x08005e7a   0x08005e7a   0x0000008c   Code   RO         3834    i.xQueueGenericSendFromISR  queue.o
    0x08005f06   0x08005f06   0x00000074   Code   RO         3837    i.xQueueGiveFromISR  queue.o
    0x08005f7a   0x08005f7a   0x00000102   Code   RO         3843    i.xQueueReceive     queue.o
    0x0800607c   0x0800607c   0x00000078   Code   RO         3844    i.xQueueReceiveFromISR  queue.o
    0x080060f4   0x080060f4   0x00000140   Code   RO         3845    i.xQueueSemaphoreTake  queue.o
    0x08006234   0x08006234   0x0000005c   Code   RO         4243    i.xTaskCheckForTimeOut  tasks.o
    0x08006290   0x08006290   0x00000052   Code   RO         4244    i.xTaskCreate       tasks.o
    0x080062e2   0x080062e2   0x00000044   Code   RO         4245    i.xTaskCreateStatic  tasks.o
    0x08006326   0x08006326   0x00000002   PAD
    0x08006328   0x08006328   0x00000020   Code   RO         4249    i.xTaskGetSchedulerState  tasks.o
    0x08006348   0x08006348   0x0000000c   Code   RO         4250    i.xTaskGetTickCount  tasks.o
    0x08006354   0x08006354   0x000000bc   Code   RO         4252    i.xTaskIncrementTick  tasks.o
    0x08006410   0x08006410   0x00000068   Code   RO         4255    i.xTaskPriorityDisinherit  tasks.o
    0x08006478   0x08006478   0x00000078   Code   RO         4256    i.xTaskPriorityInherit  tasks.o
    0x080064f0   0x080064f0   0x00000064   Code   RO         4257    i.xTaskRemoveFromEventList  tasks.o
    0x08006554   0x08006554   0x000000b0   Code   RO         4258    i.xTaskResumeAll    tasks.o
    0x08006604   0x08006604   0x00000058   Code   RO         4568    i.xTimerCreateTimerTask  timers.o
    0x0800665c   0x0800665c   0x00000054   Code   RO         4569    i.xTimerGenericCommand  timers.o
    0x080066b0   0x080066b0   0x00000024   Data   RO          234    .constdata          freertos.o
    0x080066d4   0x080066d4   0x00000020   Data   RO         1812    .constdata          stm32f0xx_hal_rcc.o
    0x080066f4   0x080066f4   0x00000010   Data   RO         3621    .constdata          system_stm32f0xx.o
    0x08006704   0x08006704   0x00000008   Data   RO         3622    .constdata          system_stm32f0xx.o
    0x0800670c   0x0800670c   0x00000250   Data   RO         5685    .constdata          modbus-st-rtu.o
    0x0800695c   0x0800695c   0x0000000c   Data   RO          235    .conststring        freertos.o
    0x08006968   0x08006968   0x00000006   Data   RO         5234    .conststring        uart_device.o
    0x0800696e   0x0800696e   0x00000002   PAD
    0x08006970   0x08006970   0x0000009d   Data   RO         5367    .conststring        modbus.o
    0x08006a0d   0x08006a0d   0x00000003   PAD
    0x08006a10   0x08006a10   0x00000020   Data   RO         6077    Region$$Table       anon$$obj.o


    Execution Region RW_IRAM1 (Exec base: 0x20000000, Load base: 0x08006a30, Size: 0x000042d8, Max: 0x00008000, ABSOLUTE)

    Exec Addr    Load Addr    Size         Type   Attr      Idx    E Section Name        Object

    0x20000000   0x08006a30   0x00000018   Data   RW          236    .data               freertos.o
    0x20000018   0x08006a48   0x0000000c   Data   RW         1949    .data               stm32f0xx_hal.o
    0x20000024   0x08006a54   0x00000004   Data   RW         3623    .data               system_stm32f0xx.o
    0x20000028   0x08006a58   0x0000003c   Data   RW         4261    .data               tasks.o
    0x20000064   0x08006a94   0x00000014   Data   RW         4577    .data               timers.o
    0x20000078   0x08006aa8   0x00000004   Data   RW         4761    .data               cmsis_os2.o
    0x2000007c   0x08006aac   0x00000018   Data   RW         5118    .data               heap_4.o
    0x20000094   0x08006ac4   0x00000004   Data   RW         5169    .data               port.o
    0x20000098   0x08006ac8   0x00000018   Data   RW         5235    .data               uart_device.o
    0x200000b0   0x08006ae0   0x0000001c   Data   RW         5236    .data               uart_device.o
    0x200000cc   0x08006afc   0x00000004   Data   RW         5307    .data               errno.o
    0x200000d0        -       0x0000005a   Zero   RW          233    .bss                freertos.o
    0x2000012a   0x08006b00   0x00000002   PAD
    0x2000012c        -       0x00000040   Zero   RW          346    .bss                adc.o
    0x2000016c        -       0x00000054   Zero   RW          404    .bss                i2c.o
    0x200001c0        -       0x00000048   Zero   RW          443    .bss                tim.o
    0x20000208        -       0x00000154   Zero   RW          487    .bss                usart.o
    0x2000035c        -       0x00000048   Zero   RW          604    .bss                stm32f0xx_hal_timebase_tim.o
    0x200003a4        -       0x00000040   Zero   RW         3847    .bss                queue.o
    0x200003e4        -       0x000004c4   Zero   RW         4260    .bss                tasks.o
    0x200008a8        -       0x00000118   Zero   RW         4576    .bss                timers.o
    0x200009c0        -       0x00000cb8   Zero   RW         4760    .bss                cmsis_os2.o
    0x20001678        -       0x00002000   Zero   RW         5117    .bss                heap_4.o
    0x20003678        -       0x00000060   Zero   RW         5965    .bss                c_p.l(libspace.o)
    0x200036d8        -       0x00000400   Zero   RW            2    HEAP                startup_stm32f030xc.o
    0x20003ad8        -       0x00000800   Zero   RW            1    STACK               startup_stm32f030xc.o


==============================================================================

Image component sizes


      Code (inc. data)   RO Data    RW Data    ZI Data      Debug   Object Name

       212         18          0          0         64       1579   adc.o
       340         28          0          4       3256      12036   cmsis_os2.o
        40          4          0          0          0        690   dma.o
         0          0          0          4          0        220   errno.o
         0          0          0          0          0      12496   event_groups.o
      1330        128         48         24         90      23279   freertos.o
       128         10          0          0          0        823   gpio.o
       388         22          0         24       8192       4019   heap_4.o
       188         24          0          0         84       1525   i2c.o
       138          0          0          0          0       3202   list.o
       218          8          0          0          0     318548   main.o
        60          0          0          0          0       1357   modbus-data.o
       662         50        592          0          0      19613   modbus-st-rtu.o
      2816        656        157          0          0      22584   modbus.o
       366         58          0          4          0       6592   port.o
      1940          4          0          0         64      18099   queue.o
        56         26        184          0       3072        612   startup_stm32f030xc.o
        60         16          0         12          0       6666   stm32f0xx_hal.o
       648         28          0          0          0       2539   stm32f0xx_hal_adc.o
       184          0          0          0          0       1338   stm32f0xx_hal_adc_ex.o
       132         20          0          0          0      10082   stm32f0xx_hal_cortex.o
       636         16          0          0          0       6394   stm32f0xx_hal_dma.o
       644         44          0          0          0       2866   stm32f0xx_hal_gpio.o
      1504         40          0          0          0      10902   stm32f0xx_hal_i2c.o
       146          0          0          0          0       1823   stm32f0xx_hal_i2c_ex.o
        48          4          0          0          0        774   stm32f0xx_hal_msp.o
      1380         70         32          0          0       5070   stm32f0xx_hal_rcc.o
       232         14          0          0          0       1308   stm32f0xx_hal_rcc_ex.o
      1986        126          0          0          0      15378   stm32f0xx_hal_tim.o
        96         14          0          0          0       2281   stm32f0xx_hal_tim_ex.o
       156         24          0          0         72       1392   stm32f0xx_hal_timebase_tim.o
      3542         90          0          0          0      29032   stm32f0xx_hal_uart.o
        88         22          0          0          0       2550   stm32f0xx_it.o
         0          0          0          0          0       8968   stream_buffer.o
         2          0         24          4          0       1039   system_stm32f0xx.o
      2156        186          0         60       1220      23335   tasks.o
       312         26          0          0         72       2192   tim.o
       836         74          0         20        280       8827   timers.o
       344         30          6         52          0       6392   uart_device.o
       464         58          0          0        340       2775   usart.o

    ----------------------------------------------------------------------
     24520       1938       1080        208      16808     601197   Object Totals
         0          0         32          0          0          0   (incl. Generated)
        42          0          5          0          2          0   (incl. Padding)

    ----------------------------------------------------------------------

      Code (inc. data)   RO Data    RW Data    ZI Data      Debug   Library Member Name

         8          0          0          0          0         68   __main.o
         0          0          0          0          0          0   __rtentry.o
        12          0          0          0          0          0   __rtentry2.o
         6          0          0          0          0          0   __rtentry4.o
        60          8          0          0          0          0   __scatter.o
        26          0          0          0          0          0   __scatter_copy.o
        28          0          0          0          0          0   __scatter_zi.o
        20          0          0          0          0         68   abort.o
        18          0          0          0          0         68   aeabi_memset.o
       346          0          0          0          0         92   aeabi_sdiv.o
        48         34          0          0          0         68   defsig_abrt_inner.o
        12          0          0          0          0         68   defsig_abrt_outer.o
        12          0          0          0          0         68   defsig_exit.o
        52          0          0          0          0         72   defsig_general.o
        16          0          0          0          0         68   exit.o
         6          0          0          0          0        136   heapauxi.o
         0          0          0          0          0          0   indicate_semi.o
         2          0          0          0          0          0   libinit.o
         2          0          0          0          0          0   libinit2.o
         2          0          0          0          0          0   libshutdown.o
         2          0          0          0          0          0   libshutdown2.o
         8          4          0          0         96         68   libspace.o
       258          0          0          0          0         88   lludiv.o
        64          0          0          0          0        108   rt_memclr.o
       186          0          0          0          0        144   rt_memcpy.o
         2          0          0          0          0          0   rtexit.o
        10          0          0          0          0          0   rtexit2.o
       136          4          0          0          0         72   strcmp.o
        76          6          0          0          0         72   strcpy.o
        68          6          0          0          0         72   strlen.o
        12          4          0          0          0         60   sys_exit.o
        62          0          0          0          0         80   sys_stackheap_outer.o
        12          0          0          0          0         68   sys_wrch.o
         2          0          0          0          0         68   use_no_semi.o

    ----------------------------------------------------------------------
      1584         66          0          0         96       1676   Library Totals
        10          0          0          0          0          0   (incl. Padding)

    ----------------------------------------------------------------------

      Code (inc. data)   RO Data    RW Data    ZI Data      Debug   Library Name

      1574         66          0          0         96       1676   c_p.l

    ----------------------------------------------------------------------
      1584         66          0          0         96       1676   Library Totals

    ----------------------------------------------------------------------

==============================================================================


      Code (inc. data)   RO Data    RW Data    ZI Data      Debug   

     26104       2004       1080        208      16904     591537   Grand Totals
     26104       2004       1080        208      16904     591537   ELF Image Totals
     26104       2004       1080        208          0          0   ROM Totals

==============================================================================

    Total RO  Size (Code + RO Data)                27184 (  26.55kB)
    Total RW  Size (RW Data + ZI Data)             17112 (  16.71kB)
    Total ROM Size (Code + RO Data + RW Data)      27392 (  26.75kB)

==============================================================================

